Archive member included to satisfy reference by file (symbol)

C:/ST/STM32CubeIDE_1.19.0/STM32CubeIDE/plugins/com.st.stm32cube.ide.mcu.externaltools.gnu-tools-for-stm32.13.3.rel1.win32_1.0.0.202411081344/tools/bin/../lib/gcc/arm-none-eabi/13.3.1/../../../../arm-none-eabi/lib/thumb/v7e-m+fp/hard\libc_nano.a(libc_a-exit.o)
                              C:/ST/STM32CubeIDE_1.19.0/STM32CubeIDE/plugins/com.st.stm32cube.ide.mcu.externaltools.gnu-tools-for-stm32.13.3.rel1.win32_1.0.0.202411081344/tools/bin/../lib/gcc/arm-none-eabi/13.3.1/../../../../arm-none-eabi/lib/thumb/v7e-m+fp/hard/crt0.o (exit)
C:/ST/STM32CubeIDE_1.19.0/STM32CubeIDE/plugins/com.st.stm32cube.ide.mcu.externaltools.gnu-tools-for-stm32.13.3.rel1.win32_1.0.0.202411081344/tools/bin/../lib/gcc/arm-none-eabi/13.3.1/../../../../arm-none-eabi/lib/thumb/v7e-m+fp/hard\libc_nano.a(libc_a-findfp.o)
                              C:/ST/STM32CubeIDE_1.19.0/STM32CubeIDE/plugins/com.st.stm32cube.ide.mcu.externaltools.gnu-tools-for-stm32.13.3.rel1.win32_1.0.0.202411081344/tools/bin/../lib/gcc/arm-none-eabi/13.3.1/../../../../arm-none-eabi/lib/thumb/v7e-m+fp/hard\libc_nano.a(libc_a-exit.o) (__stdio_exit_handler)
C:/ST/STM32CubeIDE_1.19.0/STM32CubeIDE/plugins/com.st.stm32cube.ide.mcu.externaltools.gnu-tools-for-stm32.13.3.rel1.win32_1.0.0.202411081344/tools/bin/../lib/gcc/arm-none-eabi/13.3.1/../../../../arm-none-eabi/lib/thumb/v7e-m+fp/hard\libc_nano.a(libc_a-fwalk.o)
                              C:/ST/STM32CubeIDE_1.19.0/STM32CubeIDE/plugins/com.st.stm32cube.ide.mcu.externaltools.gnu-tools-for-stm32.13.3.rel1.win32_1.0.0.202411081344/tools/bin/../lib/gcc/arm-none-eabi/13.3.1/../../../../arm-none-eabi/lib/thumb/v7e-m+fp/hard\libc_nano.a(libc_a-findfp.o) (_fwalk_sglue)
C:/ST/STM32CubeIDE_1.19.0/STM32CubeIDE/plugins/com.st.stm32cube.ide.mcu.externaltools.gnu-tools-for-stm32.13.3.rel1.win32_1.0.0.202411081344/tools/bin/../lib/gcc/arm-none-eabi/13.3.1/../../../../arm-none-eabi/lib/thumb/v7e-m+fp/hard\libc_nano.a(libc_a-stdio.o)
                              C:/ST/STM32CubeIDE_1.19.0/STM32CubeIDE/plugins/com.st.stm32cube.ide.mcu.externaltools.gnu-tools-for-stm32.13.3.rel1.win32_1.0.0.202411081344/tools/bin/../lib/gcc/arm-none-eabi/13.3.1/../../../../arm-none-eabi/lib/thumb/v7e-m+fp/hard\libc_nano.a(libc_a-findfp.o) (__sread)
C:/ST/STM32CubeIDE_1.19.0/STM32CubeIDE/plugins/com.st.stm32cube.ide.mcu.externaltools.gnu-tools-for-stm32.13.3.rel1.win32_1.0.0.202411081344/tools/bin/../lib/gcc/arm-none-eabi/13.3.1/../../../../arm-none-eabi/lib/thumb/v7e-m+fp/hard\libc_nano.a(libc_a-memset.o)
                              C:/ST/STM32CubeIDE_1.19.0/STM32CubeIDE/plugins/com.st.stm32cube.ide.mcu.externaltools.gnu-tools-for-stm32.13.3.rel1.win32_1.0.0.202411081344/tools/bin/../lib/gcc/arm-none-eabi/13.3.1/../../../../arm-none-eabi/lib/thumb/v7e-m+fp/hard/crt0.o (memset)
C:/ST/STM32CubeIDE_1.19.0/STM32CubeIDE/plugins/com.st.stm32cube.ide.mcu.externaltools.gnu-tools-for-stm32.13.3.rel1.win32_1.0.0.202411081344/tools/bin/../lib/gcc/arm-none-eabi/13.3.1/../../../../arm-none-eabi/lib/thumb/v7e-m+fp/hard\libc_nano.a(libc_a-closer.o)
                              C:/ST/STM32CubeIDE_1.19.0/STM32CubeIDE/plugins/com.st.stm32cube.ide.mcu.externaltools.gnu-tools-for-stm32.13.3.rel1.win32_1.0.0.202411081344/tools/bin/../lib/gcc/arm-none-eabi/13.3.1/../../../../arm-none-eabi/lib/thumb/v7e-m+fp/hard\libc_nano.a(libc_a-stdio.o) (_close_r)
C:/ST/STM32CubeIDE_1.19.0/STM32CubeIDE/plugins/com.st.stm32cube.ide.mcu.externaltools.gnu-tools-for-stm32.13.3.rel1.win32_1.0.0.202411081344/tools/bin/../lib/gcc/arm-none-eabi/13.3.1/../../../../arm-none-eabi/lib/thumb/v7e-m+fp/hard\libc_nano.a(libc_a-reent.o)
                              C:/ST/STM32CubeIDE_1.19.0/STM32CubeIDE/plugins/com.st.stm32cube.ide.mcu.externaltools.gnu-tools-for-stm32.13.3.rel1.win32_1.0.0.202411081344/tools/bin/../lib/gcc/arm-none-eabi/13.3.1/../../../../arm-none-eabi/lib/thumb/v7e-m+fp/hard\libc_nano.a(libc_a-closer.o) (errno)
C:/ST/STM32CubeIDE_1.19.0/STM32CubeIDE/plugins/com.st.stm32cube.ide.mcu.externaltools.gnu-tools-for-stm32.13.3.rel1.win32_1.0.0.202411081344/tools/bin/../lib/gcc/arm-none-eabi/13.3.1/../../../../arm-none-eabi/lib/thumb/v7e-m+fp/hard\libc_nano.a(libc_a-impure.o)
                              C:/ST/STM32CubeIDE_1.19.0/STM32CubeIDE/plugins/com.st.stm32cube.ide.mcu.externaltools.gnu-tools-for-stm32.13.3.rel1.win32_1.0.0.202411081344/tools/bin/../lib/gcc/arm-none-eabi/13.3.1/../../../../arm-none-eabi/lib/thumb/v7e-m+fp/hard\libc_nano.a(libc_a-reent.o) (_impure_ptr)
C:/ST/STM32CubeIDE_1.19.0/STM32CubeIDE/plugins/com.st.stm32cube.ide.mcu.externaltools.gnu-tools-for-stm32.13.3.rel1.win32_1.0.0.202411081344/tools/bin/../lib/gcc/arm-none-eabi/13.3.1/../../../../arm-none-eabi/lib/thumb/v7e-m+fp/hard\libc_nano.a(libc_a-lseekr.o)
[...]
Memory Configuration

Name             Origin             Length             Attributes
RAM              0x20000000         0x00050000         xrw
FLASH            0x08000000         0x00180000         xr
*default*        0x00000000         0xffffffff

Linker script and memory map

LOAD C:/ST/STM32CubeIDE_1.19.0/STM32CubeIDE/plugins/com.st.stm32cube.ide.mcu.externaltools.gnu-tools-for-stm32.13.3.rel1.win32_1.0.0.202411081344/tools/bin/../lib/gcc/arm-none-eabi/13.3.1/thumb/v7e-m+fp/hard/crti.o
LOAD C:/ST/STM32CubeIDE_1.19.0/STM32CubeIDE/plugins/com.st.stm32cube.ide.mcu.externaltools.gnu-tools-for-stm32.13.3.rel1.win32_1.0.0.202411081344/tools/bin/../lib/gcc/arm-none-eabi/13.3.1/thumb/v7e-m+fp/hard/crtbegin.o
LOAD C:/ST/STM32CubeIDE_1.19.0/STM32CubeIDE/plugins/com.st.stm32cube.ide.mcu.externaltools.gnu-tools-for-stm32.13.3.rel1.win32_1.0.0.202411081344/tools/bin/../lib/gcc/arm-none-eabi/13.3.1/../../../../arm-none-eabi/lib/thumb/v7e-m+fp/hard/crt0.o
LOAD ./Core/Src/eeprom_25lc256.o
LOAD ./Core/Src/freertos.o
LOAD ./Core/Src/main.o
LOAD ./Core/Src/pmic_mp5475gu.o
LOAD ./Core/Src/stm32f4xx_hal_msp.o
LOAD ./Core/Src/stm32f4xx_it.o
LOAD ./Core/Src/syscalls.o
LOAD ./Core/Src/sysmem.o
LOAD ./Core/Src/system_stm32f4xx.o
LOAD ./Core/Src/tasks.o
LOAD ./Core/Startup/startup_stm32f413zhtx.o
LOAD ./Drivers/STM32F4xx_HAL_Driver/Src/stm32f4xx_hal.o
LOAD ./Drivers/STM32F4xx_HAL_Driver/Src/stm32f4xx_hal_adc.o
LOAD ./Drivers/STM32F4xx_HAL_Driver/Src/stm32f4xx_hal_adc_ex.o
LOAD ./Drivers/STM32F4xx_HAL_Driver/Src/stm32f4xx_hal_can.o
LOAD ./Drivers/STM32F4xx_HAL_Driver/Src/stm32f4xx_hal_cortex.o
LOAD ./Drivers/STM32F4xx_HAL_Driver/Src/stm32f4xx_hal_dma.o
LOAD ./Drivers/STM32F4xx_HAL_Driver/Src/stm32f4xx_hal_dma_ex.o
LOAD ./Drivers/STM32F4xx_HAL_Driver/Src/stm32f4xx_hal_exti.o
LOAD ./Drivers/STM32F4xx_HAL_Driver/Src/stm32f4xx_hal_flash.o
LOAD ./Drivers/STM32F4xx_HAL_Driver/Src/stm32f4xx_hal_flash_ex.o
LOAD ./Drivers/STM32F4xx_HAL_Driver/Src/stm32f4xx_hal_flash_ramfunc.o
LOAD ./Drivers/STM32F4xx_HAL_Driver/Src/stm32f4xx_hal_gpio.o
LOAD ./Drivers/STM32F4xx_HAL_Driver/Src/stm32f4xx_hal_i2c.o
LOAD ./Drivers/STM32F4xx_HAL_Driver/Src/stm32f4xx_hal_i2c_ex.o
LOAD ./Drivers/STM32F4xx_HAL_Driver/Src/stm32f4xx_hal_pwr.o
LOAD ./Drivers/STM32F4xx_HAL_Driver/Src/stm32f4xx_hal_pwr_ex.o
LOAD ./Drivers/STM32F4xx_HAL_Driver/Src/stm32f4xx_hal_rcc.o
LOAD ./Drivers/STM32F4xx_HAL_Driver/Src/stm32f4xx_hal_rcc_ex.o
LOAD ./Drivers/STM32F4xx_HAL_Driver/Src/stm32f4xx_hal_spi.o
LOAD ./Drivers/STM32F4xx_HAL_Driver/Src/stm32f4xx_hal_tim.o
LOAD ./Drivers/STM32F4xx_HAL_Driver/Src/stm32f4xx_hal_tim_ex.o
LOAD ./Drivers/STM32F4xx_HAL_Driver/Src/stm32f4xx_hal_uart.o
LOAD ./Drivers/STM32F4xx_HAL_Driver/Src/stm32f4xx_ll_adc.o
LOAD ./Middlewares/Third_Party/FreeRTOS/Source/CMSIS_RTOS_V2/cmsis_os2.o
LOAD ./Middlewares/Third_Party/FreeRTOS/Source/croutine.o
LOAD ./Middlewares/Third_Party/FreeRTOS/Source/event_groups.o
LOAD ./Middlewares/Third_Party/FreeRTOS/Source/list.o
LOAD ./Middlewares/Third_Party/FreeRTOS/Source/queue.o
LOAD ./Middlewares/Third_Party/FreeRTOS/Source/stream_buffer.o
LOAD ./Middlewares/Third_Party/FreeRTOS/Source/tasks.o
LOAD ./Middlewares/Third_Party/FreeRTOS/Source/timers.o
LOAD ./Middlewares/Third_Party/FreeRTOS/Source/portable/GCC/ARM_CM4F/port.o
LOAD ./Middlewares/Third_Party/FreeRTOS/Source/portable/MemMang/heap_4.o
START GROUP
LOAD C:/ST/STM32CubeIDE_1.19.0/STM32CubeIDE/plugins/com.st.stm32cube.ide.mcu.externaltools.gnu-tools-for-stm32.13.3.rel1.win32_1.0.0.202411081344/tools/bin/../lib/gcc/arm-none-eabi/13.3.1/../../../../arm-none-eabi/lib/thumb/v7e-m+fp/hard\libc_nano.a
LOAD C:/ST/STM32CubeIDE_1.19.0/STM32CubeIDE/plugins/com.st.stm32cube.ide.mcu.externaltools.gnu-tools-for-stm32.13.3.rel1.win32_1.0.0.202411081344/tools/bin/../lib/gcc/arm-none-eabi/13.3.1/../../../../arm-none-eabi/lib/thumb/v7e-m+fp/hard\libm.a
END GROUP
START GROUP
LOAD C:/ST/STM32CubeIDE_1.19.0/STM32CubeIDE/plugins/com.st.stm32cube.ide.mcu.externaltools.gnu-tools-for-stm32.13.3.rel1.win32_1.0.0.202411081344/tools/bin/../lib/gcc/arm-none-eabi/13.3.1/thumb/v7e-m+fp/hard\libgcc.a
LOAD C:/ST/STM32CubeIDE_1.19.0/STM32CubeIDE/plugins/com.st.stm32cube.ide.mcu.externaltools.gnu-tools-for-stm32.13.3.rel1.win32_1.0.0.202411081344/tools/bin/../lib/gcc/arm-none-eabi/13.3.1/../../../../arm-none-eabi/lib/thumb/v7e-m+fp/hard\libc_nano.a
END GROUP
START GROUP
LOAD C:/ST/STM32CubeIDE_1.19.0/STM32CubeIDE/plugins/com.st.stm32cube.ide.mcu.externaltools.gnu-tools-for-stm32.13.3.rel1.win32_1.0.0.202411081344/tools/bin/../lib/gcc/arm-none-eabi/13.3.1/thumb/v7e-m+fp/hard\libgcc.a
LOAD C:/ST/STM32CubeIDE_1.19.0/STM32CubeIDE/plugins/com.st.stm32cube.ide.mcu.externaltools.gnu-tools-for-stm32.13.3.rel1.win32_1.0.0.202411081344/tools/bin/../lib/gcc/arm-none-eabi/13.3.1/../../../../arm-none-eabi/lib/thumb/v7e-m+fp/hard\libc_nano.a
LOAD C:/ST/STM32CubeIDE_1.19.0/STM32CubeIDE/plugins/com.st.stm32cube.ide.mcu.externaltools.gnu-tools-for-stm32.13.3.rel1.win32_1.0.0.202411081344/tools/bin/../lib/gcc/arm-none-eabi/13.3.1/../../../../arm-none-eabi/lib/thumb/v7e-m+fp/hard\libnosys.a
END GROUP
START GROUP
LOAD C:/ST/STM32CubeIDE_1.19.0/STM32CubeIDE/plugins/com.st.stm32cube.ide.mcu.externaltools.gnu-tools-for-stm32.13.3.rel1.win32_1.0.0.202411081344/tools/bin/../lib/gcc/arm-none-eabi/13.3.1/thumb/v7e-m+fp/hard\libgcc.a
LOAD C:/ST/STM32CubeIDE_1.19.0/STM32CubeIDE/plugins/com.st.stm32cube.ide.mcu.externaltools.gnu-tools-for-stm32.13.3.rel1.win32_1.0.0.202411081344/tools/bin/../lib/gcc/arm-none-eabi/13.3.1/../../../../arm-none-eabi/lib/thumb/v7e-m+fp/hard\libc_nano.a
LOAD C:/ST/STM32CubeIDE_1.19.0/STM32CubeIDE/plugins/com.st.stm32cube.ide.mcu.externaltools.gnu-tools-for-stm32.13.3.rel1.win32_1.0.0.202411081344/tools/bin/../lib/gcc/arm-none-eabi/13.3.1/../../../../arm-none-eabi/lib/thumb/v7e-m+fp/hard\libnosys.a
END GROUP
LOAD C:/ST/STM32CubeIDE_1.19.0/STM32CubeIDE/plugins/com.st.stm32cube.ide.mcu.externaltools.gnu-tools-for-stm32.13.3.rel1.win32_1.0.0.202411081344/tools/bin/../lib/gcc/arm-none-eabi/13.3.1/thumb/v7e-m+fp/hard/crtend.o
LOAD C:/ST/STM32CubeIDE_1.19.0/STM32CubeIDE/plugins/com.st.stm32cube.ide.mcu.externaltools.gnu-tools-for-stm32.13.3.rel1.win32_1.0.0.202411081344/tools/bin/../lib/gcc/arm-none-eabi/13.3.1/thumb/v7e-m+fp/hard/crtn.o
                0x20050000                        _estack = (ORIGIN (RAM) + LENGTH (RAM))
                0x00000200                        _Min_Heap_Size = 0x200
                0x00000400                        _Min_Stack_Size = 0x400

.isr_vector     0x08000000      0x1d8
                0x08000000                        . = ALIGN (0x4)
 *(.isr_vector)
 .isr_vector    0x08000000      0x1d8 ./Core/Startup/startup_stm32f413zhtx.o
                0x08000000                g_pfnVectors
                0x080001d8                        . = ALIGN (0x4)

.text           0x080001e0     0xac34
                0x080001e0                        . = ALIGN (0x4)
 *(.text)
 .text          0x080001e0       0x40 C:/ST/STM32CubeIDE_1.19.0/STM32CubeIDE/plugins/com.st.stm32cube.ide.mcu.externaltools.gnu-tools-for-stm32.13.3.rel1.win32_1.0.0.202411081344/tools/bin/../lib/gcc/arm-none-eabi/13.3.1/thumb/v7e-m+fp/hard/crtbegin.o
 .text          0x08000220       0x30 C:/ST/STM32CubeIDE_1.19.0/STM32CubeIDE/plugins/com.st.stm32cube.ide.mcu.externaltools.gnu-tools-for-stm32.13.3.rel1.win32_1.0.0.202411081344/tools/bin/../lib/gcc/arm-none-eabi/13.3.1/thumb/v7e-m+fp/hard\libgcc.a(_aeabi_uldivmod.o)
                0x08000220                __aeabi_uldivmod
 .text          0x08000250      0x2f8 C:/ST/STM32CubeIDE_1.19.0/STM32CubeIDE/plugins/com.st.stm32cube.ide.mcu.externaltools.gnu-tools-for-stm32.13.3.rel1.win32_1.0.0.202411081344/tools/bin/../lib/gcc/arm-none-eabi/13.3.1/thumb/v7e-m+fp/hard\libgcc.a(_udivmoddi4.o)
                0x08000250                __udivmoddi4
 .text          0x08000548        0x4 C:/ST/STM32CubeIDE_1.19.0/STM32CubeIDE/plugins/com.st.stm32cube.ide.mcu.externaltools.gnu-tools-for-stm32.13.3.rel1.win32_1.0.0.202411081344/tools/bin/../lib/gcc/arm-none-eabi/13.3.1/thumb/v7e-m+fp/hard\libgcc.a(_dvmd_tls.o)
                0x08000548                __aeabi_idiv0
                0x08000548                __aeabi_ldiv0
 *(.text*)
 .text.EEPROM_Init
                0x0800054c       0x28 ./Core/Src/eeprom_25lc256.o
                0x0800054c                EEPROM_Init
 .text.main     0x08000574      0x114 ./Core/Src/main.o
                0x08000574                main
 .text.SystemClock_Config
                0x08000688       0xbc ./Core/Src/main.o
                0x08000688                SystemClock_Config
 .text.MX_ADC1_Init
                0x08000744       0xa4 ./Core/Src/main.o
 .text.MX_CAN1_Init
                0x080007e8       0x68 ./Core/Src/main.o
 .text.MX_I2C1_Init
                0x08000850       0x5c ./Core/Src/main.o
 .text.MX_I2C2_Init
                0x080008ac       0x5c ./Core/Src/main.o
 .text.MX_SPI1_Init
                0x08000908       0x6c ./Core/Src/main.o
 .text.MX_SPI2_Init
                0x08000974       0x6c ./Core/Src/main.o
 .text.MX_UART4_Init
                0x080009e0       0x54 ./Core/Src/main.o
 .text.MX_DMA_Init
                0x08000a34       0xcc ./Core/Src/main.o
 .text.MX_GPIO_Init
                0x08000b00       0xf4 ./Core/Src/main.o
 .text.Error_Handler
                0x08000bf4        0xc ./Core/Src/main.o
                0x08000bf4                Error_Handler
 .text.PMIC_Init
                0x08000c00       0x28 ./Core/Src/pmic_mp5475gu.o
                0x08000c00                PMIC_Init
 .text.PMIC_Read_Faults_DMA
                0x08000c28       0x54 ./Core/Src/pmic_mp5475gu.o
                0x08000c28                PMIC_Read_Faults_DMA
 .text.HAL_MspInit
                0x08000c7c       0x58 ./Core/Src/stm32f4xx_hal_msp.o
                0x08000c7c                HAL_MspInit
 .text.HAL_ADC_MspInit
                0x08000cd4       0x88 ./Core/Src/stm32f4xx_hal_msp.o
                0x08000cd4                HAL_ADC_MspInit
 .text.HAL_CAN_MspInit
                0x08000d5c       0xb0 ./Core/Src/stm32f4xx_hal_msp.o
                0x08000d5c                HAL_CAN_MspInit
 .text.HAL_I2C_MspInit
                0x08000e0c      0x2c4 ./Core/Src/stm32f4xx_hal_msp.o
                0x08000e0c                HAL_I2C_MspInit
 .text.HAL_SPI_MspInit
                0x080010d0      0x2f4 ./Core/Src/stm32f4xx_hal_msp.o
                0x080010d0                HAL_SPI_MspInit
 .text.HAL_UART_MspInit
                0x080013c4       0xc0 ./Core/Src/stm32f4xx_hal_msp.o
                0x080013c4                HAL_UART_MspInit
 .text.NMI_Handler
                0x08001484        0x8 ./Core/Src/stm32f4xx_it.o
                0x08001484                NMI_Handler
 .text.HardFault_Handler
                0x0800148c        0x8 ./Core/Src/stm32f4xx_it.o
                0x0800148c                HardFault_Handler
 .text.MemManage_Handler
                0x08001494        0x8 ./Core/Src/stm32f4xx_it.o
                0x08001494                MemManage_Handler
 .text.BusFault_Handler
                0x0800149c        0x8 ./Core/Src/stm32f4xx_it.o
                0x0800149c                BusFault_Handler
 .text.UsageFault_Handler
                0x080014a4        0x8 ./Core/Src/stm32f4xx_it.o
                0x080014a4                UsageFault_Handler
 .text.DebugMon_Handler
                0x080014ac        0xe ./Core/Src/stm32f4xx_it.o
                0x080014ac                DebugMon_Handler
 .text.SysTick_Handler
                0x080014ba       0x1a ./Core/Src/stm32f4xx_it.o
                0x080014ba                SysTick_Handler
 .text.DMA1_Stream0_IRQHandler
                0x080014d4       0x14 ./Core/Src/stm32f4xx_it.o
                0x080014d4                DMA1_Stream0_IRQHandler
 .text.DMA1_Stream2_IRQHandler
                0x080014e8       0x14 ./Core/Src/stm32f4xx_it.o
                0x080014e8                DMA1_Stream2_IRQHandler
 .text.DMA1_Stream3_IRQHandler
                0x080014fc       0x14 ./Core/Src/stm32f4xx_it.o
                0x080014fc                DMA1_Stream3_IRQHandler
 .text.DMA1_Stream4_IRQHandler
                0x08001510       0x14 ./Core/Src/stm32f4xx_it.o
                0x08001510                DMA1_Stream4_IRQHandler
 .text.DMA1_Stream6_IRQHandler
                0x08001524       0x14 ./Core/Src/stm32f4xx_it.o
                0x08001524                DMA1_Stream6_IRQHandler
 .text.CAN1_TX_IRQHandler
                0x08001538       0x14 ./Core/Src/stm32f4xx_it.o
                0x08001538                CAN1_TX_IRQHandler
 .text.CAN1_RX0_IRQHandler
                0x0800154c       0x14 ./Core/Src/stm32f4xx_it.o
                0x0800154c                CAN1_RX0_IRQHandler
 .text.I2C1_EV_IRQHandler
                0x08001560       0x14 ./Core/Src/stm32f4xx_it.o
                0x08001560                I2C1_EV_IRQHandler
 .text.I2C1_ER_IRQHandler
                0x08001574       0x14 ./Core/Src/stm32f4xx_it.o
                0x08001574                I2C1_ER_IRQHandler
 .text.I2C2_EV_IRQHandler
                0x08001588       0x14 ./Core/Src/stm32f4xx_it.o
                0x08001588                I2C2_EV_IRQHandler
 .text.SPI1_IRQHandler
                0x0800159c       0x14 ./Core/Src/stm32f4xx_it.o
                0x0800159c                SPI1_IRQHandler
 .text.SPI2_IRQHandler
                0x080015b0       0x14 ./Core/Src/stm32f4xx_it.o
                0x080015b0                SPI2_IRQHandler
 .text.DMA1_Stream7_IRQHandler
                0x080015c4       0x14 ./Core/Src/stm32f4xx_it.o
                0x080015c4                DMA1_Stream7_IRQHandler
 .text.UART4_IRQHandler
                0x080015d8       0x14 ./Core/Src/stm32f4xx_it.o
                0x080015d8                UART4_IRQHandler
 .text.DMA2_Stream0_IRQHandler
                0x080015ec       0x14 ./Core/Src/stm32f4xx_it.o
                0x080015ec                DMA2_Stream0_IRQHandler
 .text.DMA2_Stream3_IRQHandler
                0x08001600       0x14 ./Core/Src/stm32f4xx_it.o
                0x08001600                DMA2_Stream3_IRQHandler
 .text.HAL_I2C_MemRxCpltCallback
                0x08001614       0x2c ./Core/Src/stm32f4xx_it.o
                0x08001614                HAL_I2C_MemRxCpltCallback
 .text.SystemInit
                0x08001640       0x24 ./Core/Src/system_stm32f4xx.o
                0x08001640                SystemInit
 .text.StartI2CTask
                0x08001664      0x260 ./Core/Src/tasks.o
                0x08001664                StartI2CTask
 .text.StartSPITask
                0x080018c4       0x24 ./Core/Src/tasks.o
                0x080018c4                StartSPITask
 .text.StartCANTask
                0x080018e8       0x12 ./Core/Src/tasks.o
                0x080018e8                StartCANTask
 .text.StartUARTTask
                0x080018fa       0x12 ./Core/Src/tasks.o
                0x080018fa                StartUARTTask
 .text.StartDefaultTask
                0x0800190c       0x12 ./Core/Src/tasks.o
                0x0800190c                StartDefaultTask
 *fill*         0x0800191e        0x2 
 .text.Reset_Handler
                0x08001920       0x50 ./Core/Startup/startup_stm32f413zhtx.o
                0x08001920                Reset_Handler
 .text.Default_Handler
                0x08001970        0x2 ./Core/Startup/startup_stm32f413zhtx.o
                0x08001970                RTC_Alarm_IRQHandler
                0x08001970                EXTI2_IRQHandler
                0x08001970                TIM8_CC_IRQHandler
                0x08001970                UART8_IRQHandler
                0x08001970                FMPI2C1_EV_IRQHandler
                0x08001970                SPI4_IRQHandler
                0x08001970                TIM1_CC_IRQHandler
                0x08001970                DMA2_Stream5_IRQHandler
                0x08001970                DMA1_Stream5_IRQHandler
                0x08001970                CAN3_RX1_IRQHandler
                0x08001970                PVD_IRQHandler
                0x08001970                SDIO_IRQHandler
                0x08001970                TAMP_STAMP_IRQHandler
                0x08001970                CAN2_RX1_IRQHandler
                0x08001970                EXTI3_IRQHandler
                0x08001970                TIM8_TRG_COM_TIM14_IRQHandler
                0x08001970                DFSDM1_FLT1_IRQHandler
                0x08001970                TIM1_UP_TIM10_IRQHandler
                0x08001970                TIM8_UP_TIM13_IRQHandler
                0x08001970                I2C3_ER_IRQHandler
                0x08001970                EXTI0_IRQHandler
                0x08001970                FPU_IRQHandler
                0x08001970                CAN3_SCE_IRQHandler
                0x08001970                CAN2_SCE_IRQHandler
                0x08001970                DMA2_Stream2_IRQHandler
                0x08001970                TIM6_DAC_IRQHandler
                0x08001970                TIM1_BRK_TIM9_IRQHandler
                0x08001970                CAN2_RX0_IRQHandler
                0x08001970                USART6_IRQHandler
                0x08001970                CAN3_RX0_IRQHandler
                0x08001970                USART3_IRQHandler
                0x08001970                DFSDM2_FLT3_IRQHandler
                0x08001970                CAN1_RX1_IRQHandler
                0x08001970                UART5_IRQHandler
                0x08001970                TIM4_IRQHandler
                0x08001970                QUADSPI_IRQHandler
                0x08001970                DMA1_Stream1_IRQHandler
                0x08001970                TIM3_IRQHandler
                0x08001970                RCC_IRQHandler
                0x08001970                UART9_IRQHandler
                0x08001970                TIM8_BRK_TIM12_IRQHandler
                0x08001970                Default_Handler
                0x08001970                EXTI15_10_IRQHandler
                0x08001970                ADC_IRQHandler
                0x08001970                DFSDM2_FLT0_IRQHandler
                0x08001970                SPI5_IRQHandler
                0x08001970                TIM7_IRQHandler
                0x08001970                CAN2_TX_IRQHandler
                0x08001970                TIM5_IRQHandler
                0x08001970                DMA2_Stream7_IRQHandler
                0x08001970                I2C3_EV_IRQHandler
                0x08001970                DFSDM2_FLT2_IRQHandler
                0x08001970                EXTI9_5_IRQHandler
                0x08001970                RTC_WKUP_IRQHandler
                0x08001970                FMPI2C1_ER_IRQHandler
                0x08001970                EXTI4_IRQHandler
                0x08001970                DFSDM2_FLT1_IRQHandler
                0x08001970                RNG_IRQHandler
                0x08001970                FSMC_IRQHandler
                0x08001970                WWDG_IRQHandler
                0x08001970                CAN3_TX_IRQHandler
                0x08001970                TIM2_IRQHandler
                0x08001970                OTG_FS_WKUP_IRQHandler
                0x08001970                TIM1_TRG_COM_TIM11_IRQHandler
                0x08001970                EXTI1_IRQHandler
                0x08001970                UART7_IRQHandler
                0x08001970                USART2_IRQHandler
                0x08001970                DFSDM1_FLT0_IRQHandler
                0x08001970                I2C2_ER_IRQHandler
                0x08001970                DMA2_Stream1_IRQHandler
                0x08001970                CAN1_SCE_IRQHandler
                0x08001970                FLASH_IRQHandler
                0x08001970                DMA2_Stream4_IRQHandler
                0x08001970                USART1_IRQHandler
                0x08001970                OTG_FS_IRQHandler
                0x08001970                SPI3_IRQHandler
                0x08001970                LPTIM1_IRQHandler
                0x08001970                DMA2_Stream6_IRQHandler
                0x08001970                UART10_IRQHandler
                0x08001970                SAI1_IRQHandler
 *fill*         0x08001972        0x2 
 .text.HAL_Init
                0x08001974       0x44 ./Drivers/STM32F4xx_HAL_Driver/Src/stm32f4xx_hal.o
                0x08001974                HAL_Init
 .text.HAL_InitTick
                0x080019b8       0x60 ./Drivers/STM32F4xx_HAL_Driver/Src/stm32f4xx_hal.o
                0x080019b8                HAL_InitTick
 .text.HAL_IncTick
                0x08001a18       0x28 ./Drivers/STM32F4xx_HAL_Driver/Src/stm32f4xx_hal.o
                0x08001a18                HAL_IncTick
 .text.HAL_GetTick
                0x08001a40       0x18 ./Drivers/STM32F4xx_HAL_Driver/Src/stm32f4xx_hal.o
                0x08001a40                HAL_GetTick
 .text.HAL_ADC_Init
                0x08001a58       0x86 ./Drivers/STM32F4xx_HAL_Driver/Src/stm32f4xx_hal_adc.o
                0x08001a58                HAL_ADC_Init
 *fill*         0x08001ade        0x2 
 .text.HAL_ADC_ConfigChannel
                0x08001ae0      0x264 ./Drivers/STM32F4xx_HAL_Driver/Src/stm32f4xx_hal_adc.o
                0x08001ae0                HAL_ADC_ConfigChannel
 .text.ADC_Init
                0x08001d44      0x1f8 ./Drivers/STM32F4xx_HAL_Driver/Src/stm32f4xx_hal_adc.o
 .text.HAL_CAN_Init
                0x08001f3c      0x1f6 ./Drivers/STM32F4xx_HAL_Driver/Src/stm32f4xx_hal_can.o
                0x08001f3c                HAL_CAN_Init
 .text.HAL_CAN_IRQHandler
                0x08002132      0x36e ./Drivers/STM32F4xx_HAL_Driver/Src/stm32f4xx_hal_can.o
                0x08002132                HAL_CAN_IRQHandler
 .text.HAL_CAN_TxMailbox0CompleteCallback
                0x080024a0       0x14 ./Drivers/STM32F4xx_HAL_Driver/Src/stm32f4xx_hal_can.o
                0x080024a0                HAL_CAN_TxMailbox0CompleteCallback
 .text.HAL_CAN_TxMailbox1CompleteCallback
                0x080024b4       0x14 ./Drivers/STM32F4xx_HAL_Driver/Src/stm32f4xx_hal_can.o
                0x080024b4                HAL_CAN_TxMailbox1CompleteCallback
 .text.HAL_CAN_TxMailbox2CompleteCallback
                0x080024c8       0x14 ./Drivers/STM32F4xx_HAL_Driver/Src/stm32f4xx_hal_can.o
                0x080024c8                HAL_CAN_TxMailbox2CompleteCallback
 .text.HAL_CAN_TxMailbox0AbortCallback
                0x080024dc       0x14 ./Drivers/STM32F4xx_HAL_Driver/Src/stm32f4xx_hal_can.o
                0x080024dc                HAL_CAN_TxMailbox0AbortCallback
 .text.HAL_CAN_TxMailbox1AbortCallback
                0x080024f0       0x14 ./Drivers/STM32F4xx_HAL_Driver/Src/stm32f4xx_hal_can.o
                0x080024f0                HAL_CAN_TxMailbox1AbortCallback
 .text.HAL_CAN_TxMailbox2AbortCallback
                0x08002504       0x14 ./Drivers/STM32F4xx_HAL_Driver/Src/stm32f4xx_hal_can.o
                0x08002504                HAL_CAN_TxMailbox2AbortCallback
 .text.HAL_CAN_RxFifo0MsgPendingCallback
                0x08002518       0x14 ./Drivers/STM32F4xx_HAL_Driver/Src/stm32f4xx_hal_can.o
                0x08002518                HAL_CAN_RxFifo0MsgPendingCallback
 .text.HAL_CAN_RxFifo0FullCallback
                0x0800252c       0x14 ./Drivers/STM32F4xx_HAL_Driver/Src/stm32f4xx_hal_can.o
                0x0800252c                HAL_CAN_RxFifo0FullCallback
 .text.HAL_CAN_RxFifo1MsgPendingCallback
                0x08002540       0x14 ./Drivers/STM32F4xx_HAL_Driver/Src/stm32f4xx_hal_can.o
                0x08002540                HAL_CAN_RxFifo1MsgPendingCallback
 .text.HAL_CAN_RxFifo1FullCallback
                0x08002554       0x14 ./Drivers/STM32F4xx_HAL_Driver/Src/stm32f4xx_hal_can.o
                0x08002554                HAL_CAN_RxFifo1FullCallback
 .text.HAL_CAN_SleepCallback
                0x08002568       0x14 ./Drivers/STM32F4xx_HAL_Driver/Src/stm32f4xx_hal_can.o
                0x08002568                HAL_CAN_SleepCallback
 .text.HAL_CAN_WakeUpFromRxMsgCallback
                0x0800257c       0x14 ./Drivers/STM32F4xx_HAL_Driver/Src/stm32f4xx_hal_can.o
                0x0800257c                HAL_CAN_WakeUpFromRxMsgCallback
 .text.HAL_CAN_ErrorCallback
                0x08002590       0x14 ./Drivers/STM32F4xx_HAL_Driver/Src/stm32f4xx_hal_can.o
                0x08002590                HAL_CAN_ErrorCallback
 .text.__NVIC_SetPriorityGrouping
                0x080025a4       0x48 ./Drivers/STM32F4xx_HAL_Driver/Src/stm32f4xx_hal_cortex.o
 .text.__NVIC_GetPriorityGrouping
                0x080025ec       0x1c ./Drivers/STM32F4xx_HAL_Driver/Src/stm32f4xx_hal_cortex.o
 .text.__NVIC_EnableIRQ
                0x08002608       0x3c ./Drivers/STM32F4xx_HAL_Driver/Src/stm32f4xx_hal_cortex.o
 .text.__NVIC_SetPriority
                0x08002644       0x54 ./Drivers/STM32F4xx_HAL_Driver/Src/stm32f4xx_hal_cortex.o
 .text.NVIC_EncodePriority
                0x08002698       0x66 ./Drivers/STM32F4xx_HAL_Driver/Src/stm32f4xx_hal_cortex.o
 *fill*         0x080026fe        0x2 
 .text.SysTick_Config
                0x08002700       0x44 ./Drivers/STM32F4xx_HAL_Driver/Src/stm32f4xx_hal_cortex.o
 .text.HAL_NVIC_SetPriorityGrouping
                0x08002744       0x16 ./Drivers/STM32F4xx_HAL_Driver/Src/stm32f4xx_hal_cortex.o
                0x08002744                HAL_NVIC_SetPriorityGrouping
 .text.HAL_NVIC_SetPriority
                0x0800275a       0x38 ./Drivers/STM32F4xx_HAL_Driver/Src/stm32f4xx_hal_cortex.o
                0x0800275a                HAL_NVIC_SetPriority
 .text.HAL_NVIC_EnableIRQ
                0x08002792       0x1c ./Drivers/STM32F4xx_HAL_Driver/Src/stm32f4xx_hal_cortex.o
                0x08002792                HAL_NVIC_EnableIRQ
 .text.HAL_SYSTICK_Config
                0x080027ae       0x18 ./Drivers/STM32F4xx_HAL_Driver/Src/stm32f4xx_hal_cortex.o
                0x080027ae                HAL_SYSTICK_Config
 *fill*         0x080027c6        0x2 
 .text.HAL_DMA_Init
                0x080027c8      0x15c ./Drivers/STM32F4xx_HAL_Driver/Src/stm32f4xx_hal_dma.o
                0x080027c8                HAL_DMA_Init
 .text.HAL_DMA_Start_IT
                0x08002924       0xb0 ./Drivers/STM32F4xx_HAL_Driver/Src/stm32f4xx_hal_dma.o
                0x08002924                HAL_DMA_Start_IT
 .text.HAL_DMA_Abort
                0x080029d4       0xe0 ./Drivers/STM32F4xx_HAL_Driver/Src/stm32f4xx_hal_dma.o
                0x080029d4                HAL_DMA_Abort
 .text.HAL_DMA_Abort_IT
                0x08002ab4       0x44 ./Drivers/STM32F4xx_HAL_Driver/Src/stm32f4xx_hal_dma.o
                0x08002ab4                HAL_DMA_Abort_IT
 .text.HAL_DMA_IRQHandler
                0x08002af8      0x314 ./Drivers/STM32F4xx_HAL_Driver/Src/stm32f4xx_hal_dma.o
                0x08002af8                HAL_DMA_IRQHandler
 .text.HAL_DMA_GetState
                0x08002e0c       0x1c ./Drivers/STM32F4xx_HAL_Driver/Src/stm32f4xx_hal_dma.o
                0x08002e0c                HAL_DMA_GetState
 .text.HAL_DMA_GetError
                0x08002e28       0x18 ./Drivers/STM32F4xx_HAL_Driver/Src/stm32f4xx_hal_dma.o
                0x08002e28                HAL_DMA_GetError
 .text.DMA_SetConfig
                0x08002e40       0x5c ./Drivers/STM32F4xx_HAL_Driver/Src/stm32f4xx_hal_dma.o
 .text.DMA_CalcBaseAndBitshift
                0x08002e9c       0x6c ./Drivers/STM32F4xx_HAL_Driver/Src/stm32f4xx_hal_dma.o
 .text.DMA_CheckFifoParam
                0x08002f08       0xf8 ./Drivers/STM32F4xx_HAL_Driver/Src/stm32f4xx_hal_dma.o
 .text.HAL_GPIO_Init
                0x08003000      0x328 ./Drivers/STM32F4xx_HAL_Driver/Src/stm32f4xx_hal_gpio.o
                0x08003000                HAL_GPIO_Init
 .text.HAL_GPIO_WritePin
                0x08003328       0x32 ./Drivers/STM32F4xx_HAL_Driver/Src/stm32f4xx_hal_gpio.o
                0x08003328                HAL_GPIO_WritePin
 *fill*         0x0800335a        0x2 
 .text.HAL_I2C_Init
                0x0800335c      0x288 ./Drivers/STM32F4xx_HAL_Driver/Src/stm32f4xx_hal_i2c.o
                0x0800335c                HAL_I2C_Init
 .text.HAL_I2C_Mem_Read_DMA
                0x080035e4      0x328 ./Drivers/STM32F4xx_HAL_Driver/Src/stm32f4xx_hal_i2c.o
                0x080035e4                HAL_I2C_Mem_Read_DMA
 .text.HAL_I2C_EV_IRQHandler
                0x0800390c      0x2e2 ./Drivers/STM32F4xx_HAL_Driver/Src/stm32f4xx_hal_i2c.o
                0x0800390c                HAL_I2C_EV_IRQHandler
 .text.HAL_I2C_ER_IRQHandler
                0x08003bee      0x14e ./Drivers/STM32F4xx_HAL_Driver/Src/stm32f4xx_hal_i2c.o
                0x08003bee                HAL_I2C_ER_IRQHandler
 .text.HAL_I2C_MasterTxCpltCallback
                0x08003d3c       0x14 ./Drivers/STM32F4xx_HAL_Driver/Src/stm32f4xx_hal_i2c.o
                0x08003d3c                HAL_I2C_MasterTxCpltCallback
 .text.HAL_I2C_MasterRxCpltCallback
                0x08003d50       0x14 ./Drivers/STM32F4xx_HAL_Driver/Src/stm32f4xx_hal_i2c.o
                0x08003d50                HAL_I2C_MasterRxCpltCallback
 .text.HAL_I2C_SlaveTxCpltCallback
                0x08003d64       0x14 ./Drivers/STM32F4xx_HAL_Driver/Src/stm32f4xx_hal_i2c.o
                0x08003d64                HAL_I2C_SlaveTxCpltCallback
 .text.HAL_I2C_SlaveRxCpltCallback
                0x08003d78       0x14 ./Drivers/STM32F4xx_HAL_Driver/Src/stm32f4xx_hal_i2c.o
                0x08003d78                HAL_I2C_SlaveRxCpltCallback
 .text.HAL_I2C_AddrCallback
                0x08003d8c       0x1c ./Drivers/STM32F4xx_HAL_Driver/Src/stm32f4xx_hal_i2c.o
                0x08003d8c                HAL_I2C_AddrCallback
 .text.HAL_I2C_ListenCpltCallback
                0x08003da8       0x14 ./Drivers/STM32F4xx_HAL_Driver/Src/stm32f4xx_hal_i2c.o
                0x08003da8                HAL_I2C_ListenCpltCallback
 .text.HAL_I2C_MemTxCpltCallback
                0x08003dbc       0x14 ./Drivers/STM32F4xx_HAL_Driver/Src/stm32f4xx_hal_i2c.o
                0x08003dbc                HAL_I2C_MemTxCpltCallback
 .text.HAL_I2C_ErrorCallback
                0x08003dd0       0x14 ./Drivers/STM32F4xx_HAL_Driver/Src/stm32f4xx_hal_i2c.o
                0x08003dd0                HAL_I2C_ErrorCallback
 .text.HAL_I2C_AbortCpltCallback
                0x08003de4       0x14 ./Drivers/STM32F4xx_HAL_Driver/Src/stm32f4xx_hal_i2c.o
                0x08003de4                HAL_I2C_AbortCpltCallback
 .text.I2C_MasterTransmit_TXE
                0x08003df8      0x138 ./Drivers/STM32F4xx_HAL_Driver/Src/stm32f4xx_hal_i2c.o
 .text.I2C_MasterTransmit_BTF
                0x08003f30       0xec ./Drivers/STM32F4xx_HAL_Driver/Src/stm32f4xx_hal_i2c.o
 .text.I2C_MemoryTransmit_TXE_BTF
                0x0800401c      0x128 ./Drivers/STM32F4xx_HAL_Driver/Src/stm32f4xx_hal_i2c.o
 .text.I2C_MasterReceive_RXNE
                0x08004144      0x162 ./Drivers/STM32F4xx_HAL_Driver/Src/stm32f4xx_hal_i2c.o
 .text.I2C_MasterReceive_BTF
                0x080042a6      0x1d4 ./Drivers/STM32F4xx_HAL_Driver/Src/stm32f4xx_hal_i2c.o
 .text.I2C_Master_SB
                0x0800447a      0x10c ./Drivers/STM32F4xx_HAL_Driver/Src/stm32f4xx_hal_i2c.o
 .text.I2C_Master_ADD10
                0x08004586       0x54 ./Drivers/STM32F4xx_HAL_Driver/Src/stm32f4xx_hal_i2c.o
 .text.I2C_Master_ADDR
                0x080045da      0x322 ./Drivers/STM32F4xx_HAL_Driver/Src/stm32f4xx_hal_i2c.o
 .text.I2C_SlaveTransmit_TXE
                0x080048fc       0x7a ./Drivers/STM32F4xx_HAL_Driver/Src/stm32f4xx_hal_i2c.o
 .text.I2C_SlaveTransmit_BTF
                0x08004976       0x42 ./Drivers/STM32F4xx_HAL_Driver/Src/stm32f4xx_hal_i2c.o
 .text.I2C_SlaveReceive_RXNE
                0x080049b8       0x7c ./Drivers/STM32F4xx_HAL_Driver/Src/stm32f4xx_hal_i2c.o
 .text.I2C_SlaveReceive_BTF
                0x08004a34       0x44 ./Drivers/STM32F4xx_HAL_Driver/Src/stm32f4xx_hal_i2c.o
 .text.I2C_Slave_ADDR
                0x08004a78       0x94 ./Drivers/STM32F4xx_HAL_Driver/Src/stm32f4xx_hal_i2c.o
 .text.I2C_Slave_STOPF
                0x08004b0c      0x260 ./Drivers/STM32F4xx_HAL_Driver/Src/stm32f4xx_hal_i2c.o
 .text.I2C_Slave_AF
                0x08004d6c       0xe0 ./Drivers/STM32F4xx_HAL_Driver/Src/stm32f4xx_hal_i2c.o
 .text.I2C_ITError
                0x08004e4c      0x264 ./Drivers/STM32F4xx_HAL_Driver/Src/stm32f4xx_hal_i2c.o
 .text.I2C_RequestMemoryRead
                0x080050b0      0x1d0 ./Drivers/STM32F4xx_HAL_Driver/Src/stm32f4xx_hal_i2c.o
 .text.I2C_DMAXferCplt
                0x08005280      0x1aa ./Drivers/STM32F4xx_HAL_Driver/Src/stm32f4xx_hal_i2c.o
 .text.I2C_DMAError
                0x0800542a       0x7a ./Drivers/STM32F4xx_HAL_Driver/Src/stm32f4xx_hal_i2c.o
 .text.I2C_DMAAbort
                0x080054a4      0x150 ./Drivers/STM32F4xx_HAL_Driver/Src/stm32f4xx_hal_i2c.o
 .text.I2C_WaitOnFlagUntilTimeout
                0x080055f4       0xae ./Drivers/STM32F4xx_HAL_Driver/Src/stm32f4xx_hal_i2c.o
 .text.I2C_WaitOnMasterAddressFlagUntilTimeout
                0x080056a2       0xfe ./Drivers/STM32F4xx_HAL_Driver/Src/stm32f4xx_hal_i2c.o
 .text.I2C_WaitOnTXEFlagUntilTimeout
                0x080057a0       0x82 ./Drivers/STM32F4xx_HAL_Driver/Src/stm32f4xx_hal_i2c.o
 *fill*         0x08005822        0x2 
 .text.I2C_WaitOnSTOPRequestThroughIT
                0x08005824       0x64 ./Drivers/STM32F4xx_HAL_Driver/Src/stm32f4xx_hal_i2c.o
 .text.I2C_IsAcknowledgeFailed
                0x08005888       0x5e ./Drivers/STM32F4xx_HAL_Driver/Src/stm32f4xx_hal_i2c.o
 .text.I2C_ConvertOtherXferOptions
                0x080058e6       0x36 ./Drivers/STM32F4xx_HAL_Driver/Src/stm32f4xx_hal_i2c.o
 .text.HAL_RCC_ClockConfig
                0x0800591c      0x1cc ./Drivers/STM32F4xx_HAL_Driver/Src/stm32f4xx_hal_rcc.o
                0x0800591c                HAL_RCC_ClockConfig
 .text.HAL_RCC_GetSysClockFreq
                0x08005ae8      0x18c ./Drivers/STM32F4xx_HAL_Driver/Src/stm32f4xx_hal_rcc.o
                0x08005ae8                HAL_RCC_GetSysClockFreq
 .text.HAL_RCC_GetHCLKFreq
                0x08005c74       0x18 ./Drivers/STM32F4xx_HAL_Driver/Src/stm32f4xx_hal_rcc.o
                0x08005c74                HAL_RCC_GetHCLKFreq
 .text.HAL_RCC_GetPCLK1Freq
                0x08005c8c       0x28 ./Drivers/STM32F4xx_HAL_Driver/Src/stm32f4xx_hal_rcc.o
                0x08005c8c                HAL_RCC_GetPCLK1Freq
 .text.HAL_RCC_GetPCLK2Freq
                0x08005cb4       0x28 ./Drivers/STM32F4xx_HAL_Driver/Src/stm32f4xx_hal_rcc.o
                0x08005cb4                HAL_RCC_GetPCLK2Freq
 .text.HAL_RCC_OscConfig
                0x08005cdc      0x508 ./Drivers/STM32F4xx_HAL_Driver/Src/stm32f4xx_hal_rcc_ex.o
                0x08005cdc                HAL_RCC_OscConfig
 .text.HAL_SPI_Init
                0x080061e4      0x112 ./Drivers/STM32F4xx_HAL_Driver/Src/stm32f4xx_hal_spi.o
                0x080061e4                HAL_SPI_Init
 *fill*         0x080062f6        0x2 
 .text.HAL_SPI_IRQHandler
                0x080062f8      0x200 ./Drivers/STM32F4xx_HAL_Driver/Src/stm32f4xx_hal_spi.o
                0x080062f8                HAL_SPI_IRQHandler
 .text.HAL_SPI_ErrorCallback
                0x080064f8       0x14 ./Drivers/STM32F4xx_HAL_Driver/Src/stm32f4xx_hal_spi.o
                0x080064f8                HAL_SPI_ErrorCallback
 .text.SPI_DMAAbortOnError
                0x0800650c       0x28 ./Drivers/STM32F4xx_HAL_Driver/Src/stm32f4xx_hal_spi.o
 .text.HAL_UART_Init
                0x08006534       0x9a ./Drivers/STM32F4xx_HAL_Driver/Src/stm32f4xx_hal_uart.o
                0x08006534                HAL_UART_Init
 *fill*         0x080065ce        0x2 
 .text.HAL_UART_IRQHandler
                0x080065d0      0x51c ./Drivers/STM32F4xx_HAL_Driver/Src/stm32f4xx_hal_uart.o
                0x080065d0                HAL_UART_IRQHandler
 .text.HAL_UART_TxCpltCallback
                0x08006aec       0x14 ./Drivers/STM32F4xx_HAL_Driver/Src/stm32f4xx_hal_uart.o
                0x08006aec                HAL_UART_TxCpltCallback
 .text.HAL_UART_RxCpltCallback
                0x08006b00       0x14 ./Drivers/STM32F4xx_HAL_Driver/Src/stm32f4xx_hal_uart.o
                0x08006b00                HAL_UART_RxCpltCallback
 .text.HAL_UART_ErrorCallback
                0x08006b14       0x14 ./Drivers/STM32F4xx_HAL_Driver/Src/stm32f4xx_hal_uart.o
                0x08006b14                HAL_UART_ErrorCallback
 .text.HAL_UARTEx_RxEventCallback
                0x08006b28       0x18 ./Drivers/STM32F4xx_HAL_Driver/Src/stm32f4xx_hal_uart.o
                0x08006b28                HAL_UARTEx_RxEventCallback
 .text.UART_EndRxTransfer
                0x08006b40       0xc6 ./Drivers/STM32F4xx_HAL_Driver/Src/stm32f4xx_hal_uart.o
 .text.UART_DMAAbortOnError
                0x08006c06       0x28 ./Drivers/STM32F4xx_HAL_Driver/Src/stm32f4xx_hal_uart.o
 .text.UART_Transmit_IT
                0x08006c2e       0xa0 ./Drivers/STM32F4xx_HAL_Driver/Src/stm32f4xx_hal_uart.o
 .text.UART_EndTransmit_IT
                0x08006cce       0x30 ./Drivers/STM32F4xx_HAL_Driver/Src/stm32f4xx_hal_uart.o
 .text.UART_Receive_IT
                0x08006cfe      0x176 ./Drivers/STM32F4xx_HAL_Driver/Src/stm32f4xx_hal_uart.o
 .text.UART_SetConfig
                0x08006e74      0x508 ./Drivers/STM32F4xx_HAL_Driver/Src/stm32f4xx_hal_uart.o
 .text.__NVIC_SetPriority
                0x0800737c       0x54 ./Middlewares/Third_Party/FreeRTOS/Source/CMSIS_RTOS_V2/cmsis_os2.o
 .text.SVC_Setup
                0x080073d0       0x12 ./Middlewares/Third_Party/FreeRTOS/Source/CMSIS_RTOS_V2/cmsis_os2.o
 *fill*         0x080073e2        0x2 
 .text.osKernelInitialize
                0x080073e4       0x48 ./Middlewares/Third_Party/FreeRTOS/Source/CMSIS_RTOS_V2/cmsis_os2.o
                0x080073e4                osKernelInitialize
 .text.osKernelStart
                0x0800742c       0x4c ./Middlewares/Third_Party/FreeRTOS/Source/CMSIS_RTOS_V2/cmsis_os2.o
                0x0800742c                osKernelStart
 .text.osThreadNew
                0x08007478      0x124 ./Middlewares/Third_Party/FreeRTOS/Source/CMSIS_RTOS_V2/cmsis_os2.o
                0x08007478                osThreadNew
 .text.osDelay  0x0800759c       0x36 ./Middlewares/Third_Party/FreeRTOS/Source/CMSIS_RTOS_V2/cmsis_os2.o
                0x0800759c                osDelay
 .text.osMutexNew
                0x080075d2      0x10c ./Middlewares/Third_Party/FreeRTOS/Source/CMSIS_RTOS_V2/cmsis_os2.o
                0x080075d2                osMutexNew
 .text.osSemaphoreNew
                0x080076de      0x112 ./Middlewares/Third_Party/FreeRTOS/Source/CMSIS_RTOS_V2/cmsis_os2.o
                0x080076de                osSemaphoreNew
 .text.osSemaphoreAcquire
                0x080077f0       0xa4 ./Middlewares/Third_Party/FreeRTOS/Source/CMSIS_RTOS_V2/cmsis_os2.o
                0x080077f0                osSemaphoreAcquire
 .text.osSemaphoreRelease
                0x08007894       0x88 ./Middlewares/Third_Party/FreeRTOS/Source/CMSIS_RTOS_V2/cmsis_os2.o
                0x08007894                osSemaphoreRelease
 .text.osMessageQueueNew
                0x0800791c       0xe6 ./Middlewares/Third_Party/FreeRTOS/Source/CMSIS_RTOS_V2/cmsis_os2.o
                0x0800791c                osMessageQueueNew
 *fill*         0x08007a02        0x2 
 .text.osMessageQueuePut
                0x08007a04       0xc0 ./Middlewares/Third_Party/FreeRTOS/Source/CMSIS_RTOS_V2/cmsis_os2.o
                0x08007a04                osMessageQueuePut
 .text.osMessageQueueGet
                0x08007ac4       0xbc ./Middlewares/Third_Party/FreeRTOS/Source/CMSIS_RTOS_V2/cmsis_os2.o
                0x08007ac4                osMessageQueueGet
 .text.vApplicationGetIdleTaskMemory
                0x08007b80       0x34 ./Middlewares/Third_Party/FreeRTOS/Source/CMSIS_RTOS_V2/cmsis_os2.o
                0x08007b80                vApplicationGetIdleTaskMemory
 .text.vApplicationGetTimerTaskMemory
                0x08007bb4       0x34 ./Middlewares/Third_Party/FreeRTOS/Source/CMSIS_RTOS_V2/cmsis_os2.o
                0x08007bb4                vApplicationGetTimerTaskMemory
 .text.vListInitialise
                0x08007be8       0x40 ./Middlewares/Third_Party/FreeRTOS/Source/list.o
                0x08007be8                vListInitialise
 .text.vListInitialiseItem
                0x08007c28       0x1a ./Middlewares/Third_Party/FreeRTOS/Source/list.o
                0x08007c28                vListInitialiseItem
 .text.vListInsertEnd
                0x08007c42       0x48 ./Middlewares/Third_Party/FreeRTOS/Source/list.o
                0x08007c42                vListInsertEnd
 .text.vListInsert
                0x08007c8a       0x72 ./Middlewares/Third_Party/FreeRTOS/Source/list.o
                0x08007c8a                vListInsert
 .text.uxListRemove
                0x08007cfc       0x54 ./Middlewares/Third_Party/FreeRTOS/Source/list.o
                0x08007cfc                uxListRemove
 .text.xQueueGenericReset
                0x08007d50       0xd4 ./Middlewares/Third_Party/FreeRTOS/Source/queue.o
                0x08007d50                xQueueGenericReset
 .text.xQueueGenericCreateStatic
                0x08007e24       0xfa ./Middlewares/Third_Party/FreeRTOS/Source/queue.o
                0x08007e24                xQueueGenericCreateStatic
 .text.xQueueGenericCreate
                0x08007f1e       0x76 ./Middlewares/Third_Party/FreeRTOS/Source/queue.o
                0x08007f1e                xQueueGenericCreate
 .text.prvInitialiseNewQueue
                0x08007f94       0x46 ./Middlewares/Third_Party/FreeRTOS/Source/queue.o
 .text.prvInitialiseMutex
                0x08007fda       0x34 ./Middlewares/Third_Party/FreeRTOS/Source/queue.o
 .text.xQueueCreateMutex
                0x0800800e       0x30 ./Middlewares/Third_Party/FreeRTOS/Source/queue.o
                0x0800800e                xQueueCreateMutex
 .text.xQueueCreateMutexStatic
                0x0800803e       0x36 ./Middlewares/Third_Party/FreeRTOS/Source/queue.o
                0x0800803e                xQueueCreateMutexStatic
 .text.xQueueCreateCountingSemaphoreStatic
                0x08008074       0x72 ./Middlewares/Third_Party/FreeRTOS/Source/queue.o
                0x08008074                xQueueCreateCountingSemaphoreStatic
 .text.xQueueCreateCountingSemaphore
                0x080080e6       0x6a ./Middlewares/Third_Party/FreeRTOS/Source/queue.o
                0x080080e6                xQueueCreateCountingSemaphore
 .text.xQueueGenericSend
                0x08008150      0x204 ./Middlewares/Third_Party/FreeRTOS/Source/queue.o
                0x08008150                xQueueGenericSend
 .text.xQueueGenericSendFromISR
                0x08008354      0x13c ./Middlewares/Third_Party/FreeRTOS/Source/queue.o
                0x08008354                xQueueGenericSendFromISR
 .text.xQueueGiveFromISR
                0x08008490      0x120 ./Middlewares/Third_Party/FreeRTOS/Source/queue.o
                0x08008490                xQueueGiveFromISR
 .text.xQueueReceive
                0x080085b0      0x1c4 ./Middlewares/Third_Party/FreeRTOS/Source/queue.o
                0x080085b0                xQueueReceive
 .text.xQueueSemaphoreTake
                0x08008774      0x220 ./Middlewares/Third_Party/FreeRTOS/Source/queue.o
                0x08008774                xQueueSemaphoreTake
 .text.xQueueReceiveFromISR
                0x08008994      0x104 ./Middlewares/Third_Party/FreeRTOS/Source/queue.o
                0x08008994                xQueueReceiveFromISR
 .text.vQueueDelete
                0x08008a98       0x48 ./Middlewares/Third_Party/FreeRTOS/Source/queue.o
                0x08008a98                vQueueDelete
 .text.prvGetDisinheritPriorityAfterTimeout
                0x08008ae0       0x30 ./Middlewares/Third_Party/FreeRTOS/Source/queue.o
 .text.prvCopyDataToQueue
                0x08008b10       0xd4 ./Middlewares/Third_Party/FreeRTOS/Source/queue.o
 .text.prvCopyDataFromQueue
                0x08008be4       0x4c ./Middlewares/Third_Party/FreeRTOS/Source/queue.o
 .text.prvUnlockQueue
                0x08008c30       0xa4 ./Middlewares/Third_Party/FreeRTOS/Source/queue.o
 .text.prvIsQueueEmpty
                0x08008cd4       0x2c ./Middlewares/Third_Party/FreeRTOS/Source/queue.o
 .text.prvIsQueueFull
                0x08008d00       0x30 ./Middlewares/Third_Party/FreeRTOS/Source/queue.o
 .text.vQueueAddToRegistry
                0x08008d30       0x54 ./Middlewares/Third_Party/FreeRTOS/Source/queue.o
                0x08008d30                vQueueAddToRegistry
 .text.vQueueUnregisterQueue
                0x08008d84       0x54 ./Middlewares/Third_Party/FreeRTOS/Source/queue.o
                0x08008d84                vQueueUnregisterQueue
 .text.vQueueWaitForMessageRestricted
                0x08008dd8       0x68 ./Middlewares/Third_Party/FreeRTOS/Source/queue.o
                0x08008dd8                vQueueWaitForMessageRestricted
 .text.xTaskCreateStatic
                0x08008e40       0xc0 ./Middlewares/Third_Party/FreeRTOS/Source/tasks.o
                0x08008e40                xTaskCreateStatic
 .text.xTaskCreate
                0x08008f00       0x8a ./Middlewares/Third_Party/FreeRTOS/Source/tasks.o
                0x08008f00                xTaskCreate
 .text.prvInitialiseNewTask
                0x08008f8a      0x120 ./Middlewares/Third_Party/FreeRTOS/Source/tasks.o
 *fill*         0x080090aa        0x2 
 .text.prvAddNewTaskToReadyList
                0x080090ac       0xe0 ./Middlewares/Third_Party/FreeRTOS/Source/tasks.o
 .text.vTaskDelay
                0x0800918c       0x6c ./Middlewares/Third_Party/FreeRTOS/Source/tasks.o
                0x0800918c                vTaskDelay
 .text.vTaskStartScheduler
                0x080091f8       0xd0 ./Middlewares/Third_Party/FreeRTOS/Source/tasks.o
                0x080091f8                vTaskStartScheduler
 .text.vTaskSuspendAll
                0x080092c8       0x1c ./Middlewares/Third_Party/FreeRTOS/Source/tasks.o
                0x080092c8                vTaskSuspendAll
 .text.xTaskResumeAll
                0x080092e4      0x13c ./Middlewares/Third_Party/FreeRTOS/Source/tasks.o
                0x080092e4                xTaskResumeAll
 .text.xTaskGetTickCount
                0x08009420       0x20 ./Middlewares/Third_Party/FreeRTOS/Source/tasks.o
                0x08009420                xTaskGetTickCount
 .text.xTaskIncrementTick
                0x08009440      0x174 ./Middlewares/Third_Party/FreeRTOS/Source/tasks.o
                0x08009440                xTaskIncrementTick
 .text.vTaskSwitchContext
                0x080095b4       0xbc ./Middlewares/Third_Party/FreeRTOS/Source/tasks.o
                0x080095b4                vTaskSwitchContext
 .text.vTaskPlaceOnEventList
                0x08009670       0x4c ./Middlewares/Third_Party/FreeRTOS/Source/tasks.o
                0x08009670                vTaskPlaceOnEventList
 .text.vTaskPlaceOnEventListRestricted
                0x080096bc       0x58 ./Middlewares/Third_Party/FreeRTOS/Source/tasks.o
                0x080096bc                vTaskPlaceOnEventListRestricted
 .text.xTaskRemoveFromEventList
                0x08009714       0xc8 ./Middlewares/Third_Party/FreeRTOS/Source/tasks.o
                0x08009714                xTaskRemoveFromEventList
 .text.vTaskInternalSetTimeOutState
                0x080097dc       0x2c ./Middlewares/Third_Party/FreeRTOS/Source/tasks.o
                0x080097dc                vTaskInternalSetTimeOutState
 .text.xTaskCheckForTimeOut
                0x08009808       0xc8 ./Middlewares/Third_Party/FreeRTOS/Source/tasks.o
                0x08009808                xTaskCheckForTimeOut
 .text.vTaskMissedYield
                0x080098d0       0x18 ./Middlewares/Third_Party/FreeRTOS/Source/tasks.o
                0x080098d0                vTaskMissedYield
 .text.prvIdleTask
                0x080098e8       0x30 ./Middlewares/Third_Party/FreeRTOS/Source/tasks.o
 .text.prvInitialiseTaskLists
                0x08009918       0x80 ./Middlewares/Third_Party/FreeRTOS/Source/tasks.o
 .text.prvCheckTasksWaitingTermination
                0x08009998       0x5c ./Middlewares/Third_Party/FreeRTOS/Source/tasks.o
 .text.prvDeleteTCB
                0x080099f4       0x60 ./Middlewares/Third_Party/FreeRTOS/Source/tasks.o
 .text.prvResetNextTaskUnblockTime
                0x08009a54       0x40 ./Middlewares/Third_Party/FreeRTOS/Source/tasks.o
 .text.xTaskGetSchedulerState
                0x08009a94       0x3c ./Middlewares/Third_Party/FreeRTOS/Source/tasks.o
                0x08009a94                xTaskGetSchedulerState
 .text.xTaskPriorityInherit
                0x08009ad0       0xd0 ./Middlewares/Third_Party/FreeRTOS/Source/tasks.o
                0x08009ad0                xTaskPriorityInherit
 .text.xTaskPriorityDisinherit
                0x08009ba0       0xe0 ./Middlewares/Third_Party/FreeRTOS/Source/tasks.o
                0x08009ba0                xTaskPriorityDisinherit
 .text.vTaskPriorityDisinheritAfterTimeout
                0x08009c80      0x108 ./Middlewares/Third_Party/FreeRTOS/Source/tasks.o
                0x08009c80                vTaskPriorityDisinheritAfterTimeout
 .text.pvTaskIncrementMutexHeldCount
                0x08009d88       0x28 ./Middlewares/Third_Party/FreeRTOS/Source/tasks.o
                0x08009d88                pvTaskIncrementMutexHeldCount
 .text.prvAddCurrentTaskToDelayedList
                0x08009db0       0xa8 ./Middlewares/Third_Party/FreeRTOS/Source/tasks.o
 .text.xTimerCreateTimerTask
                0x08009e58       0x94 ./Middlewares/Third_Party/FreeRTOS/Source/timers.o
                0x08009e58                xTimerCreateTimerTask
 .text.xTimerGenericCommand
                0x08009eec       0x9c ./Middlewares/Third_Party/FreeRTOS/Source/timers.o
                0x08009eec                xTimerGenericCommand
 .text.prvProcessExpiredTimer
                0x08009f88       0x9c ./Middlewares/Third_Party/FreeRTOS/Source/timers.o
 .text.prvTimerTask
                0x0800a024       0x26 ./Middlewares/Third_Party/FreeRTOS/Source/timers.o
 *fill*         0x0800a04a        0x2 
 .text.prvProcessTimerOrBlockTask
                0x0800a04c       0x9c ./Middlewares/Third_Party/FreeRTOS/Source/timers.o
 .text.prvGetNextExpireTime
                0x0800a0e8       0x48 ./Middlewares/Third_Party/FreeRTOS/Source/timers.o
 .text.prvSampleTimeNow
                0x0800a130       0x40 ./Middlewares/Third_Party/FreeRTOS/Source/timers.o
 .text.prvInsertTimerInActiveList
                0x0800a170       0x84 ./Middlewares/Third_Party/FreeRTOS/Source/timers.o
 .text.prvProcessReceivedCommands
                0x0800a1f4      0x1cc ./Middlewares/Third_Party/FreeRTOS/Source/timers.o
 .text.prvSwitchTimerLists
                0x0800a3c0       0xcc ./Middlewares/Third_Party/FreeRTOS/Source/timers.o
 .text.prvCheckForValidListAndQueue
                0x0800a48c       0x80 ./Middlewares/Third_Party/FreeRTOS/Source/timers.o
 .text.pxPortInitialiseStack
                0x0800a50c       0x68 ./Middlewares/Third_Party/FreeRTOS/Source/portable/GCC/ARM_CM4F/port.o
                0x0800a50c                pxPortInitialiseStack
 .text.prvTaskExitError
                0x0800a574       0x5c ./Middlewares/Third_Party/FreeRTOS/Source/portable/GCC/ARM_CM4F/port.o
 .text.SVC_Handler
                0x0800a5d0       0x28 ./Middlewares/Third_Party/FreeRTOS/Source/portable/GCC/ARM_CM4F/port.o
                0x0800a5d0                SVC_Handler
 .text.prvPortStartFirstTask
                0x0800a5f8       0x28 ./Middlewares/Third_Party/FreeRTOS/Source/portable/GCC/ARM_CM4F/port.o
 .text.xPortStartScheduler
                0x0800a620      0x148 ./Middlewares/Third_Party/FreeRTOS/Source/portable/GCC/ARM_CM4F/port.o
                0x0800a620                xPortStartScheduler
 .text.vPortEnterCritical
                0x0800a768       0x64 ./Middlewares/Third_Party/FreeRTOS/Source/portable/GCC/ARM_CM4F/port.o
                0x0800a768                vPortEnterCritical
 .text.vPortExitCritical
                0x0800a7cc       0x54 ./Middlewares/Third_Party/FreeRTOS/Source/portable/GCC/ARM_CM4F/port.o
                0x0800a7cc                vPortExitCritical
 .text.PendSV_Handler
                0x0800a820       0x68 ./Middlewares/Third_Party/FreeRTOS/Source/portable/GCC/ARM_CM4F/port.o
                0x0800a820                PendSV_Handler
 .text.xPortSysTickHandler
                0x0800a888       0x44 ./Middlewares/Third_Party/FreeRTOS/Source/portable/GCC/ARM_CM4F/port.o
                0x0800a888                xPortSysTickHandler
 .text.vPortSetupTimerInterrupt
                0x0800a8cc       0x48 ./Middlewares/Third_Party/FreeRTOS/Source/portable/GCC/ARM_CM4F/port.o
                0x0800a8cc                vPortSetupTimerInterrupt
 .text.vPortEnableVFP
                0x0800a914       0x14 ./Middlewares/Third_Party/FreeRTOS/Source/portable/GCC/ARM_CM4F/port.o
 .text.vPortValidateInterruptPriority
                0x0800a928       0x84 ./Middlewares/Third_Party/FreeRTOS/Source/portable/GCC/ARM_CM4F/port.o
                0x0800a928                vPortValidateInterruptPriority
 .text.pvPortMalloc
                0x0800a9ac      0x19c ./Middlewares/Third_Party/FreeRTOS/Source/portable/MemMang/heap_4.o
                0x0800a9ac                pvPortMalloc
 .text.vPortFree
                0x0800ab48       0xc8 ./Middlewares/Third_Party/FreeRTOS/Source/portable/MemMang/heap_4.o
                0x0800ab48                vPortFree
 .text.prvHeapInit
                0x0800ac10       0xc4 ./Middlewares/Third_Party/FreeRTOS/Source/portable/MemMang/heap_4.o
 .text.prvInsertBlockIntoFreeList
                0x0800acd4       0xb4 ./Middlewares/Third_Party/FreeRTOS/Source/portable/MemMang/heap_4.o
 .text.memset   0x0800ad88       0x10 C:/ST/STM32CubeIDE_1.19.0/STM32CubeIDE/plugins/com.st.stm32cube.ide.mcu.externaltools.gnu-tools-for-stm32.13.3.rel1.win32_1.0.0.202411081344/tools/bin/../lib/gcc/arm-none-eabi/13.3.1/../../../../arm-none-eabi/lib/thumb/v7e-m+fp/hard\libc_nano.a(libc_a-memset.o)
                0x0800ad88                memset
 .text.__libc_init_array
                0x0800ad98       0x48 C:/ST/STM32CubeIDE_1.19.0/STM32CubeIDE/plugins/com.st.stm32cube.ide.mcu.externaltools.gnu-tools-for-stm32.13.3.rel1.win32_1.0.0.202411081344/tools/bin/../lib/gcc/arm-none-eabi/13.3.1/../../../../arm-none-eabi/lib/thumb/v7e-m+fp/hard\libc_nano.a(libc_a-init.o)
                0x0800ad98                __libc_init_array
 .text.memcpy   0x0800ade0       0x1c C:/ST/STM32CubeIDE_1.19.0/STM32CubeIDE/plugins/com.st.stm32cube.ide.mcu.externaltools.gnu-tools-for-stm32.13.3.rel1.win32_1.0.0.202411081344/tools/bin/../lib/gcc/arm-none-eabi/13.3.1/../../../../arm-none-eabi/lib/thumb/v7e-m+fp/hard\libc_nano.a(libc_a-memcpy-stub.o)
                0x0800ade0                memcpy
 *(.glue_7)
 .glue_7        0x0800adfc        0x0 linker stubs
 *(.glue_7t)
 .glue_7t       0x0800adfc        0x0 linker stubs
 *(.eh_frame)
 .eh_frame      0x0800adfc        0x0 C:/ST/STM32CubeIDE_1.19.0/STM32CubeIDE/plugins/com.st.stm32cube.ide.mcu.externaltools.gnu-tools-for-stm32.13.3.rel1.win32_1.0.0.202411081344/tools/bin/../lib/gcc/arm-none-eabi/13.3.1/thumb/v7e-m+fp/hard/crtbegin.o
 *(.init)
 .init          0x0800adfc        0x4 C:/ST/STM32CubeIDE_1.19.0/STM32CubeIDE/plugins/com.st.stm32cube.ide.mcu.externaltools.gnu-tools-for-stm32.13.3.rel1.win32_1.0.0.202411081344/tools/bin/../lib/gcc/arm-none-eabi/13.3.1/thumb/v7e-m+fp/hard/crti.o
                0x0800adfc                _init
 .init          0x0800ae00        0x8 C:/ST/STM32CubeIDE_1.19.0/STM32CubeIDE/plugins/com.st.stm32cube.ide.mcu.externaltools.gnu-tools-for-stm32.13.3.rel1.win32_1.0.0.202411081344/tools/bin/../lib/gcc/arm-none-eabi/13.3.1/thumb/v7e-m+fp/hard/crtn.o
 *(.fini)
 .fini          0x0800ae08        0x4 C:/ST/STM32CubeIDE_1.19.0/STM32CubeIDE/plugins/com.st.stm32cube.ide.mcu.externaltools.gnu-tools-for-stm32.13.3.rel1.win32_1.0.0.202411081344/tools/bin/../lib/gcc/arm-none-eabi/13.3.1/thumb/v7e-m+fp/hard/crti.o
                0x0800ae08                _fini
 .fini          0x0800ae0c        0x8 C:/ST/STM32CubeIDE_1.19.0/STM32CubeIDE/plugins/com.st.stm32cube.ide.mcu.externaltools.gnu-tools-for-stm32.13.3.rel1.win32_1.0.0.202411081344/tools/bin/../lib/gcc/arm-none-eabi/13.3.1/thumb/v7e-m+fp/hard/crtn.o
                0x0800ae14                        . = ALIGN (0x4)
                0x0800ae14                        _etext = .

.vfp11_veneer   0x0800ae14        0x0
 .vfp11_veneer  0x0800ae14        0x0 linker stubs

.v4_bx          0x0800ae14        0x0
 .v4_bx         0x0800ae14        0x0 linker stubs

.iplt           0x0800ae14        0x0
 .iplt          0x0800ae14        0x0 C:/ST/STM32CubeIDE_1.19.0/STM32CubeIDE/plugins/com.st.stm32cube.ide.mcu.externaltools.gnu-tools-for-stm32.13.3.rel1.win32_1.0.0.202411081344/tools/bin/../lib/gcc/arm-none-eabi/13.3.1/thumb/v7e-m+fp/hard/crtbegin.o

.rodata         0x0800ae14      0x188
                0x0800ae14                        . = ALIGN (0x4)
 *(.rodata)
 .rodata        0x0800ae14       0x5a ./Core/Src/main.o
 *fill*         0x0800ae6e        0x2 
 .rodata        0x0800ae70        0x5 ./Middlewares/Third_Party/FreeRTOS/Source/tasks.o
 *fill*         0x0800ae75        0x3 
 .rodata        0x0800ae78        0xd ./Middlewares/Third_Party/FreeRTOS/Source/timers.o
 *(.rodata*)
 *fill*         0x0800ae85        0x3 
 .rodata.defaultTask_attributes
                0x0800ae88       0x24 ./Core/Src/main.o
                0x0800ae88                defaultTask_attributes
 .rodata.I2CTask_attributes
                0x0800aeac       0x24 ./Core/Src/main.o
                0x0800aeac                I2CTask_attributes
 .rodata.SPITask_attributes
                0x0800aed0       0x24 ./Core/Src/main.o
                0x0800aed0                SPITask_attributes
 .rodata.CANTask_attributes
                0x0800aef4       0x24 ./Core/Src/main.o
                0x0800aef4                CANTask_attributes
 .rodata.UARTTask_attributes
                0x0800af18       0x24 ./Core/Src/main.o
                0x0800af18                UARTTask_attributes
 .rodata.CanQueue_attributes
                0x0800af3c       0x18 ./Core/Src/main.o
                0x0800af3c                CanQueue_attributes
 .rodata.CommMutexHandle_attributes
                0x0800af54       0x10 ./Core/Src/main.o
                0x0800af54                CommMutexHandle_attributes
 .rodata.DTCEventQueue_attributes
                0x0800af64       0x18 ./Core/Src/main.o
                0x0800af64                DTCEventQueue_attributes
 .rodata.AHBPrescTable
                0x0800af7c       0x10 ./Core/Src/system_stm32f4xx.o
                0x0800af7c                AHBPrescTable
 .rodata.APBPrescTable
                0x0800af8c        0x8 ./Core/Src/system_stm32f4xx.o
                0x0800af8c                APBPrescTable
 .rodata.flagBitshiftOffset.0
                0x0800af94        0x8 ./Drivers/STM32F4xx_HAL_Driver/Src/stm32f4xx_hal_dma.o
                0x0800af9c                        . = ALIGN (0x4)

.ARM.extab      0x0800af9c        0x0
                0x0800af9c                        . = ALIGN (0x4)
 *(.ARM.extab* .gnu.linkonce.armextab.*)
                0x0800af9c                        . = ALIGN (0x4)

.ARM            0x0800af9c        0x8
                0x0800af9c                        . = ALIGN (0x4)
                0x0800af9c                        __exidx_start = .
 *(.ARM.exidx*)
 .ARM.exidx     0x0800af9c        0x8 C:/ST/STM32CubeIDE_1.19.0/STM32CubeIDE/plugins/com.st.stm32cube.ide.mcu.externaltools.gnu-tools-for-stm32.13.3.rel1.win32_1.0.0.202411081344/tools/bin/../lib/gcc/arm-none-eabi/13.3.1/thumb/v7e-m+fp/hard\libgcc.a(_udivmoddi4.o)
                0x0800afa4                        __exidx_end = .
                0x0800afa4                        . = ALIGN (0x4)

.rel.dyn        0x0800afa4        0x0
 .rel.iplt      0x0800afa4        0x0 C:/ST/STM32CubeIDE_1.19.0/STM32CubeIDE/plugins/com.st.stm32cube.ide.mcu.externaltools.gnu-tools-for-stm32.13.3.rel1.win32_1.0.0.202411081344/tools/bin/../lib/gcc/arm-none-eabi/13.3.1/thumb/v7e-m+fp/hard/crtbegin.o

.preinit_array  0x0800afa4        0x0
                0x0800afa4                        . = ALIGN (0x4)
                0x0800afa4                        PROVIDE (__preinit_array_start = .)
 *(.preinit_array*)
                0x0800afa4                        PROVIDE (__preinit_array_end = .)
                0x0800afa4                        . = ALIGN (0x4)

.init_array     0x0800afa4        0x4
                0x0800afa4                        . = ALIGN (0x4)
                0x0800afa4                        PROVIDE (__init_array_start = .)
 *(SORT_BY_NAME(.init_array.*))
 *(.init_array*)
 .init_array    0x0800afa4        0x4 C:/ST/STM32CubeIDE_1.19.0/STM32CubeIDE/plugins/com.st.stm32cube.ide.mcu.externaltools.gnu-tools-for-stm32.13.3.rel1.win32_1.0.0.202411081344/tools/bin/../lib/gcc/arm-none-eabi/13.3.1/thumb/v7e-m+fp/hard/crtbegin.o
                0x0800afa8                        PROVIDE (__init_array_end = .)
                0x0800afa8                        . = ALIGN (0x4)

.fini_array     0x0800afa8        0x4
                0x0800afa8                        . = ALIGN (0x4)
                [!provide]                        PROVIDE (__fini_array_start = .)
 *(SORT_BY_NAME(.fini_array.*))
 *(.fini_array*)
 .fini_array    0x0800afa8        0x4 C:/ST/STM32CubeIDE_1.19.0/STM32CubeIDE/plugins/com.st.stm32cube.ide.mcu.externaltools.gnu-tools-for-stm32.13.3.rel1.win32_1.0.0.202411081344/tools/bin/../lib/gcc/arm-none-eabi/13.3.1/thumb/v7e-m+fp/hard/crtbegin.o
                [!provide]                        PROVIDE (__fini_array_end = .)
                0x0800afac                        . = ALIGN (0x4)
                0x0800afac                        _sidata = LOADADDR (.data)

.data           0x20000000       0x10 load address 0x0800afac
                0x20000000                        . = ALIGN (0x4)
                0x20000000                        _sdata = .
 *(.data)
 *(.data*)
 .data.SystemCoreClock
                0x20000000        0x4 ./Core/Src/system_stm32f4xx.o
                0x20000000                SystemCoreClock
 .data.uwTickPrio
                0x20000004        0x4 ./Drivers/STM32F4xx_HAL_Driver/Src/stm32f4xx_hal.o
                0x20000004                uwTickPrio
 .data.uwTickFreq
                0x20000008        0x1 ./Drivers/STM32F4xx_HAL_Driver/Src/stm32f4xx_hal.o
                0x20000008                uwTickFreq
 *fill*         0x20000009        0x3 
 .data.uxCriticalNesting
                0x2000000c        0x4 ./Middlewares/Third_Party/FreeRTOS/Source/portable/GCC/ARM_CM4F/port.o
 *(.RamFunc)
 *(.RamFunc*)
                0x20000010                        . = ALIGN (0x4)
                0x20000010                        _edata = .

.igot.plt       0x20000010        0x0 load address 0x0800afbc
 .igot.plt      0x20000010        0x0 C:/ST/STM32CubeIDE_1.19.0/STM32CubeIDE/plugins/com.st.stm32cube.ide.mcu.externaltools.gnu-tools-for-stm32.13.3.rel1.win32_1.0.0.202411081344/tools/bin/../lib/gcc/arm-none-eabi/13.3.1/thumb/v7e-m+fp/hard/crtbegin.o
                0x20000010                        . = ALIGN (0x4)

.bss            0x20000010     0x4eac load address 0x0800afbc
                0x20000010                        _sbss = .
                0x20000010                        __bss_start__ = _sbss
 *(.bss)
 .bss           0x20000010       0x1c C:/ST/STM32CubeIDE_1.19.0/STM32CubeIDE/plugins/com.st.stm32cube.ide.mcu.externaltools.gnu-tools-for-stm32.13.3.rel1.win32_1.0.0.202411081344/tools/bin/../lib/gcc/arm-none-eabi/13.3.1/thumb/v7e-m+fp/hard/crtbegin.o
 *(.bss*)
 .bss.spi_dma_semaphore
                0x2000002c        0x4 ./Core/Src/eeprom_25lc256.o
                0x2000002c                spi_dma_semaphore
 .bss.hadc1     0x20000030       0x48 ./Core/Src/main.o
                0x20000030                hadc1
 .bss.hcan1     0x20000078       0x28 ./Core/Src/main.o
                0x20000078                hcan1
 .bss.hi2c1     0x200000a0       0x54 ./Core/Src/main.o
                0x200000a0                hi2c1
 .bss.hi2c2     0x200000f4       0x54 ./Core/Src/main.o
                0x200000f4                hi2c2
 .bss.hdma_i2c1_rx
                0x20000148       0x60 ./Core/Src/main.o
                0x20000148                hdma_i2c1_rx
 .bss.hdma_i2c1_tx
                0x200001a8       0x60 ./Core/Src/main.o
                0x200001a8                hdma_i2c1_tx
 .bss.hdma_i2c2_rx
                0x20000208       0x60 ./Core/Src/main.o
                0x20000208                hdma_i2c2_rx
 .bss.hdma_i2c2_tx
                0x20000268       0x60 ./Core/Src/main.o
                0x20000268                hdma_i2c2_tx
 .bss.hspi1     0x200002c8       0x58 ./Core/Src/main.o
                0x200002c8                hspi1
 .bss.hspi2     0x20000320       0x58 ./Core/Src/main.o
                0x20000320                hspi2
 .bss.hdma_spi1_rx
                0x20000378       0x60 ./Core/Src/main.o
                0x20000378                hdma_spi1_rx
 .bss.hdma_spi1_tx
                0x200003d8       0x60 ./Core/Src/main.o
                0x200003d8                hdma_spi1_tx
 .bss.hdma_spi2_rx
                0x20000438       0x60 ./Core/Src/main.o
                0x20000438                hdma_spi2_rx
 .bss.hdma_spi2_tx
                0x20000498       0x60 ./Core/Src/main.o
                0x20000498                hdma_spi2_tx
 .bss.huart4    0x200004f8       0x44 ./Core/Src/main.o
                0x200004f8                huart4
 .bss.defaultTaskHandle
                0x2000053c        0x4 ./Core/Src/main.o
                0x2000053c                defaultTaskHandle
 .bss.I2CTaskHandle
                0x20000540        0x4 ./Core/Src/main.o
                0x20000540                I2CTaskHandle
 .bss.SPITaskHandle
                0x20000544        0x4 ./Core/Src/main.o
                0x20000544                SPITaskHandle
 .bss.CANTaskHandle
                0x20000548        0x4 ./Core/Src/main.o
                0x20000548                CANTaskHandle
 .bss.UARTTaskHandle
                0x2000054c        0x4 ./Core/Src/main.o
                0x2000054c                UARTTaskHandle
 .bss.CanQueueHandle
                0x20000550        0x4 ./Core/Src/main.o
                0x20000550                CanQueueHandle
 .bss.CommMutexHandleHandle
                0x20000554        0x4 ./Core/Src/main.o
                0x20000554                CommMutexHandleHandle
 .bss.DTCEventQueueHandle
                0x20000558        0x4 ./Core/Src/main.o
                0x20000558                DTCEventQueueHandle
 .bss.i2c_dma_semaphore
                0x2000055c        0x4 ./Core/Src/pmic_mp5475gu.o
                0x2000055c                i2c_dma_semaphore
 .bss.previous_faults.1
                0x20000560        0x5 ./Core/Src/tasks.o
 .bss.is_i2c_com_failed.0
                0x20000565        0x1 ./Core/Src/tasks.o
 *fill*         0x20000566        0x2 
 .bss.uwTick    0x20000568        0x4 ./Drivers/STM32F4xx_HAL_Driver/Src/stm32f4xx_hal.o
                0x20000568                uwTick
 .bss.KernelState
                0x2000056c        0x4 ./Middlewares/Third_Party/FreeRTOS/Source/CMSIS_RTOS_V2/cmsis_os2.o
 .bss.Idle_TCB.3
                0x20000570       0x5c ./Middlewares/Third_Party/FreeRTOS/Source/CMSIS_RTOS_V2/cmsis_os2.o
 .bss.Idle_Stack.2
                0x200005cc      0x200 ./Middlewares/Third_Party/FreeRTOS/Source/CMSIS_RTOS_V2/cmsis_os2.o
 .bss.Timer_TCB.1
                0x200007cc       0x5c ./Middlewares/Third_Party/FreeRTOS/Source/CMSIS_RTOS_V2/cmsis_os2.o
 .bss.Timer_Stack.0
                0x20000828      0x400 ./Middlewares/Third_Party/FreeRTOS/Source/CMSIS_RTOS_V2/cmsis_os2.o
 .bss.xQueueRegistry
                0x20000c28       0x40 ./Middlewares/Third_Party/FreeRTOS/Source/queue.o
                0x20000c28                xQueueRegistry
 .bss.pxCurrentTCB
                0x20000c68        0x4 ./Middlewares/Third_Party/FreeRTOS/Source/tasks.o
                0x20000c68                pxCurrentTCB
 .bss.pxReadyTasksLists
                0x20000c6c      0x460 ./Middlewares/Third_Party/FreeRTOS/Source/tasks.o
 .bss.xDelayedTaskList1
                0x200010cc       0x14 ./Middlewares/Third_Party/FreeRTOS/Source/tasks.o
 .bss.xDelayedTaskList2
                0x200010e0       0x14 ./Middlewares/Third_Party/FreeRTOS/Source/tasks.o
 .bss.pxDelayedTaskList
                0x200010f4        0x4 ./Middlewares/Third_Party/FreeRTOS/Source/tasks.o
 .bss.pxOverflowDelayedTaskList
                0x200010f8        0x4 ./Middlewares/Third_Party/FreeRTOS/Source/tasks.o
 .bss.xPendingReadyList
                0x200010fc       0x14 ./Middlewares/Third_Party/FreeRTOS/Source/tasks.o
 .bss.xTasksWaitingTermination
                0x20001110       0x14 ./Middlewares/Third_Party/FreeRTOS/Source/tasks.o
 .bss.uxDeletedTasksWaitingCleanUp
                0x20001124        0x4 ./Middlewares/Third_Party/FreeRTOS/Source/tasks.o
 .bss.xSuspendedTaskList
                0x20001128       0x14 ./Middlewares/Third_Party/FreeRTOS/Source/tasks.o
 .bss.uxCurrentNumberOfTasks
                0x2000113c        0x4 ./Middlewares/Third_Party/FreeRTOS/Source/tasks.o
 .bss.xTickCount
                0x20001140        0x4 ./Middlewares/Third_Party/FreeRTOS/Source/tasks.o
 .bss.uxTopReadyPriority
                0x20001144        0x4 ./Middlewares/Third_Party/FreeRTOS/Source/tasks.o
 .bss.xSchedulerRunning
                0x20001148        0x4 ./Middlewares/Third_Party/FreeRTOS/Source/tasks.o
 .bss.xPendedTicks
                0x2000114c        0x4 ./Middlewares/Third_Party/FreeRTOS/Source/tasks.o
 .bss.xYieldPending
                0x20001150        0x4 ./Middlewares/Third_Party/FreeRTOS/Source/tasks.o
 .bss.xNumOfOverflows
                0x20001154        0x4 ./Middlewares/Third_Party/FreeRTOS/Source/tasks.o
 .bss.uxTaskNumber
                0x20001158        0x4 ./Middlewares/Third_Party/FreeRTOS/Source/tasks.o
 .bss.xNextTaskUnblockTime
                0x2000115c        0x4 ./Middlewares/Third_Party/FreeRTOS/Source/tasks.o
 .bss.xIdleTaskHandle
                0x20001160        0x4 ./Middlewares/Third_Party/FreeRTOS/Source/tasks.o
 .bss.uxSchedulerSuspended
                0x20001164        0x4 ./Middlewares/Third_Party/FreeRTOS/Source/tasks.o
 .bss.xActiveTimerList1
                0x20001168       0x14 ./Middlewares/Third_Party/FreeRTOS/Source/timers.o
 .bss.xActiveTimerList2
                0x2000117c       0x14 ./Middlewares/Third_Party/FreeRTOS/Source/timers.o
 .bss.pxCurrentTimerList
                0x20001190        0x4 ./Middlewares/Third_Party/FreeRTOS/Source/timers.o
 .bss.pxOverflowTimerList
                0x20001194        0x4 ./Middlewares/Third_Party/FreeRTOS/Source/timers.o
 .bss.xTimerQueue
                0x20001198        0x4 ./Middlewares/Third_Party/FreeRTOS/Source/timers.o
 .bss.xTimerTaskHandle
                0x2000119c        0x4 ./Middlewares/Third_Party/FreeRTOS/Source/timers.o
 .bss.xLastTime.2
                0x200011a0        0x4 ./Middlewares/Third_Party/FreeRTOS/Source/timers.o
 .bss.ucStaticTimerQueueStorage.1
                0x200011a4       0xa0 ./Middlewares/Third_Party/FreeRTOS/Source/timers.o
 .bss.xStaticTimerQueue.0
                0x20001244       0x50 ./Middlewares/Third_Party/FreeRTOS/Source/timers.o
 .bss.ucMaxSysCallPriority
                0x20001294        0x1 ./Middlewares/Third_Party/FreeRTOS/Source/portable/GCC/ARM_CM4F/port.o
 *fill*         0x20001295        0x3 
 .bss.ulMaxPRIGROUPValue
                0x20001298        0x4 ./Middlewares/Third_Party/FreeRTOS/Source/portable/GCC/ARM_CM4F/port.o
 .bss.ucHeap    0x2000129c     0x3c00 ./Middlewares/Third_Party/FreeRTOS/Source/portable/MemMang/heap_4.o
 .bss.xStart    0x20004e9c        0x8 ./Middlewares/Third_Party/FreeRTOS/Source/portable/MemMang/heap_4.o
 .bss.pxEnd     0x20004ea4        0x4 ./Middlewares/Third_Party/FreeRTOS/Source/portable/MemMang/heap_4.o
 .bss.xFreeBytesRemaining
                0x20004ea8        0x4 ./Middlewares/Third_Party/FreeRTOS/Source/portable/MemMang/heap_4.o
 .bss.xMinimumEverFreeBytesRemaining
                0x20004eac        0x4 ./Middlewares/Third_Party/FreeRTOS/Source/portable/MemMang/heap_4.o
 .bss.xNumberOfSuccessfulAllocations
                0x20004eb0        0x4 ./Middlewares/Third_Party/FreeRTOS/Source/portable/MemMang/heap_4.o
 .bss.xNumberOfSuccessfulFrees
                0x20004eb4        0x4 ./Middlewares/Third_Party/FreeRTOS/Source/portable/MemMang/heap_4.o
 .bss.xBlockAllocatedBit
                0x20004eb8        0x4 ./Middlewares/Third_Party/FreeRTOS/Source/portable/MemMang/heap_4.o
 *(COMMON)
                0x20004ebc                        . = ALIGN (0x4)
                0x20004ebc                        _ebss = .
                0x20004ebc                        __bss_end__ = _ebss

._user_heap_stack
                0x20004ebc      0x604 load address 0x0800afbc
                0x20004ec0                        . = ALIGN (0x8)
 *fill*         0x20004ebc        0x4 
                [!provide]                        PROVIDE (end = .)
                0x20004ec0                        PROVIDE (_end = .)
                0x200050c0                        . = (. + _Min_Heap_Size)
 *fill*         0x20004ec0      0x200 
                0x200054c0                        . = (. + _Min_Stack_Size)
 *fill*         0x200050c0      0x400 
                0x200054c0                        . = ALIGN (0x8)

/DISCARD/
 libc.a(*)
 libm.a(*)
 libgcc.a(*)

.ARM.attributes
                0x00000000       0x30
 *(.ARM.attributes)
 .ARM.attributes
                0x00000000       0x22 C:/ST/STM32CubeIDE_1.19.0/STM32CubeIDE/plugins/com.st.stm32cube.ide.mcu.externaltools.gnu-tools-for-stm32.13.3.rel1.win32_1.0.0.202411081344/tools/bin/../lib/gcc/arm-none-eabi/13.3.1/thumb/v7e-m+fp/hard/crti.o
 .ARM.attributes
                0x00000022       0x34 C:/ST/STM32CubeIDE_1.19.0/STM32CubeIDE/plugins/com.st.stm32cube.ide.mcu.externaltools.gnu-tools-for-stm32.13.3.rel1.win32_1.0.0.202411081344/tools/bin/../lib/gcc/arm-none-eabi/13.3.1/thumb/v7e-m+fp/hard/crtbegin.o
 .ARM.attributes
                0x00000056       0x34 ./Core/Src/eeprom_25lc256.o
 .ARM.attributes
                0x0000008a       0x34 ./Core/Src/main.o
 .ARM.attributes
                0x000000be       0x34 ./Core/Src/pmic_mp5475gu.o
 .ARM.attributes
                0x000000f2       0x34 ./Core/Src/stm32f4xx_hal_msp.o
 .ARM.attributes
                0x00000126       0x34 ./Core/Src/stm32f4xx_it.o
 .ARM.attributes
                0x0000015a       0x34 ./Core/Src/system_stm32f4xx.o
 .ARM.attributes
                0x0000018e       0x34 ./Core/Src/tasks.o
 .ARM.attributes
                0x000001c2       0x21 ./Core/Startup/startup_stm32f413zhtx.o
 .ARM.attributes
                0x000001e3       0x34 ./Drivers/STM32F4xx_HAL_Driver/Src/stm32f4xx_hal.o
 .ARM.attributes
                0x00000217       0x34 ./Drivers/STM32F4xx_HAL_Driver/Src/stm32f4xx_hal_adc.o
 .ARM.attributes
                0x0000024b       0x34 ./Drivers/STM32F4xx_HAL_Driver/Src/stm32f4xx_hal_can.o
 .ARM.attributes
                0x0000027f       0x34 ./Drivers/STM32F4xx_HAL_Driver/Src/stm32f4xx_hal_cortex.o
 .ARM.attributes
                0x000002b3       0x34 ./Drivers/STM32F4xx_HAL_Driver/Src/stm32f4xx_hal_dma.o
 .ARM.attributes
                0x000002e7       0x34 ./Drivers/STM32F4xx_HAL_Driver/Src/stm32f4xx_hal_gpio.o
 .ARM.attributes
                0x0000031b       0x34 ./Drivers/STM32F4xx_HAL_Driver/Src/stm32f4xx_hal_i2c.o
 .ARM.attributes
                0x0000034f       0x34 ./Drivers/STM32F4xx_HAL_Driver/Src/stm32f4xx_hal_rcc.o
 .ARM.attributes
                0x00000383       0x34 ./Drivers/STM32F4xx_HAL_Driver/Src/stm32f4xx_hal_rcc_ex.o
 .ARM.attributes
                0x000003b7       0x34 ./Drivers/STM32F4xx_HAL_Driver/Src/stm32f4xx_hal_spi.o
 .ARM.attributes
                0x000003eb       0x34 ./Drivers/STM32F4xx_HAL_Driver/Src/stm32f4xx_hal_uart.o
 .ARM.attributes
                0x0000041f       0x34 ./Middlewares/Third_Party/FreeRTOS/Source/CMSIS_RTOS_V2/cmsis_os2.o
 .ARM.attributes
                0x00000453       0x34 ./Middlewares/Third_Party/FreeRTOS/Source/list.o
 .ARM.attributes
                0x00000487       0x34 ./Middlewares/Third_Party/FreeRTOS/Source/queue.o
 .ARM.attributes
                0x000004bb       0x34 ./Middlewares/Third_Party/FreeRTOS/Source/tasks.o
 .ARM.attributes
                0x000004ef       0x34 ./Middlewares/Third_Party/FreeRTOS/Source/timers.o
 .ARM.attributes
                0x00000523       0x34 ./Middlewares/Third_Party/FreeRTOS/Source/portable/GCC/ARM_CM4F/port.o
 .ARM.attributes
                0x00000557       0x34 ./Middlewares/Third_Party/FreeRTOS/Source/portable/MemMang/heap_4.o
 .ARM.attributes
                0x0000058b       0x34 C:/ST/STM32CubeIDE_1.19.0/STM32CubeIDE/plugins/com.st.stm32cube.ide.mcu.externaltools.gnu-tools-for-stm32.13.3.rel1.win32_1.0.0.202411081344/tools/bin/../lib/gcc/arm-none-eabi/13.3.1/../../../../arm-none-eabi/lib/thumb/v7e-m+fp/hard\libc_nano.a(libc_a-memset.o)
 .ARM.attributes
                0x000005bf       0x34 C:/ST/STM32CubeIDE_1.19.0/STM32CubeIDE/plugins/com.st.stm32cube.ide.mcu.externaltools.gnu-tools-for-stm32.13.3.rel1.win32_1.0.0.202411081344/tools/bin/../lib/gcc/arm-none-eabi/13.3.1/../../../../arm-none-eabi/lib/thumb/v7e-m+fp/hard\libc_nano.a(libc_a-init.o)
 .ARM.attributes
                0x000005f3       0x34 C:/ST/STM32CubeIDE_1.19.0/STM32CubeIDE/plugins/com.st.stm32cube.ide.mcu.externaltools.gnu-tools-for-stm32.13.3.rel1.win32_1.0.0.202411081344/tools/bin/../lib/gcc/arm-none-eabi/13.3.1/../../../../arm-none-eabi/lib/thumb/v7e-m+fp/hard\libc_nano.a(libc_a-memcpy-stub.o)
 .ARM.attributes
                0x00000627       0x22 C:/ST/STM32CubeIDE_1.19.0/STM32CubeIDE/plugins/com.st.stm32cube.ide.mcu.externaltools.gnu-tools-for-stm32.13.3.rel1.win32_1.0.0.202411081344/tools/bin/../lib/gcc/arm-none-eabi/13.3.1/thumb/v7e-m+fp/hard\libgcc.a(_aeabi_uldivmod.o)
 .ARM.attributes
                0x00000649       0x34 C:/ST/STM32CubeIDE_1.19.0/STM32CubeIDE/plugins/com.st.stm32cube.ide.mcu.externaltools.gnu-tools-for-stm32.13.3.rel1.win32_1.0.0.202411081344/tools/bin/../lib/gcc/arm-none-eabi/13.3.1/thumb/v7e-m+fp/hard\libgcc.a(_udivmoddi4.o)
 .ARM.attributes
                0x0000067d       0x22 C:/ST/STM32CubeIDE_1.19.0/STM32CubeIDE/plugins/com.st.stm32cube.ide.mcu.externaltools.gnu-tools-for-stm32.13.3.rel1.win32_1.0.0.202411081344/tools/bin/../lib/gcc/arm-none-eabi/13.3.1/thumb/v7e-m+fp/hard\libgcc.a(_dvmd_tls.o)
 .ARM.attributes
                0x0000069f       0x22 C:/ST/STM32CubeIDE_1.19.0/STM32CubeIDE/plugins/com.st.stm32cube.ide.mcu.externaltools.gnu-tools-for-stm32.13.3.rel1.win32_1.0.0.202411081344/tools/bin/../lib/gcc/arm-none-eabi/13.3.1/thumb/v7e-m+fp/hard/crtn.o
OUTPUT(ECU_DTC_Manager.elf elf32-littlearm)
LOAD linker stubs
LOAD C:/ST/STM32CubeIDE_1.19.0/STM32CubeIDE/plugins/com.st.stm32cube.ide.mcu.externaltools.gnu-tools-for-stm32.13.3.rel1.win32_1.0.0.202411081344/tools/bin/../lib/gcc/arm-none-eabi/13.3.1/../../../../arm-none-eabi/lib/thumb/v7e-m+fp/hard\libc.a
LOAD C:/ST/STM32CubeIDE_1.19.0/STM32CubeIDE/plugins/com.st.stm32cube.ide.mcu.externaltools.gnu-tools-for-stm32.13.3.rel1.win32_1.0.0.202411081344/tools/bin/../lib/gcc/arm-none-eabi/13.3.1/../../../../arm-none-eabi/lib/thumb/v7e-m+fp/hard\libm.a
LOAD C:/ST/STM32CubeIDE_1.19.0/STM32CubeIDE/plugins/com.st.stm32cube.ide.mcu.externaltools.gnu-tools-for-stm32.13.3.rel1.win32_1.0.0.202411081344/tools/bin/../lib/gcc/arm-none-eabi/13.3.1/thumb/v7e-m+fp/hard\libgcc.a

.debug_info     0x00000000    0x1c238
 .debug_info    0x00000000      0xa0b ./Core/Src/eeprom_25lc256.o
 .debug_info    0x00000a0b     0x21dd ./Core/Src/main.o
 .debug_info    0x00002be8      0x7e9 ./Core/Src/pmic_mp5475gu.o
 .debug_info    0x000033d1     0x1a71 ./Core/Src/stm32f4xx_hal_msp.o
 .debug_info    0x00004e42     0x11fa ./Core/Src/stm32f4xx_it.o
 .debug_info    0x0000603c      0x54a ./Core/Src/system_stm32f4xx.o
 .debug_info    0x00006586      0x5d7 ./Core/Src/tasks.o
 .debug_info    0x00006b5d       0x30 ./Core/Startup/startup_stm32f413zhtx.o
 .debug_info    0x00006b8d      0x9ce ./Drivers/STM32F4xx_HAL_Driver/Src/stm32f4xx_hal.o
 .debug_info    0x0000755b      0xcb6 ./Drivers/STM32F4xx_HAL_Driver/Src/stm32f4xx_hal_adc.o
 .debug_info    0x00008211      0xefd ./Drivers/STM32F4xx_HAL_Driver/Src/stm32f4xx_hal_can.o
 .debug_info    0x0000910e      0xd94 ./Drivers/STM32F4xx_HAL_Driver/Src/stm32f4xx_hal_cortex.o
 .debug_info    0x00009ea2      0x8e7 ./Drivers/STM32F4xx_HAL_Driver/Src/stm32f4xx_hal_dma.o
 .debug_info    0x0000a789      0x723 ./Drivers/STM32F4xx_HAL_Driver/Src/stm32f4xx_hal_gpio.o
 .debug_info    0x0000aeac     0x23ed ./Drivers/STM32F4xx_HAL_Driver/Src/stm32f4xx_hal_i2c.o
 .debug_info    0x0000d299      0x8ed ./Drivers/STM32F4xx_HAL_Driver/Src/stm32f4xx_hal_rcc.o
 .debug_info    0x0000db86      0x82d ./Drivers/STM32F4xx_HAL_Driver/Src/stm32f4xx_hal_rcc_ex.o
 .debug_info    0x0000e3b3     0x15fb ./Drivers/STM32F4xx_HAL_Driver/Src/stm32f4xx_hal_spi.o
 .debug_info    0x0000f9ae     0x2f9a ./Drivers/STM32F4xx_HAL_Driver/Src/stm32f4xx_hal_uart.o
 .debug_info    0x00012948     0x3aa1 ./Middlewares/Third_Party/FreeRTOS/Source/CMSIS_RTOS_V2/cmsis_os2.o
 .debug_info    0x000163e9      0x2af ./Middlewares/Third_Party/FreeRTOS/Source/list.o
 .debug_info    0x00016698     0x1b79 ./Middlewares/Third_Party/FreeRTOS/Source/queue.o
 .debug_info    0x00018211     0x21ec ./Middlewares/Third_Party/FreeRTOS/Source/tasks.o
 .debug_info    0x0001a3fd     0x1488 ./Middlewares/Third_Party/FreeRTOS/Source/timers.o
 .debug_info    0x0001b885      0x4de ./Middlewares/Third_Party/FreeRTOS/Source/portable/GCC/ARM_CM4F/port.o
 .debug_info    0x0001bd63      0x4d5 ./Middlewares/Third_Party/FreeRTOS/Source/portable/MemMang/heap_4.o

.debug_abbrev   0x00000000     0x3e54
 .debug_abbrev  0x00000000      0x25d ./Core/Src/eeprom_25lc256.o
 .debug_abbrev  0x0000025d      0x2cd ./Core/Src/main.o
 .debug_abbrev  0x0000052a      0x1a4 ./Core/Src/pmic_mp5475gu.o
 .debug_abbrev  0x000006ce      0x277 ./Core/Src/stm32f4xx_hal_msp.o
 .debug_abbrev  0x00000945      0x247 ./Core/Src/stm32f4xx_it.o
 .debug_abbrev  0x00000b8c      0x11a ./Core/Src/system_stm32f4xx.o
 .debug_abbrev  0x00000ca6      0x1b5 ./Core/Src/tasks.o
 .debug_abbrev  0x00000e5b       0x24 ./Core/Startup/startup_stm32f413zhtx.o
 .debug_abbrev  0x00000e7f      0x213 ./Drivers/STM32F4xx_HAL_Driver/Src/stm32f4xx_hal.o
 .debug_abbrev  0x00001092      0x252 ./Drivers/STM32F4xx_HAL_Driver/Src/stm32f4xx_hal_adc.o
 .debug_abbrev  0x000012e4      0x23b ./Drivers/STM32F4xx_HAL_Driver/Src/stm32f4xx_hal_can.o
 .debug_abbrev  0x0000151f      0x327 ./Drivers/STM32F4xx_HAL_Driver/Src/stm32f4xx_hal_cortex.o
 .debug_abbrev  0x00001846      0x264 ./Drivers/STM32F4xx_HAL_Driver/Src/stm32f4xx_hal_dma.o
 .debug_abbrev  0x00001aaa      0x1d4 ./Drivers/STM32F4xx_HAL_Driver/Src/stm32f4xx_hal_gpio.o
 .debug_abbrev  0x00001c7e      0x2ad ./Drivers/STM32F4xx_HAL_Driver/Src/stm32f4xx_hal_i2c.o
 .debug_abbrev  0x00001f2b      0x2b6 ./Drivers/STM32F4xx_HAL_Driver/Src/stm32f4xx_hal_rcc.o
 .debug_abbrev  0x000021e1      0x1e4 ./Drivers/STM32F4xx_HAL_Driver/Src/stm32f4xx_hal_rcc_ex.o
 .debug_abbrev  0x000023c5      0x284 ./Drivers/STM32F4xx_HAL_Driver/Src/stm32f4xx_hal_spi.o
 .debug_abbrev  0x00002649      0x307 ./Drivers/STM32F4xx_HAL_Driver/Src/stm32f4xx_hal_uart.o
 .debug_abbrev  0x00002950      0x508 ./Middlewares/Third_Party/FreeRTOS/Source/CMSIS_RTOS_V2/cmsis_os2.o
 .debug_abbrev  0x00002e58       0xf5 ./Middlewares/Third_Party/FreeRTOS/Source/list.o
 .debug_abbrev  0x00002f4d      0x3b6 ./Middlewares/Third_Party/FreeRTOS/Source/queue.o
 .debug_abbrev  0x00003303      0x386 ./Middlewares/Third_Party/FreeRTOS/Source/tasks.o
 .debug_abbrev  0x00003689      0x352 ./Middlewares/Third_Party/FreeRTOS/Source/timers.o
 .debug_abbrev  0x000039db      0x25c ./Middlewares/Third_Party/FreeRTOS/Source/portable/GCC/ARM_CM4F/port.o
 .debug_abbrev  0x00003c37      0x21d ./Middlewares/Third_Party/FreeRTOS/Source/portable/MemMang/heap_4.o

.debug_aranges  0x00000000     0x1758
 .debug_aranges
                0x00000000       0x50 ./Core/Src/eeprom_25lc256.o
 .debug_aranges
                0x00000050       0x78 ./Core/Src/main.o
 .debug_aranges
                0x000000c8       0x28 ./Core/Src/pmic_mp5475gu.o
 .debug_aranges
                0x000000f0       0x70 ./Core/Src/stm32f4xx_hal_msp.o
 .debug_aranges
                0x00000160       0xe8 ./Core/Src/stm32f4xx_it.o
 .debug_aranges
                0x00000248       0x28 ./Core/Src/system_stm32f4xx.o
 .debug_aranges
                0x00000270       0x48 ./Core/Src/tasks.o
 .debug_aranges
                0x000002b8       0x28 ./Core/Startup/startup_stm32f413zhtx.o
 .debug_aranges
                0x000002e0       0xf0 ./Drivers/STM32F4xx_HAL_Driver/Src/stm32f4xx_hal.o
 .debug_aranges
                0x000003d0       0xe8 ./Drivers/STM32F4xx_HAL_Driver/Src/stm32f4xx_hal_adc.o
 .debug_aranges
                0x000004b8      0x138 ./Drivers/STM32F4xx_HAL_Driver/Src/stm32f4xx_hal_can.o
 .debug_aranges
                0x000005f0      0x118 ./Drivers/STM32F4xx_HAL_Driver/Src/stm32f4xx_hal_cortex.o
 .debug_aranges
                0x00000708       0x90 ./Drivers/STM32F4xx_HAL_Driver/Src/stm32f4xx_hal_dma.o
 .debug_aranges
                0x00000798       0x58 ./Drivers/STM32F4xx_HAL_Driver/Src/stm32f4xx_hal_gpio.o
 .debug_aranges
                0x000007f0      0x2a0 ./Drivers/STM32F4xx_HAL_Driver/Src/stm32f4xx_hal_i2c.o
 .debug_aranges
                0x00000a90       0x88 ./Drivers/STM32F4xx_HAL_Driver/Src/stm32f4xx_hal_rcc.o
 .debug_aranges
                0x00000b18       0x60 ./Drivers/STM32F4xx_HAL_Driver/Src/stm32f4xx_hal_rcc_ex.o
 .debug_aranges
                0x00000b78      0x1d0 ./Drivers/STM32F4xx_HAL_Driver/Src/stm32f4xx_hal_spi.o
 .debug_aranges
                0x00000d48      0x200 ./Drivers/STM32F4xx_HAL_Driver/Src/stm32f4xx_hal_uart.o
 .debug_aranges
                0x00000f48      0x2a8 ./Middlewares/Third_Party/FreeRTOS/Source/CMSIS_RTOS_V2/cmsis_os2.o
 .debug_aranges
                0x000011f0       0x40 ./Middlewares/Third_Party/FreeRTOS/Source/list.o
 .debug_aranges
                0x00001230      0x158 ./Middlewares/Third_Party/FreeRTOS/Source/queue.o
 .debug_aranges
                0x00001388      0x208 ./Middlewares/Third_Party/FreeRTOS/Source/tasks.o
 .debug_aranges
                0x00001590       0xf0 ./Middlewares/Third_Party/FreeRTOS/Source/timers.o
 .debug_aranges
                0x00001680       0x80 ./Middlewares/Third_Party/FreeRTOS/Source/portable/GCC/ARM_CM4F/port.o
 .debug_aranges
                0x00001700       0x58 ./Middlewares/Third_Party/FreeRTOS/Source/portable/MemMang/heap_4.o

.debug_rnglists
                0x00000000     0x122a
 .debug_rnglists
                0x00000000       0x38 ./Core/Src/eeprom_25lc256.o
 .debug_rnglists
                0x00000038       0x5a ./Core/Src/main.o
 .debug_rnglists
                0x00000092       0x19 ./Core/Src/pmic_mp5475gu.o
 .debug_rnglists
                0x000000ab       0x56 ./Core/Src/stm32f4xx_hal_msp.o
 .debug_rnglists
                0x00000101       0xa9 ./Core/Src/stm32f4xx_it.o
 .debug_rnglists
                0x000001aa       0x1a ./Core/Src/system_stm32f4xx.o
 .debug_rnglists
                0x000001c4       0x32 ./Core/Src/tasks.o
 .debug_rnglists
                0x000001f6       0x19 ./Core/Startup/startup_stm32f413zhtx.o
 .debug_rnglists
                0x0000020f       0xaf ./Drivers/STM32F4xx_HAL_Driver/Src/stm32f4xx_hal.o
 .debug_rnglists
                0x000002be       0xb5 ./Drivers/STM32F4xx_HAL_Driver/Src/stm32f4xx_hal_adc.o
 .debug_rnglists
                0x00000373       0xee ./Drivers/STM32F4xx_HAL_Driver/Src/stm32f4xx_hal_can.o
 .debug_rnglists
                0x00000461       0xce ./Drivers/STM32F4xx_HAL_Driver/Src/stm32f4xx_hal_cortex.o
 .debug_rnglists
                0x0000052f       0x70 ./Drivers/STM32F4xx_HAL_Driver/Src/stm32f4xx_hal_dma.o
 .debug_rnglists
                0x0000059f       0x3f ./Drivers/STM32F4xx_HAL_Driver/Src/stm32f4xx_hal_gpio.o
 .debug_rnglists
                0x000005de      0x23f ./Drivers/STM32F4xx_HAL_Driver/Src/stm32f4xx_hal_i2c.o
 .debug_rnglists
                0x0000081d       0x66 ./Drivers/STM32F4xx_HAL_Driver/Src/stm32f4xx_hal_rcc.o
 .debug_rnglists
                0x00000883       0x4a ./Drivers/STM32F4xx_HAL_Driver/Src/stm32f4xx_hal_rcc_ex.o
 .debug_rnglists
                0x000008cd      0x16f ./Drivers/STM32F4xx_HAL_Driver/Src/stm32f4xx_hal_spi.o
 .debug_rnglists
                0x00000a3c      0x1b7 ./Drivers/STM32F4xx_HAL_Driver/Src/stm32f4xx_hal_uart.o
 .debug_rnglists
                0x00000bf3      0x20c ./Middlewares/Third_Party/FreeRTOS/Source/CMSIS_RTOS_V2/cmsis_os2.o
 .debug_rnglists
                0x00000dff       0x2b ./Middlewares/Third_Party/FreeRTOS/Source/list.o
 .debug_rnglists
                0x00000e2a      0x109 ./Middlewares/Third_Party/FreeRTOS/Source/queue.o
 .debug_rnglists
                0x00000f33      0x1a0 ./Middlewares/Third_Party/FreeRTOS/Source/tasks.o
 .debug_rnglists
                0x000010d3       0xb8 ./Middlewares/Third_Party/FreeRTOS/Source/timers.o
 .debug_rnglists
                0x0000118b       0x5d ./Middlewares/Third_Party/FreeRTOS/Source/portable/GCC/ARM_CM4F/port.o
 .debug_rnglists
                0x000011e8       0x42 ./Middlewares/Third_Party/FreeRTOS/Source/portable/MemMang/heap_4.o

.debug_macro    0x00000000    0x250bc
 .debug_macro   0x00000000      0x380 ./Core/Src/eeprom_25lc256.o
 .debug_macro   0x00000380      0xad8 ./Core/Src/eeprom_25lc256.o
 .debug_macro   0x00000e58       0x22 ./Core/Src/eeprom_25lc256.o
 .debug_macro   0x00000e7a       0x5b ./Core/Src/eeprom_25lc256.o
 .debug_macro   0x00000ed5       0x2a ./Core/Src/eeprom_25lc256.o
 .debug_macro   0x00000eff       0x94 ./Core/Src/eeprom_25lc256.o
 .debug_macro   0x00000f93       0x43 ./Core/Src/eeprom_25lc256.o
 .debug_macro   0x00000fd6       0x34 ./Core/Src/eeprom_25lc256.o
 .debug_macro   0x0000100a      0x190 ./Core/Src/eeprom_25lc256.o
 .debug_macro   0x0000119a       0x57 ./Core/Src/eeprom_25lc256.o
 .debug_macro   0x000011f1      0x370 ./Core/Src/eeprom_25lc256.o
 .debug_macro   0x00001561       0x16 ./Core/Src/eeprom_25lc256.o
 .debug_macro   0x00001577       0x4a ./Core/Src/eeprom_25lc256.o
 .debug_macro   0x000015c1       0x34 ./Core/Src/eeprom_25lc256.o
 .debug_macro   0x000015f5       0x10 ./Core/Src/eeprom_25lc256.o
 .debug_macro   0x00001605       0x58 ./Core/Src/eeprom_25lc256.o
 .debug_macro   0x0000165d       0x8e ./Core/Src/eeprom_25lc256.o
 .debug_macro   0x000016eb       0x1c ./Core/Src/eeprom_25lc256.o
 .debug_macro   0x00001707      0x185 ./Core/Src/eeprom_25lc256.o
 .debug_macro   0x0000188c       0x10 ./Core/Src/eeprom_25lc256.o
 .debug_macro   0x0000189c       0x3c ./Core/Src/eeprom_25lc256.o
 .debug_macro   0x000018d8       0x20 ./Core/Src/eeprom_25lc256.o
 .debug_macro   0x000018f8      0x2ad ./Core/Src/eeprom_25lc256.o
 .debug_macro   0x00001ba5       0x2e ./Core/Src/eeprom_25lc256.o
 .debug_macro   0x00001bd3       0x28 ./Core/Src/eeprom_25lc256.o
 .debug_macro   0x00001bfb      0x103 ./Core/Src/eeprom_25lc256.o
 .debug_macro   0x00001cfe       0x6a ./Core/Src/eeprom_25lc256.o
 .debug_macro   0x00001d68      0x1df ./Core/Src/eeprom_25lc256.o
 .debug_macro   0x00001f47       0x1c ./Core/Src/eeprom_25lc256.o
 .debug_macro   0x00001f63       0x22 ./Core/Src/eeprom_25lc256.o
 .debug_macro   0x00001f85       0xd9 ./Core/Src/eeprom_25lc256.o
 .debug_macro   0x0000205e     0x102d ./Core/Src/eeprom_25lc256.o
 .debug_macro   0x0000308b      0x11f ./Core/Src/eeprom_25lc256.o
 .debug_macro   0x000031aa    0x15a8b ./Core/Src/eeprom_25lc256.o
 .debug_macro   0x00018c35       0x6d ./Core/Src/eeprom_25lc256.o
 .debug_macro   0x00018ca2     0x3666 ./Core/Src/eeprom_25lc256.o
 .debug_macro   0x0001c308       0x56 ./Core/Src/eeprom_25lc256.o
 .debug_macro   0x0001c35e      0xcdd ./Core/Src/eeprom_25lc256.o
 .debug_macro   0x0001d03b      0x9fe ./Core/Src/eeprom_25lc256.o
 .debug_macro   0x0001da39      0x116 ./Core/Src/eeprom_25lc256.o
 .debug_macro   0x0001db4f      0x202 ./Core/Src/eeprom_25lc256.o
 .debug_macro   0x0001dd51       0xa5 ./Core/Src/eeprom_25lc256.o
 .debug_macro   0x0001ddf6      0x173 ./Core/Src/eeprom_25lc256.o
 .debug_macro   0x0001df69      0x2bf ./Core/Src/eeprom_25lc256.o
 .debug_macro   0x0001e228       0x5f ./Core/Src/eeprom_25lc256.o
 .debug_macro   0x0001e287      0x236 ./Core/Src/eeprom_25lc256.o
 .debug_macro   0x0001e4bd      0x9e1 ./Core/Src/eeprom_25lc256.o
 .debug_macro   0x0001ee9e      0x38b ./Core/Src/eeprom_25lc256.o
 .debug_macro   0x0001f229      0x17d ./Core/Src/eeprom_25lc256.o
 .debug_macro   0x0001f3a6       0xf9 ./Core/Src/eeprom_25lc256.o
 .debug_macro   0x0001f49f      0x40f ./Core/Src/eeprom_25lc256.o
 .debug_macro   0x0001f8ae      0x132 ./Core/Src/eeprom_25lc256.o
 .debug_macro   0x0001f9e0      0x30c ./Core/Src/eeprom_25lc256.o
 .debug_macro   0x0001fcec       0x2e ./Core/Src/eeprom_25lc256.o
 .debug_macro   0x0001fd1a      0x1b5 ./Core/Src/eeprom_25lc256.o
 .debug_macro   0x0001fecf       0x22 ./Core/Src/eeprom_25lc256.o
 .debug_macro   0x0001fef1       0xd6 ./Core/Src/eeprom_25lc256.o
 .debug_macro   0x0001ffc7      0x11a ./Core/Src/eeprom_25lc256.o
 .debug_macro   0x000200e1       0x91 ./Core/Src/eeprom_25lc256.o
 .debug_macro   0x00020172       0x89 ./Core/Src/eeprom_25lc256.o
 .debug_macro   0x000201fb      0x225 ./Core/Src/eeprom_25lc256.o
 .debug_macro   0x00020420      0x295 ./Core/Src/eeprom_25lc256.o
 .debug_macro   0x000206b5      0x134 ./Core/Src/eeprom_25lc256.o
 .debug_macro   0x000207e9      0x169 ./Core/Src/eeprom_25lc256.o
 .debug_macro   0x00020952      0x15a ./Core/Src/eeprom_25lc256.o
 .debug_macro   0x00020aac       0xc9 ./Core/Src/eeprom_25lc256.o
 .debug_macro   0x00020b75       0x1c ./Core/Src/eeprom_25lc256.o
 .debug_macro   0x00020b91       0x26 ./Core/Src/eeprom_25lc256.o
 .debug_macro   0x00020bb7      0x4c5 ./Core/Src/eeprom_25lc256.o
 .debug_macro   0x0002107c       0xb5 ./Core/Src/eeprom_25lc256.o
 .debug_macro   0x00021131       0xaa ./Core/Src/eeprom_25lc256.o
 .debug_macro   0x000211db       0x66 ./Core/Src/eeprom_25lc256.o
 .debug_macro   0x00021241       0x74 ./Core/Src/eeprom_25lc256.o
 .debug_macro   0x000212b5       0xdd ./Core/Src/eeprom_25lc256.o
 .debug_macro   0x00021392       0x28 ./Core/Src/eeprom_25lc256.o
 .debug_macro   0x000213ba      0x3b2 ./Core/Src/main.o
 .debug_macro   0x0002176c       0x61 ./Core/Src/main.o
 .debug_macro   0x000217cd       0x22 ./Core/Src/main.o