Archive member included to satisfy reference by file (symbol)

C:/ST/STM32CubeIDE_1.19.0/STM32CubeIDE/plugins/com.st.stm32cube.ide.mcu.externaltools.gnu-tools-for-stm32.13.3.rel1.win32_1.0.0.202411081344/tools/bin/../lib/gcc/arm-none-eabi/13.3.1/../../../../arm-none-eabi/lib/thumb/v7e-m+fp/hard\libc_nano.a(libc_a-exit.o)
                              C:/ST/STM32CubeIDE_1.19.0/STM32CubeIDE/plugins/com.st.stm32cube.ide.mcu.externaltools.gnu-tools-for-stm32.13.3.rel1.win32_1.0.0.202411081344/tools/bin/../lib/gcc/arm-none-eabi/13.3.1/../../../../arm-none-eabi/lib/thumb/v7e-m+fp/hard/crt0.o (exit)
C:/ST/STM32CubeIDE_1.19.0/STM32CubeIDE/plugins/com.st.stm32cube.ide.mcu.externaltools.gnu-tools-for-stm32.13.3.rel1.win32_1.0.0.202411081344/tools/bin/../lib/gcc/arm-none-eabi/13.3.1/../../../../arm-none-eabi/lib/thumb/v7e-m+fp/hard\libc_nano.a(libc_a-findfp.o)
                              C:/ST/STM32CubeIDE_1.19.0/STM32CubeIDE/plugins/com.st.stm32cube.ide.mcu.externaltools.gnu-tools-for-stm32.13.3.rel1.win32_1.0.0.202411081344/tools/bin/../lib/gcc/arm-none-eabi/13.3.1/../../../../arm-none-eabi/lib/thumb/v7e-m+fp/hard\libc_nano.a(libc_a-exit.o) (__stdio_exit_handler)
C:/ST/STM32CubeIDE_1.19.0/STM32CubeIDE/plugins/com.st.stm32cube.ide.mcu.externaltools.gnu-tools-for-stm32.13.3.rel1.win32_1.0.0.202411081344/tools/bin/../lib/gcc/arm-none-eabi/13.3.1/../../../../arm-none-eabi/lib/thumb/v7e-m+fp/hard\libc_nano.a(libc_a-fwalk.o)
                              C:/ST/STM32CubeIDE_1.19.0/STM32CubeIDE/plugins/com.st.stm32cube.ide.mcu.externaltools.gnu-tools-for-stm32.13.3.rel1.win32_1.0.0.202411081344/tools/bin/../lib/gcc/arm-none-eabi/13.3.1/../../../../arm-none-eabi/lib/thumb/v7e-m+fp/hard\libc_nano.a(libc_a-findfp.o) (_fwalk_sglue)
C:/ST/STM32CubeIDE_1.19.0/STM32CubeIDE/plugins/com.st.stm32cube.ide.mcu.externaltools.gnu-tools-for-stm32.13.3.rel1.win32_1.0.0.202411081344/tools/bin/../lib/gcc/arm-none-eabi/13.3.1/../../../../arm-none-eabi/lib/thumb/v7e-m+fp/hard\libc_nano.a(libc_a-stdio.o)
                              C:/ST/STM32CubeIDE_1.19.0/STM32CubeIDE/plugins/com.st.stm32cube.ide.mcu.externaltools.gnu-tools-for-stm32.13.3.rel1.win32_1.0.0.202411081344/tools/bin/../lib/gcc/arm-none-eabi/13.3.1/../../../../arm-none-eabi/lib/thumb/v7e-m+fp/hard\libc_nano.a(libc_a-findfp.o) (__sread)
C:/ST/STM32CubeIDE_1.19.0/STM32CubeIDE/plugins/com.st.stm32cube.ide.mcu.externaltools.gnu-tools-for-stm32.13.3.rel1.win32_1.0.0.202411081344/tools/bin/../lib/gcc/arm-none-eabi/13.3.1/../../../../arm-none-eabi/lib/thumb/v7e-m+fp/hard\libc_nano.a(libc_a-memset.o)
                              C:/ST/STM32CubeIDE_1.19.0/STM32CubeIDE/plugins/com.st.stm32cube.ide.mcu.externaltools.gnu-tools-for-stm32.13.3.rel1.win32_1.0.0.202411081344/tools/bin/../lib/gcc/arm-none-eabi/13.3.1/../../../../arm-none-eabi/lib/thumb/v7e-m+fp/hard/crt0.o (memset)
C:/ST/STM32CubeIDE_1.19.0/STM32CubeIDE/plugins/com.st.stm32cube.ide.mcu.externaltools.gnu-tools-for-stm32.13.3.rel1.win32_1.0.0.202411081344/tools/bin/../lib/gcc/arm-none-eabi/13.3.1/../../../../arm-none-eabi/lib/thumb/v7e-m+fp/hard\libc_nano.a(libc_a-closer.o)
                              C:/ST/STM32CubeIDE_1.19.0/STM32CubeIDE/plugins/com.st.stm32cube.ide.mcu.externaltools.gnu-tools-for-stm32.13.3.rel1.win32_1.0.0.202411081344/tools/bin/../lib/gcc/arm-none-eabi/13.3.1/../../../../arm-none-eabi/lib/thumb/v7e-m+fp/hard\libc_nano.a(libc_a-stdio.o) (_close_r)
C:/ST/STM32CubeIDE_1.19.0/STM32CubeIDE/plugins/com.st.stm32cube.ide.mcu.externaltools.gnu-tools-for-stm32.13.3.rel1.win32_1.0.0.202411081344/tools/bin/../lib/gcc/arm-none-eabi/13.3.1/../../../../arm-none-eabi/lib/thumb/v7e-m+fp/hard\libc_nano.a(libc_a-reent.o)
                              C:/ST/STM32CubeIDE_1.19.0/STM32CubeIDE/plugins/com.st.stm32cube.ide.mcu.externaltools.gnu-tools-for-stm32.13.3.rel1.win32_1.0.0.202411081344/tools/bin/../lib/gcc/arm-none-eabi/13.3.1/../../../../arm-none-eabi/lib/thumb/v7e-m+fp/hard\libc_nano.a(libc_a-closer.o) (errno)
C:/ST/STM32CubeIDE_1.19.0/STM32CubeIDE/plugins/com.st.stm32cube.ide.mcu.externaltools.gnu-tools-for-stm32.13.3.rel1.win32_1.0.0.202411081344/tools/bin/../lib/gcc/arm-none-eabi/13.3.1/../../../../arm-none-eabi/lib/thumb/v7e-m+fp/hard\libc_nano.a(libc_a-impure.o)
                              C:/ST/STM32CubeIDE_1.19.0/STM32CubeIDE/plugins/com.st.stm32cube.ide.mcu.externaltools.gnu-tools-for-stm32.13.3.rel1.win32_1.0.0.202411081344/tools/bin/../lib/gcc/arm-none-eabi/13.3.1/../../../../arm-none-eabi/lib/thumb/v7e-m+fp/hard\libc_nano.a(libc_a-reent.o) (_impure_ptr)
C:/ST/STM32CubeIDE_1.19.0/STM32CubeIDE/plugins/com.st.stm32cube.ide.mcu.externaltools.gnu-tools-for-stm32.13.3.rel1.win32_1.0.0.202411081344/tools/bin/../lib/gcc/arm-none-eabi/13.3.1/../../../../arm-none-eabi/lib/thumb/v7e-m+fp/hard\libc_nano.a(libc_a-lseekr.o)
[...]
Memory Configuration

Name             Origin             Length             Attributes
RAM              0x20000000         0x00050000         xrw
FLASH            0x08000000         0x00180000         xr
*default*        0x00000000         0xffffffff

Linker script and memory map

LOAD C:/ST/STM32CubeIDE_1.19.0/STM32CubeIDE/plugins/com.st.stm32cube.ide.mcu.externaltools.gnu-tools-for-stm32.13.3.rel1.win32_1.0.0.202411081344/tools/bin/../lib/gcc/arm-none-eabi/13.3.1/thumb/v7e-m+fp/hard/crti.o
LOAD C:/ST/STM32CubeIDE_1.19.0/STM32CubeIDE/plugins/com.st.stm32cube.ide.mcu.externaltools.gnu-tools-for-stm32.13.3.rel1.win32_1.0.0.202411081344/tools/bin/../lib/gcc/arm-none-eabi/13.3.1/thumb/v7e-m+fp/hard/crtbegin.o
LOAD C:/ST/STM32CubeIDE_1.19.0/STM32CubeIDE/plugins/com.st.stm32cube.ide.mcu.externaltools.gnu-tools-for-stm32.13.3.rel1.win32_1.0.0.202411081344/tools/bin/../lib/gcc/arm-none-eabi/13.3.1/../../../../arm-none-eabi/lib/thumb/v7e-m+fp/hard/crt0.o
LOAD ./Core/Src/eeprom_25lc256.o
LOAD ./Core/Src/freertos.o
LOAD ./Core/Src/main.o
LOAD ./Core/Src/pmic_mp5475gu.o
LOAD ./Core/Src/stm32f4xx_hal_msp.o
LOAD ./Core/Src/stm32f4xx_it.o
LOAD ./Core/Src/syscalls.o
LOAD ./Core/Src/sysmem.o
LOAD ./Core/Src/system_stm32f4xx.o
LOAD ./Core/Src/tasks.o
LOAD ./Core/Src/yj_can.o
LOAD ./Core/Startup/startup_stm32f413zhtx.o
LOAD ./Drivers/STM32F4xx_HAL_Driver/Src/stm32f4xx_hal.o
LOAD ./Drivers/STM32F4xx_HAL_Driver/Src/stm32f4xx_hal_adc.o
LOAD ./Drivers/STM32F4xx_HAL_Driver/Src/stm32f4xx_hal_adc_ex.o
LOAD ./Drivers/STM32F4xx_HAL_Driver/Src/stm32f4xx_hal_can.o
LOAD ./Drivers/STM32F4xx_HAL_Driver/Src/stm32f4xx_hal_cortex.o
LOAD ./Drivers/STM32F4xx_HAL_Driver/Src/stm32f4xx_hal_dma.o
LOAD ./Drivers/STM32F4xx_HAL_Driver/Src/stm32f4xx_hal_dma_ex.o
LOAD ./Drivers/STM32F4xx_HAL_Driver/Src/stm32f4xx_hal_exti.o
LOAD ./Drivers/STM32F4xx_HAL_Driver/Src/stm32f4xx_hal_flash.o
LOAD ./Drivers/STM32F4xx_HAL_Driver/Src/stm32f4xx_hal_flash_ex.o
LOAD ./Drivers/STM32F4xx_HAL_Driver/Src/stm32f4xx_hal_flash_ramfunc.o
LOAD ./Drivers/STM32F4xx_HAL_Driver/Src/stm32f4xx_hal_gpio.o
LOAD ./Drivers/STM32F4xx_HAL_Driver/Src/stm32f4xx_hal_i2c.o
LOAD ./Drivers/STM32F4xx_HAL_Driver/Src/stm32f4xx_hal_i2c_ex.o
LOAD ./Drivers/STM32F4xx_HAL_Driver/Src/stm32f4xx_hal_pwr.o
LOAD ./Drivers/STM32F4xx_HAL_Driver/Src/stm32f4xx_hal_pwr_ex.o
LOAD ./Drivers/STM32F4xx_HAL_Driver/Src/stm32f4xx_hal_rcc.o
LOAD ./Drivers/STM32F4xx_HAL_Driver/Src/stm32f4xx_hal_rcc_ex.o
LOAD ./Drivers/STM32F4xx_HAL_Driver/Src/stm32f4xx_hal_spi.o
LOAD ./Drivers/STM32F4xx_HAL_Driver/Src/stm32f4xx_hal_tim.o
LOAD ./Drivers/STM32F4xx_HAL_Driver/Src/stm32f4xx_hal_tim_ex.o
LOAD ./Drivers/STM32F4xx_HAL_Driver/Src/stm32f4xx_hal_uart.o
LOAD ./Drivers/STM32F4xx_HAL_Driver/Src/stm32f4xx_ll_adc.o
LOAD ./Middlewares/Third_Party/FreeRTOS/Source/CMSIS_RTOS_V2/cmsis_os2.o
LOAD ./Middlewares/Third_Party/FreeRTOS/Source/croutine.o
LOAD ./Middlewares/Third_Party/FreeRTOS/Source/event_groups.o
LOAD ./Middlewares/Third_Party/FreeRTOS/Source/list.o
LOAD ./Middlewares/Third_Party/FreeRTOS/Source/queue.o
LOAD ./Middlewares/Third_Party/FreeRTOS/Source/stream_buffer.o
LOAD ./Middlewares/Third_Party/FreeRTOS/Source/tasks.o
LOAD ./Middlewares/Third_Party/FreeRTOS/Source/timers.o
LOAD ./Middlewares/Third_Party/FreeRTOS/Source/portable/GCC/ARM_CM4F/port.o
LOAD ./Middlewares/Third_Party/FreeRTOS/Source/portable/MemMang/heap_4.o
START GROUP
LOAD C:/ST/STM32CubeIDE_1.19.0/STM32CubeIDE/plugins/com.st.stm32cube.ide.mcu.externaltools.gnu-tools-for-stm32.13.3.rel1.win32_1.0.0.202411081344/tools/bin/../lib/gcc/arm-none-eabi/13.3.1/../../../../arm-none-eabi/lib/thumb/v7e-m+fp/hard\libc_nano.a
LOAD C:/ST/STM32CubeIDE_1.19.0/STM32CubeIDE/plugins/com.st.stm32cube.ide.mcu.externaltools.gnu-tools-for-stm32.13.3.rel1.win32_1.0.0.202411081344/tools/bin/../lib/gcc/arm-none-eabi/13.3.1/../../../../arm-none-eabi/lib/thumb/v7e-m+fp/hard\libm.a
END GROUP
START GROUP
LOAD C:/ST/STM32CubeIDE_1.19.0/STM32CubeIDE/plugins/com.st.stm32cube.ide.mcu.externaltools.gnu-tools-for-stm32.13.3.rel1.win32_1.0.0.202411081344/tools/bin/../lib/gcc/arm-none-eabi/13.3.1/thumb/v7e-m+fp/hard\libgcc.a
LOAD C:/ST/STM32CubeIDE_1.19.0/STM32CubeIDE/plugins/com.st.stm32cube.ide.mcu.externaltools.gnu-tools-for-stm32.13.3.rel1.win32_1.0.0.202411081344/tools/bin/../lib/gcc/arm-none-eabi/13.3.1/../../../../arm-none-eabi/lib/thumb/v7e-m+fp/hard\libc_nano.a
END GROUP
START GROUP
LOAD C:/ST/STM32CubeIDE_1.19.0/STM32CubeIDE/plugins/com.st.stm32cube.ide.mcu.externaltools.gnu-tools-for-stm32.13.3.rel1.win32_1.0.0.202411081344/tools/bin/../lib/gcc/arm-none-eabi/13.3.1/thumb/v7e-m+fp/hard\libgcc.a
LOAD C:/ST/STM32CubeIDE_1.19.0/STM32CubeIDE/plugins/com.st.stm32cube.ide.mcu.externaltools.gnu-tools-for-stm32.13.3.rel1.win32_1.0.0.202411081344/tools/bin/../lib/gcc/arm-none-eabi/13.3.1/../../../../arm-none-eabi/lib/thumb/v7e-m+fp/hard\libc_nano.a
LOAD C:/ST/STM32CubeIDE_1.19.0/STM32CubeIDE/plugins/com.st.stm32cube.ide.mcu.externaltools.gnu-tools-for-stm32.13.3.rel1.win32_1.0.0.202411081344/tools/bin/../lib/gcc/arm-none-eabi/13.3.1/../../../../arm-none-eabi/lib/thumb/v7e-m+fp/hard\libnosys.a
END GROUP
START GROUP
LOAD C:/ST/STM32CubeIDE_1.19.0/STM32CubeIDE/plugins/com.st.stm32cube.ide.mcu.externaltools.gnu-tools-for-stm32.13.3.rel1.win32_1.0.0.202411081344/tools/bin/../lib/gcc/arm-none-eabi/13.3.1/thumb/v7e-m+fp/hard\libgcc.a
LOAD C:/ST/STM32CubeIDE_1.19.0/STM32CubeIDE/plugins/com.st.stm32cube.ide.mcu.externaltools.gnu-tools-for-stm32.13.3.rel1.win32_1.0.0.202411081344/tools/bin/../lib/gcc/arm-none-eabi/13.3.1/../../../../arm-none-eabi/lib/thumb/v7e-m+fp/hard\libc_nano.a
LOAD C:/ST/STM32CubeIDE_1.19.0/STM32CubeIDE/plugins/com.st.stm32cube.ide.mcu.externaltools.gnu-tools-for-stm32.13.3.rel1.win32_1.0.0.202411081344/tools/bin/../lib/gcc/arm-none-eabi/13.3.1/../../../../arm-none-eabi/lib/thumb/v7e-m+fp/hard\libnosys.a
END GROUP
LOAD C:/ST/STM32CubeIDE_1.19.0/STM32CubeIDE/plugins/com.st.stm32cube.ide.mcu.externaltools.gnu-tools-for-stm32.13.3.rel1.win32_1.0.0.202411081344/tools/bin/../lib/gcc/arm-none-eabi/13.3.1/thumb/v7e-m+fp/hard/crtend.o
LOAD C:/ST/STM32CubeIDE_1.19.0/STM32CubeIDE/plugins/com.st.stm32cube.ide.mcu.externaltools.gnu-tools-for-stm32.13.3.rel1.win32_1.0.0.202411081344/tools/bin/../lib/gcc/arm-none-eabi/13.3.1/thumb/v7e-m+fp/hard/crtn.o
                0x20050000                        _estack = (ORIGIN (RAM) + LENGTH (RAM))
                0x00000200                        _Min_Heap_Size = 0x200
                0x00000400                        _Min_Stack_Size = 0x400

.isr_vector     0x08000000      0x1d8
                0x08000000                        . = ALIGN (0x4)
 *(.isr_vector)
 .isr_vector    0x08000000      0x1d8 ./Core/Startup/startup_stm32f413zhtx.o
                0x08000000                g_pfnVectors
                0x080001d8                        . = ALIGN (0x4)

.text           0x080001e0     0xc7f4
                0x080001e0                        . = ALIGN (0x4)
 *(.text)
 .text          0x080001e0       0x40 C:/ST/STM32CubeIDE_1.19.0/STM32CubeIDE/plugins/com.st.stm32cube.ide.mcu.externaltools.gnu-tools-for-stm32.13.3.rel1.win32_1.0.0.202411081344/tools/bin/../lib/gcc/arm-none-eabi/13.3.1/thumb/v7e-m+fp/hard/crtbegin.o
 .text          0x08000220       0x30 C:/ST/STM32CubeIDE_1.19.0/STM32CubeIDE/plugins/com.st.stm32cube.ide.mcu.externaltools.gnu-tools-for-stm32.13.3.rel1.win32_1.0.0.202411081344/tools/bin/../lib/gcc/arm-none-eabi/13.3.1/thumb/v7e-m+fp/hard\libgcc.a(_aeabi_uldivmod.o)
                0x08000220                __aeabi_uldivmod
 .text          0x08000250      0x2f8 C:/ST/STM32CubeIDE_1.19.0/STM32CubeIDE/plugins/com.st.stm32cube.ide.mcu.externaltools.gnu-tools-for-stm32.13.3.rel1.win32_1.0.0.202411081344/tools/bin/../lib/gcc/arm-none-eabi/13.3.1/thumb/v7e-m+fp/hard\libgcc.a(_udivmoddi4.o)
                0x08000250                __udivmoddi4
 .text          0x08000548        0x4 C:/ST/STM32CubeIDE_1.19.0/STM32CubeIDE/plugins/com.st.stm32cube.ide.mcu.externaltools.gnu-tools-for-stm32.13.3.rel1.win32_1.0.0.202411081344/tools/bin/../lib/gcc/arm-none-eabi/13.3.1/thumb/v7e-m+fp/hard\libgcc.a(_dvmd_tls.o)
                0x08000548                __aeabi_idiv0
                0x08000548                __aeabi_ldiv0
 *(.text*)
 .text.EEPROM_CS_LOW
                0x0800054c       0x18 ./Core/Src/eeprom_25lc256.o
 .text.EEPROM_CS_HIGH
                0x08000564       0x18 ./Core/Src/eeprom_25lc256.o
 .text.EEPROM_WriteEnable
                0x0800057c       0x2c ./Core/Src/eeprom_25lc256.o
 .text.EEPROM_WaitForWriteInProgress
                0x080005a8       0x40 ./Core/Src/eeprom_25lc256.o
 .text.EEPROM_Init
                0x080005e8       0x28 ./Core/Src/eeprom_25lc256.o
                0x080005e8                EEPROM_Init
 .text.EEPROM_Write_DTC
                0x08000610       0xec ./Core/Src/eeprom_25lc256.o
                0x08000610                EEPROM_Write_DTC
 .text.EEPROM_Read_DTCs
                0x080006fc       0x7c ./Core/Src/eeprom_25lc256.o
                0x080006fc                EEPROM_Read_DTCs
 .text.main     0x08000778      0x140 ./Core/Src/main.o
                0x08000778                main
 .text.SystemClock_Config
                0x080008b8       0xbc ./Core/Src/main.o
                0x080008b8                SystemClock_Config
 .text.MX_ADC1_Init
                0x08000974       0xa4 ./Core/Src/main.o
 .text.MX_CAN1_Init
                0x08000a18       0x68 ./Core/Src/main.o
 .text.MX_I2C1_Init
                0x08000a80       0x5c ./Core/Src/main.o
 .text.MX_I2C2_Init
                0x08000adc       0x5c ./Core/Src/main.o
 .text.MX_SPI1_Init
                0x08000b38       0x6c ./Core/Src/main.o
 .text.MX_SPI2_Init
                0x08000ba4       0x6c ./Core/Src/main.o
 .text.MX_UART4_Init
                0x08000c10       0x54 ./Core/Src/main.o
 .text.MX_DMA_Init
                0x08000c64       0xcc ./Core/Src/main.o
 .text.MX_GPIO_Init
                0x08000d30       0xf4 ./Core/Src/main.o
 .text.Error_Handler
                0x08000e24        0xc ./Core/Src/main.o
                0x08000e24                Error_Handler
 .text.PMIC_Init
                0x08000e30       0x28 ./Core/Src/pmic_mp5475gu.o
                0x08000e30                PMIC_Init
 .text.PMIC_Read_Faults
                0x08000e58       0x54 ./Core/Src/pmic_mp5475gu.o
                0x08000e58                PMIC_Read_Faults
 .text.HAL_MspInit
                0x08000eac       0x58 ./Core/Src/stm32f4xx_hal_msp.o
                0x08000eac                HAL_MspInit
 .text.HAL_ADC_MspInit
                0x08000f04       0x88 ./Core/Src/stm32f4xx_hal_msp.o
                0x08000f04                HAL_ADC_MspInit
 .text.HAL_CAN_MspInit
                0x08000f8c       0xb0 ./Core/Src/stm32f4xx_hal_msp.o
                0x08000f8c                HAL_CAN_MspInit
 .text.HAL_I2C_MspInit
                0x0800103c      0x2c4 ./Core/Src/stm32f4xx_hal_msp.o
                0x0800103c                HAL_I2C_MspInit
 .text.HAL_SPI_MspInit
                0x08001300      0x2f4 ./Core/Src/stm32f4xx_hal_msp.o
                0x08001300                HAL_SPI_MspInit
 .text.HAL_UART_MspInit
                0x080015f4       0xc0 ./Core/Src/stm32f4xx_hal_msp.o
                0x080015f4                HAL_UART_MspInit
 .text.NMI_Handler
                0x080016b4        0x8 ./Core/Src/stm32f4xx_it.o
                0x080016b4                NMI_Handler
 .text.HardFault_Handler
                0x080016bc        0x8 ./Core/Src/stm32f4xx_it.o
                0x080016bc                HardFault_Handler
 .text.MemManage_Handler
                0x080016c4        0x8 ./Core/Src/stm32f4xx_it.o
                0x080016c4                MemManage_Handler
 .text.BusFault_Handler
                0x080016cc        0x8 ./Core/Src/stm32f4xx_it.o
                0x080016cc                BusFault_Handler
 .text.UsageFault_Handler
                0x080016d4        0x8 ./Core/Src/stm32f4xx_it.o
                0x080016d4                UsageFault_Handler
 .text.DebugMon_Handler
                0x080016dc        0xe ./Core/Src/stm32f4xx_it.o
                0x080016dc                DebugMon_Handler
 .text.SysTick_Handler
                0x080016ea       0x1a ./Core/Src/stm32f4xx_it.o
                0x080016ea                SysTick_Handler
 .text.DMA1_Stream0_IRQHandler
                0x08001704       0x14 ./Core/Src/stm32f4xx_it.o
                0x08001704                DMA1_Stream0_IRQHandler
 .text.DMA1_Stream2_IRQHandler
                0x08001718       0x14 ./Core/Src/stm32f4xx_it.o
                0x08001718                DMA1_Stream2_IRQHandler
 .text.DMA1_Stream3_IRQHandler
                0x0800172c       0x14 ./Core/Src/stm32f4xx_it.o
                0x0800172c                DMA1_Stream3_IRQHandler
 .text.DMA1_Stream4_IRQHandler
                0x08001740       0x14 ./Core/Src/stm32f4xx_it.o
                0x08001740                DMA1_Stream4_IRQHandler
 .text.DMA1_Stream6_IRQHandler
                0x08001754       0x14 ./Core/Src/stm32f4xx_it.o
                0x08001754                DMA1_Stream6_IRQHandler
 .text.CAN1_TX_IRQHandler
                0x08001768       0x14 ./Core/Src/stm32f4xx_it.o
                0x08001768                CAN1_TX_IRQHandler
 .text.CAN1_RX0_IRQHandler
                0x0800177c       0x14 ./Core/Src/stm32f4xx_it.o
                0x0800177c                CAN1_RX0_IRQHandler
 .text.I2C1_EV_IRQHandler
                0x08001790       0x14 ./Core/Src/stm32f4xx_it.o
                0x08001790                I2C1_EV_IRQHandler
 .text.I2C1_ER_IRQHandler
                0x080017a4       0x14 ./Core/Src/stm32f4xx_it.o
                0x080017a4                I2C1_ER_IRQHandler
 .text.I2C2_EV_IRQHandler
                0x080017b8       0x14 ./Core/Src/stm32f4xx_it.o
                0x080017b8                I2C2_EV_IRQHandler
 .text.SPI1_IRQHandler
                0x080017cc       0x14 ./Core/Src/stm32f4xx_it.o
                0x080017cc                SPI1_IRQHandler
 .text.SPI2_IRQHandler
                0x080017e0       0x14 ./Core/Src/stm32f4xx_it.o
                0x080017e0                SPI2_IRQHandler
 .text.DMA1_Stream7_IRQHandler
                0x080017f4       0x14 ./Core/Src/stm32f4xx_it.o
                0x080017f4                DMA1_Stream7_IRQHandler
 .text.UART4_IRQHandler
                0x08001808       0x14 ./Core/Src/stm32f4xx_it.o
                0x08001808                UART4_IRQHandler
 .text.DMA2_Stream0_IRQHandler
                0x0800181c       0x14 ./Core/Src/stm32f4xx_it.o
                0x0800181c                DMA2_Stream0_IRQHandler
 .text.DMA2_Stream3_IRQHandler
                0x08001830       0x14 ./Core/Src/stm32f4xx_it.o
                0x08001830                DMA2_Stream3_IRQHandler
 .text.HAL_I2C_MemRxCpltCallback
                0x08001844       0x2c ./Core/Src/stm32f4xx_it.o
                0x08001844                HAL_I2C_MemRxCpltCallback
 .text.HAL_SPI_TxCpltCallback
                0x08001870       0x2c ./Core/Src/stm32f4xx_it.o
                0x08001870                HAL_SPI_TxCpltCallback
 .text.HAL_SPI_TxRxCpltCallback
                0x0800189c       0x2c ./Core/Src/stm32f4xx_it.o
                0x0800189c                HAL_SPI_TxRxCpltCallback
 .text.SystemInit
                0x080018c8       0x24 ./Core/Src/system_stm32f4xx.o
                0x080018c8                SystemInit
 .text.StartI2CTask
                0x080018ec      0x268 ./Core/Src/tasks.o
                0x080018ec                StartI2CTask
 .text.StartSPITask
                0x08001b54      0x1b0 ./Core/Src/tasks.o
                0x08001b54                StartSPITask
 .text.StartCANTask
                0x08001d04       0x40 ./Core/Src/tasks.o
                0x08001d04                StartCANTask
 .text.Process_CAN_Response
                0x08001d44      0x184 ./Core/Src/tasks.o
 .text.StartUARTTask
                0x08001ec8       0x12 ./Core/Src/tasks.o
                0x08001ec8                StartUARTTask
 .text.StartDefaultTask
                0x08001eda       0x12 ./Core/Src/tasks.o
                0x08001eda                StartDefaultTask
 .text.CAN_Init
                0x08001eec       0x30 ./Core/Src/yj_can.o
                0x08001eec                CAN_Init
 .text.CAN_SendMessage
                0x08001f1c       0x4c ./Core/Src/yj_can.o
                0x08001f1c                CAN_SendMessage
 .text.Reset_Handler
                0x08001f68       0x50 ./Core/Startup/startup_stm32f413zhtx.o
                0x08001f68                Reset_Handler
 .text.Default_Handler
                0x08001fb8        0x2 ./Core/Startup/startup_stm32f413zhtx.o
                0x08001fb8                RTC_Alarm_IRQHandler
                0x08001fb8                EXTI2_IRQHandler
                0x08001fb8                TIM8_CC_IRQHandler
                0x08001fb8                UART8_IRQHandler
                0x08001fb8                FMPI2C1_EV_IRQHandler
                0x08001fb8                SPI4_IRQHandler
                0x08001fb8                TIM1_CC_IRQHandler
                0x08001fb8                DMA2_Stream5_IRQHandler
                0x08001fb8                DMA1_Stream5_IRQHandler
                0x08001fb8                CAN3_RX1_IRQHandler
                0x08001fb8                PVD_IRQHandler
                0x08001fb8                SDIO_IRQHandler
                0x08001fb8                TAMP_STAMP_IRQHandler
                0x08001fb8                CAN2_RX1_IRQHandler
                0x08001fb8                EXTI3_IRQHandler
                0x08001fb8                TIM8_TRG_COM_TIM14_IRQHandler
                0x08001fb8                DFSDM1_FLT1_IRQHandler
                0x08001fb8                TIM1_UP_TIM10_IRQHandler
                0x08001fb8                TIM8_UP_TIM13_IRQHandler
                0x08001fb8                I2C3_ER_IRQHandler
                0x08001fb8                EXTI0_IRQHandler
                0x08001fb8                FPU_IRQHandler
                0x08001fb8                CAN3_SCE_IRQHandler
                0x08001fb8                CAN2_SCE_IRQHandler
                0x08001fb8                DMA2_Stream2_IRQHandler
                0x08001fb8                TIM6_DAC_IRQHandler
                0x08001fb8                TIM1_BRK_TIM9_IRQHandler
                0x08001fb8                CAN2_RX0_IRQHandler
                0x08001fb8                USART6_IRQHandler
                0x08001fb8                CAN3_RX0_IRQHandler
                0x08001fb8                USART3_IRQHandler
                0x08001fb8                DFSDM2_FLT3_IRQHandler
                0x08001fb8                CAN1_RX1_IRQHandler
                0x08001fb8                UART5_IRQHandler
                0x08001fb8                TIM4_IRQHandler
                0x08001fb8                QUADSPI_IRQHandler
                0x08001fb8                DMA1_Stream1_IRQHandler
                0x08001fb8                TIM3_IRQHandler
                0x08001fb8                RCC_IRQHandler
                0x08001fb8                UART9_IRQHandler
                0x08001fb8                TIM8_BRK_TIM12_IRQHandler
                0x08001fb8                Default_Handler
                0x08001fb8                EXTI15_10_IRQHandler
                0x08001fb8                ADC_IRQHandler
                0x08001fb8                DFSDM2_FLT0_IRQHandler
                0x08001fb8                SPI5_IRQHandler
                0x08001fb8                TIM7_IRQHandler
                0x08001fb8                CAN2_TX_IRQHandler
                0x08001fb8                TIM5_IRQHandler
                0x08001fb8                DMA2_Stream7_IRQHandler
                0x08001fb8                I2C3_EV_IRQHandler
                0x08001fb8                DFSDM2_FLT2_IRQHandler
                0x08001fb8                EXTI9_5_IRQHandler
                0x08001fb8                RTC_WKUP_IRQHandler
                0x08001fb8                FMPI2C1_ER_IRQHandler
                0x08001fb8                EXTI4_IRQHandler
                0x08001fb8                DFSDM2_FLT1_IRQHandler
                0x08001fb8                RNG_IRQHandler
                0x08001fb8                FSMC_IRQHandler
                0x08001fb8                WWDG_IRQHandler
                0x08001fb8                CAN3_TX_IRQHandler
                0x08001fb8                TIM2_IRQHandler
                0x08001fb8                OTG_FS_WKUP_IRQHandler
                0x08001fb8                TIM1_TRG_COM_TIM11_IRQHandler
                0x08001fb8                EXTI1_IRQHandler
                0x08001fb8                UART7_IRQHandler
                0x08001fb8                USART2_IRQHandler
                0x08001fb8                DFSDM1_FLT0_IRQHandler
                0x08001fb8                I2C2_ER_IRQHandler
                0x08001fb8                DMA2_Stream1_IRQHandler
                0x08001fb8                CAN1_SCE_IRQHandler
                0x08001fb8                FLASH_IRQHandler
                0x08001fb8                DMA2_Stream4_IRQHandler
                0x08001fb8                USART1_IRQHandler
                0x08001fb8                OTG_FS_IRQHandler
                0x08001fb8                SPI3_IRQHandler
                0x08001fb8                LPTIM1_IRQHandler
                0x08001fb8                DMA2_Stream6_IRQHandler
                0x08001fb8                UART10_IRQHandler
                0x08001fb8                SAI1_IRQHandler
 *fill*         0x08001fba        0x2 
 .text.HAL_Init
                0x08001fbc       0x44 ./Drivers/STM32F4xx_HAL_Driver/Src/stm32f4xx_hal.o
                0x08001fbc                HAL_Init
 .text.HAL_InitTick
                0x08002000       0x60 ./Drivers/STM32F4xx_HAL_Driver/Src/stm32f4xx_hal.o
                0x08002000                HAL_InitTick
 .text.HAL_IncTick
                0x08002060       0x28 ./Drivers/STM32F4xx_HAL_Driver/Src/stm32f4xx_hal.o
                0x08002060                HAL_IncTick
 .text.HAL_GetTick
                0x08002088       0x18 ./Drivers/STM32F4xx_HAL_Driver/Src/stm32f4xx_hal.o
                0x08002088                HAL_GetTick
 .text.HAL_ADC_Init
                0x080020a0       0x86 ./Drivers/STM32F4xx_HAL_Driver/Src/stm32f4xx_hal_adc.o
                0x080020a0                HAL_ADC_Init
 *fill*         0x08002126        0x2 
 .text.HAL_ADC_ConfigChannel
                0x08002128      0x264 ./Drivers/STM32F4xx_HAL_Driver/Src/stm32f4xx_hal_adc.o
                0x08002128                HAL_ADC_ConfigChannel
 .text.ADC_Init
                0x0800238c      0x1f8 ./Drivers/STM32F4xx_HAL_Driver/Src/stm32f4xx_hal_adc.o
 .text.HAL_CAN_Init
                0x08002584      0x1f6 ./Drivers/STM32F4xx_HAL_Driver/Src/stm32f4xx_hal_can.o
                0x08002584                HAL_CAN_Init
 .text.HAL_CAN_Start
                0x0800277a       0x88 ./Drivers/STM32F4xx_HAL_Driver/Src/stm32f4xx_hal_can.o
                0x0800277a                HAL_CAN_Start
 .text.HAL_CAN_AddTxMessage
                0x08002802      0x1b6 ./Drivers/STM32F4xx_HAL_Driver/Src/stm32f4xx_hal_can.o
                0x08002802                HAL_CAN_AddTxMessage
 .text.HAL_CAN_GetTxMailboxesFreeLevel
                0x080029b8       0x6a ./Drivers/STM32F4xx_HAL_Driver/Src/stm32f4xx_hal_can.o
                0x080029b8                HAL_CAN_GetTxMailboxesFreeLevel
 .text.HAL_CAN_ActivateNotification
                0x08002a22       0x4c ./Drivers/STM32F4xx_HAL_Driver/Src/stm32f4xx_hal_can.o
                0x08002a22                HAL_CAN_ActivateNotification
 .text.HAL_CAN_IRQHandler
                0x08002a6e      0x36e ./Drivers/STM32F4xx_HAL_Driver/Src/stm32f4xx_hal_can.o
                0x08002a6e                HAL_CAN_IRQHandler
 .text.HAL_CAN_TxMailbox0CompleteCallback
                0x08002ddc       0x14 ./Drivers/STM32F4xx_HAL_Driver/Src/stm32f4xx_hal_can.o
                0x08002ddc                HAL_CAN_TxMailbox0CompleteCallback
 .text.HAL_CAN_TxMailbox1CompleteCallback
                0x08002df0       0x14 ./Drivers/STM32F4xx_HAL_Driver/Src/stm32f4xx_hal_can.o
                0x08002df0                HAL_CAN_TxMailbox1CompleteCallback
 .text.HAL_CAN_TxMailbox2CompleteCallback
                0x08002e04       0x14 ./Drivers/STM32F4xx_HAL_Driver/Src/stm32f4xx_hal_can.o
                0x08002e04                HAL_CAN_TxMailbox2CompleteCallback
 .text.HAL_CAN_TxMailbox0AbortCallback
                0x08002e18       0x14 ./Drivers/STM32F4xx_HAL_Driver/Src/stm32f4xx_hal_can.o
                0x08002e18                HAL_CAN_TxMailbox0AbortCallback
 .text.HAL_CAN_TxMailbox1AbortCallback
                0x08002e2c       0x14 ./Drivers/STM32F4xx_HAL_Driver/Src/stm32f4xx_hal_can.o
                0x08002e2c                HAL_CAN_TxMailbox1AbortCallback
 .text.HAL_CAN_TxMailbox2AbortCallback
                0x08002e40       0x14 ./Drivers/STM32F4xx_HAL_Driver/Src/stm32f4xx_hal_can.o
                0x08002e40                HAL_CAN_TxMailbox2AbortCallback
 .text.HAL_CAN_RxFifo0MsgPendingCallback
                0x08002e54       0x14 ./Drivers/STM32F4xx_HAL_Driver/Src/stm32f4xx_hal_can.o
                0x08002e54                HAL_CAN_RxFifo0MsgPendingCallback
 .text.HAL_CAN_RxFifo0FullCallback
                0x08002e68       0x14 ./Drivers/STM32F4xx_HAL_Driver/Src/stm32f4xx_hal_can.o
                0x08002e68                HAL_CAN_RxFifo0FullCallback
 .text.HAL_CAN_RxFifo1MsgPendingCallback
                0x08002e7c       0x14 ./Drivers/STM32F4xx_HAL_Driver/Src/stm32f4xx_hal_can.o
                0x08002e7c                HAL_CAN_RxFifo1MsgPendingCallback
 .text.HAL_CAN_RxFifo1FullCallback
                0x08002e90       0x14 ./Drivers/STM32F4xx_HAL_Driver/Src/stm32f4xx_hal_can.o
                0x08002e90                HAL_CAN_RxFifo1FullCallback
 .text.HAL_CAN_SleepCallback
                0x08002ea4       0x14 ./Drivers/STM32F4xx_HAL_Driver/Src/stm32f4xx_hal_can.o
                0x08002ea4                HAL_CAN_SleepCallback
 .text.HAL_CAN_WakeUpFromRxMsgCallback
                0x08002eb8       0x14 ./Drivers/STM32F4xx_HAL_Driver/Src/stm32f4xx_hal_can.o
                0x08002eb8                HAL_CAN_WakeUpFromRxMsgCallback
 .text.HAL_CAN_ErrorCallback
                0x08002ecc       0x14 ./Drivers/STM32F4xx_HAL_Driver/Src/stm32f4xx_hal_can.o
                0x08002ecc                HAL_CAN_ErrorCallback
 .text.__NVIC_SetPriorityGrouping
                0x08002ee0       0x48 ./Drivers/STM32F4xx_HAL_Driver/Src/stm32f4xx_hal_cortex.o
 .text.__NVIC_GetPriorityGrouping
                0x08002f28       0x1c ./Drivers/STM32F4xx_HAL_Driver/Src/stm32f4xx_hal_cortex.o
 .text.__NVIC_EnableIRQ
                0x08002f44       0x3c ./Drivers/STM32F4xx_HAL_Driver/Src/stm32f4xx_hal_cortex.o
 .text.__NVIC_SetPriority
                0x08002f80       0x54 ./Drivers/STM32F4xx_HAL_Driver/Src/stm32f4xx_hal_cortex.o
 .text.NVIC_EncodePriority
                0x08002fd4       0x66 ./Drivers/STM32F4xx_HAL_Driver/Src/stm32f4xx_hal_cortex.o
 *fill*         0x0800303a        0x2 
 .text.SysTick_Config
                0x0800303c       0x44 ./Drivers/STM32F4xx_HAL_Driver/Src/stm32f4xx_hal_cortex.o
 .text.HAL_NVIC_SetPriorityGrouping
                0x08003080       0x16 ./Drivers/STM32F4xx_HAL_Driver/Src/stm32f4xx_hal_cortex.o
                0x08003080                HAL_NVIC_SetPriorityGrouping
 .text.HAL_NVIC_SetPriority
                0x08003096       0x38 ./Drivers/STM32F4xx_HAL_Driver/Src/stm32f4xx_hal_cortex.o
                0x08003096                HAL_NVIC_SetPriority
 .text.HAL_NVIC_EnableIRQ
                0x080030ce       0x1c ./Drivers/STM32F4xx_HAL_Driver/Src/stm32f4xx_hal_cortex.o
                0x080030ce                HAL_NVIC_EnableIRQ
 .text.HAL_SYSTICK_Config
                0x080030ea       0x18 ./Drivers/STM32F4xx_HAL_Driver/Src/stm32f4xx_hal_cortex.o
                0x080030ea                HAL_SYSTICK_Config
 *fill*         0x08003102        0x2 
 .text.HAL_DMA_Init
                0x08003104      0x15c ./Drivers/STM32F4xx_HAL_Driver/Src/stm32f4xx_hal_dma.o
                0x08003104                HAL_DMA_Init
 .text.HAL_DMA_Start_IT
                0x08003260       0xb0 ./Drivers/STM32F4xx_HAL_Driver/Src/stm32f4xx_hal_dma.o
                0x08003260                HAL_DMA_Start_IT
 .text.HAL_DMA_Abort
                0x08003310       0xe0 ./Drivers/STM32F4xx_HAL_Driver/Src/stm32f4xx_hal_dma.o
                0x08003310                HAL_DMA_Abort
 .text.HAL_DMA_Abort_IT
                0x080033f0       0x44 ./Drivers/STM32F4xx_HAL_Driver/Src/stm32f4xx_hal_dma.o
                0x080033f0                HAL_DMA_Abort_IT
 .text.HAL_DMA_IRQHandler
                0x08003434      0x314 ./Drivers/STM32F4xx_HAL_Driver/Src/stm32f4xx_hal_dma.o
                0x08003434                HAL_DMA_IRQHandler
 .text.HAL_DMA_GetState
                0x08003748       0x1c ./Drivers/STM32F4xx_HAL_Driver/Src/stm32f4xx_hal_dma.o
                0x08003748                HAL_DMA_GetState
 .text.HAL_DMA_GetError
                0x08003764       0x18 ./Drivers/STM32F4xx_HAL_Driver/Src/stm32f4xx_hal_dma.o
                0x08003764                HAL_DMA_GetError
 .text.DMA_SetConfig
                0x0800377c       0x5c ./Drivers/STM32F4xx_HAL_Driver/Src/stm32f4xx_hal_dma.o
 .text.DMA_CalcBaseAndBitshift
                0x080037d8       0x6c ./Drivers/STM32F4xx_HAL_Driver/Src/stm32f4xx_hal_dma.o
 .text.DMA_CheckFifoParam
                0x08003844       0xf8 ./Drivers/STM32F4xx_HAL_Driver/Src/stm32f4xx_hal_dma.o
 .text.HAL_GPIO_Init
                0x0800393c      0x328 ./Drivers/STM32F4xx_HAL_Driver/Src/stm32f4xx_hal_gpio.o
                0x0800393c                HAL_GPIO_Init
 .text.HAL_GPIO_WritePin
                0x08003c64       0x32 ./Drivers/STM32F4xx_HAL_Driver/Src/stm32f4xx_hal_gpio.o
                0x08003c64                HAL_GPIO_WritePin
 *fill*         0x08003c96        0x2 
 .text.HAL_I2C_Init
                0x08003c98      0x288 ./Drivers/STM32F4xx_HAL_Driver/Src/stm32f4xx_hal_i2c.o
                0x08003c98                HAL_I2C_Init
 .text.HAL_I2C_Mem_Read_DMA
                0x08003f20      0x328 ./Drivers/STM32F4xx_HAL_Driver/Src/stm32f4xx_hal_i2c.o
                0x08003f20                HAL_I2C_Mem_Read_DMA
 .text.HAL_I2C_EV_IRQHandler
                0x08004248      0x2e2 ./Drivers/STM32F4xx_HAL_Driver/Src/stm32f4xx_hal_i2c.o
                0x08004248                HAL_I2C_EV_IRQHandler
 .text.HAL_I2C_ER_IRQHandler
                0x0800452a      0x14e ./Drivers/STM32F4xx_HAL_Driver/Src/stm32f4xx_hal_i2c.o
                0x0800452a                HAL_I2C_ER_IRQHandler
 .text.HAL_I2C_MasterTxCpltCallback
                0x08004678       0x14 ./Drivers/STM32F4xx_HAL_Driver/Src/stm32f4xx_hal_i2c.o
                0x08004678                HAL_I2C_MasterTxCpltCallback
 .text.HAL_I2C_MasterRxCpltCallback
                0x0800468c       0x14 ./Drivers/STM32F4xx_HAL_Driver/Src/stm32f4xx_hal_i2c.o
                0x0800468c                HAL_I2C_MasterRxCpltCallback
 .text.HAL_I2C_SlaveTxCpltCallback
                0x080046a0       0x14 ./Drivers/STM32F4xx_HAL_Driver/Src/stm32f4xx_hal_i2c.o
                0x080046a0                HAL_I2C_SlaveTxCpltCallback
 .text.HAL_I2C_SlaveRxCpltCallback
                0x080046b4       0x14 ./Drivers/STM32F4xx_HAL_Driver/Src/stm32f4xx_hal_i2c.o
                0x080046b4                HAL_I2C_SlaveRxCpltCallback
 .text.HAL_I2C_AddrCallback
                0x080046c8       0x1c ./Drivers/STM32F4xx_HAL_Driver/Src/stm32f4xx_hal_i2c.o
                0x080046c8                HAL_I2C_AddrCallback
 .text.HAL_I2C_ListenCpltCallback
                0x080046e4       0x14 ./Drivers/STM32F4xx_HAL_Driver/Src/stm32f4xx_hal_i2c.o
                0x080046e4                HAL_I2C_ListenCpltCallback
 .text.HAL_I2C_MemTxCpltCallback
                0x080046f8       0x14 ./Drivers/STM32F4xx_HAL_Driver/Src/stm32f4xx_hal_i2c.o
                0x080046f8                HAL_I2C_MemTxCpltCallback
 .text.HAL_I2C_ErrorCallback
                0x0800470c       0x14 ./Drivers/STM32F4xx_HAL_Driver/Src/stm32f4xx_hal_i2c.o
                0x0800470c                HAL_I2C_ErrorCallback
 .text.HAL_I2C_AbortCpltCallback
                0x08004720       0x14 ./Drivers/STM32F4xx_HAL_Driver/Src/stm32f4xx_hal_i2c.o
                0x08004720                HAL_I2C_AbortCpltCallback
 .text.I2C_MasterTransmit_TXE
                0x08004734      0x138 ./Drivers/STM32F4xx_HAL_Driver/Src/stm32f4xx_hal_i2c.o
 .text.I2C_MasterTransmit_BTF
                0x0800486c       0xec ./Drivers/STM32F4xx_HAL_Driver/Src/stm32f4xx_hal_i2c.o
 .text.I2C_MemoryTransmit_TXE_BTF
                0x08004958      0x128 ./Drivers/STM32F4xx_HAL_Driver/Src/stm32f4xx_hal_i2c.o
 .text.I2C_MasterReceive_RXNE
                0x08004a80      0x162 ./Drivers/STM32F4xx_HAL_Driver/Src/stm32f4xx_hal_i2c.o
 .text.I2C_MasterReceive_BTF
                0x08004be2      0x1d4 ./Drivers/STM32F4xx_HAL_Driver/Src/stm32f4xx_hal_i2c.o
 .text.I2C_Master_SB
                0x08004db6      0x10c ./Drivers/STM32F4xx_HAL_Driver/Src/stm32f4xx_hal_i2c.o
 .text.I2C_Master_ADD10
                0x08004ec2       0x54 ./Drivers/STM32F4xx_HAL_Driver/Src/stm32f4xx_hal_i2c.o
 .text.I2C_Master_ADDR
                0x08004f16      0x322 ./Drivers/STM32F4xx_HAL_Driver/Src/stm32f4xx_hal_i2c.o
 .text.I2C_SlaveTransmit_TXE
                0x08005238       0x7a ./Drivers/STM32F4xx_HAL_Driver/Src/stm32f4xx_hal_i2c.o
 .text.I2C_SlaveTransmit_BTF
                0x080052b2       0x42 ./Drivers/STM32F4xx_HAL_Driver/Src/stm32f4xx_hal_i2c.o
 .text.I2C_SlaveReceive_RXNE
                0x080052f4       0x7c ./Drivers/STM32F4xx_HAL_Driver/Src/stm32f4xx_hal_i2c.o
 .text.I2C_SlaveReceive_BTF
                0x08005370       0x44 ./Drivers/STM32F4xx_HAL_Driver/Src/stm32f4xx_hal_i2c.o
 .text.I2C_Slave_ADDR
                0x080053b4       0x94 ./Drivers/STM32F4xx_HAL_Driver/Src/stm32f4xx_hal_i2c.o
 .text.I2C_Slave_STOPF
                0x08005448      0x260 ./Drivers/STM32F4xx_HAL_Driver/Src/stm32f4xx_hal_i2c.o
 .text.I2C_Slave_AF
                0x080056a8       0xe0 ./Drivers/STM32F4xx_HAL_Driver/Src/stm32f4xx_hal_i2c.o
 .text.I2C_ITError
                0x08005788      0x264 ./Drivers/STM32F4xx_HAL_Driver/Src/stm32f4xx_hal_i2c.o
 .text.I2C_RequestMemoryRead
                0x080059ec      0x1d0 ./Drivers/STM32F4xx_HAL_Driver/Src/stm32f4xx_hal_i2c.o
 .text.I2C_DMAXferCplt
                0x08005bbc      0x1aa ./Drivers/STM32F4xx_HAL_Driver/Src/stm32f4xx_hal_i2c.o
 .text.I2C_DMAError
                0x08005d66       0x7a ./Drivers/STM32F4xx_HAL_Driver/Src/stm32f4xx_hal_i2c.o
 .text.I2C_DMAAbort
                0x08005de0      0x150 ./Drivers/STM32F4xx_HAL_Driver/Src/stm32f4xx_hal_i2c.o
 .text.I2C_WaitOnFlagUntilTimeout
                0x08005f30       0xae ./Drivers/STM32F4xx_HAL_Driver/Src/stm32f4xx_hal_i2c.o
 .text.I2C_WaitOnMasterAddressFlagUntilTimeout
                0x08005fde       0xfe ./Drivers/STM32F4xx_HAL_Driver/Src/stm32f4xx_hal_i2c.o
 .text.I2C_WaitOnTXEFlagUntilTimeout
                0x080060dc       0x82 ./Drivers/STM32F4xx_HAL_Driver/Src/stm32f4xx_hal_i2c.o
 *fill*         0x0800615e        0x2 
 .text.I2C_WaitOnSTOPRequestThroughIT
                0x08006160       0x64 ./Drivers/STM32F4xx_HAL_Driver/Src/stm32f4xx_hal_i2c.o
 .text.I2C_IsAcknowledgeFailed
                0x080061c4       0x5e ./Drivers/STM32F4xx_HAL_Driver/Src/stm32f4xx_hal_i2c.o
 .text.I2C_ConvertOtherXferOptions
                0x08006222       0x36 ./Drivers/STM32F4xx_HAL_Driver/Src/stm32f4xx_hal_i2c.o
 .text.HAL_RCC_ClockConfig
                0x08006258      0x1cc ./Drivers/STM32F4xx_HAL_Driver/Src/stm32f4xx_hal_rcc.o
                0x08006258                HAL_RCC_ClockConfig
 .text.HAL_RCC_GetSysClockFreq
                0x08006424      0x18c ./Drivers/STM32F4xx_HAL_Driver/Src/stm32f4xx_hal_rcc.o
                0x08006424                HAL_RCC_GetSysClockFreq
 .text.HAL_RCC_GetHCLKFreq
                0x080065b0       0x18 ./Drivers/STM32F4xx_HAL_Driver/Src/stm32f4xx_hal_rcc.o
                0x080065b0                HAL_RCC_GetHCLKFreq
 .text.HAL_RCC_GetPCLK1Freq
                0x080065c8       0x28 ./Drivers/STM32F4xx_HAL_Driver/Src/stm32f4xx_hal_rcc.o
                0x080065c8                HAL_RCC_GetPCLK1Freq
 .text.HAL_RCC_GetPCLK2Freq
                0x080065f0       0x28 ./Drivers/STM32F4xx_HAL_Driver/Src/stm32f4xx_hal_rcc.o
                0x080065f0                HAL_RCC_GetPCLK2Freq
 .text.HAL_RCC_OscConfig
                0x08006618      0x508 ./Drivers/STM32F4xx_HAL_Driver/Src/stm32f4xx_hal_rcc_ex.o
                0x08006618                HAL_RCC_OscConfig
 .text.HAL_SPI_Init
                0x08006b20      0x112 ./Drivers/STM32F4xx_HAL_Driver/Src/stm32f4xx_hal_spi.o
                0x08006b20                HAL_SPI_Init
 .text.HAL_SPI_Transmit
                0x08006c32      0x278 ./Drivers/STM32F4xx_HAL_Driver/Src/stm32f4xx_hal_spi.o
                0x08006c32                HAL_SPI_Transmit
 .text.HAL_SPI_Receive
                0x08006eaa      0x222 ./Drivers/STM32F4xx_HAL_Driver/Src/stm32f4xx_hal_spi.o
                0x08006eaa                HAL_SPI_Receive
 .text.HAL_SPI_TransmitReceive
                0x080070cc      0x344 ./Drivers/STM32F4xx_HAL_Driver/Src/stm32f4xx_hal_spi.o
                0x080070cc                HAL_SPI_TransmitReceive
 .text.HAL_SPI_Transmit_DMA
                0x08007410      0x16c ./Drivers/STM32F4xx_HAL_Driver/Src/stm32f4xx_hal_spi.o
                0x08007410                HAL_SPI_Transmit_DMA
 .text.HAL_SPI_TransmitReceive_DMA
                0x0800757c      0x204 ./Drivers/STM32F4xx_HAL_Driver/Src/stm32f4xx_hal_spi.o
                0x0800757c                HAL_SPI_TransmitReceive_DMA
 .text.HAL_SPI_IRQHandler
                0x08007780      0x200 ./Drivers/STM32F4xx_HAL_Driver/Src/stm32f4xx_hal_spi.o
                0x08007780                HAL_SPI_IRQHandler
 .text.HAL_SPI_RxCpltCallback
                0x08007980       0x14 ./Drivers/STM32F4xx_HAL_Driver/Src/stm32f4xx_hal_spi.o
                0x08007980                HAL_SPI_RxCpltCallback
 .text.HAL_SPI_TxHalfCpltCallback
                0x08007994       0x14 ./Drivers/STM32F4xx_HAL_Driver/Src/stm32f4xx_hal_spi.o
                0x08007994                HAL_SPI_TxHalfCpltCallback
 .text.HAL_SPI_RxHalfCpltCallback
                0x080079a8       0x14 ./Drivers/STM32F4xx_HAL_Driver/Src/stm32f4xx_hal_spi.o
                0x080079a8                HAL_SPI_RxHalfCpltCallback
 .text.HAL_SPI_TxRxHalfCpltCallback
                0x080079bc       0x14 ./Drivers/STM32F4xx_HAL_Driver/Src/stm32f4xx_hal_spi.o
                0x080079bc                HAL_SPI_TxRxHalfCpltCallback
 .text.HAL_SPI_ErrorCallback
                0x080079d0       0x14 ./Drivers/STM32F4xx_HAL_Driver/Src/stm32f4xx_hal_spi.o
                0x080079d0                HAL_SPI_ErrorCallback
 .text.SPI_DMATransmitCplt
                0x080079e4       0xa8 ./Drivers/STM32F4xx_HAL_Driver/Src/stm32f4xx_hal_spi.o
 .text.SPI_DMAReceiveCplt
                0x08007a8c       0xa8 ./Drivers/STM32F4xx_HAL_Driver/Src/stm32f4xx_hal_spi.o
 .text.SPI_DMATransmitReceiveCplt
                0x08007b34       0x90 ./Drivers/STM32F4xx_HAL_Driver/Src/stm32f4xx_hal_spi.o
 .text.SPI_DMAHalfTransmitCplt
                0x08007bc4       0x1c ./Drivers/STM32F4xx_HAL_Driver/Src/stm32f4xx_hal_spi.o
 .text.SPI_DMAHalfReceiveCplt
                0x08007be0       0x1c ./Drivers/STM32F4xx_HAL_Driver/Src/stm32f4xx_hal_spi.o
 .text.SPI_DMAHalfTransmitReceiveCplt
                0x08007bfc       0x1c ./Drivers/STM32F4xx_HAL_Driver/Src/stm32f4xx_hal_spi.o
 .text.SPI_DMAError
                0x08007c18       0x40 ./Drivers/STM32F4xx_HAL_Driver/Src/stm32f4xx_hal_spi.o
 .text.SPI_DMAAbortOnError
                0x08007c58       0x28 ./Drivers/STM32F4xx_HAL_Driver/Src/stm32f4xx_hal_spi.o
 .text.SPI_WaitFlagStateUntilTimeout
                0x08007c80      0x110 ./Drivers/STM32F4xx_HAL_Driver/Src/stm32f4xx_hal_spi.o
 .text.SPI_EndRxTransaction
                0x08007d90       0xca ./Drivers/STM32F4xx_HAL_Driver/Src/stm32f4xx_hal_spi.o
 *fill*         0x08007e5a        0x2 
 .text.SPI_EndRxTxTransaction
                0x08007e5c       0x84 ./Drivers/STM32F4xx_HAL_Driver/Src/stm32f4xx_hal_spi.o
 .text.HAL_UART_Init
                0x08007ee0       0x9a ./Drivers/STM32F4xx_HAL_Driver/Src/stm32f4xx_hal_uart.o
                0x08007ee0                HAL_UART_Init
 *fill*         0x08007f7a        0x2 
 .text.HAL_UART_IRQHandler
                0x08007f7c      0x51c ./Drivers/STM32F4xx_HAL_Driver/Src/stm32f4xx_hal_uart.o
                0x08007f7c                HAL_UART_IRQHandler
 .text.HAL_UART_TxCpltCallback
                0x08008498       0x14 ./Drivers/STM32F4xx_HAL_Driver/Src/stm32f4xx_hal_uart.o
                0x08008498                HAL_UART_TxCpltCallback
 .text.HAL_UART_RxCpltCallback
                0x080084ac       0x14 ./Drivers/STM32F4xx_HAL_Driver/Src/stm32f4xx_hal_uart.o
                0x080084ac                HAL_UART_RxCpltCallback
 .text.HAL_UART_ErrorCallback
                0x080084c0       0x14 ./Drivers/STM32F4xx_HAL_Driver/Src/stm32f4xx_hal_uart.o
                0x080084c0                HAL_UART_ErrorCallback
 .text.HAL_UARTEx_RxEventCallback
                0x080084d4       0x18 ./Drivers/STM32F4xx_HAL_Driver/Src/stm32f4xx_hal_uart.o
                0x080084d4                HAL_UARTEx_RxEventCallback
 .text.UART_EndRxTransfer
                0x080084ec       0xc6 ./Drivers/STM32F4xx_HAL_Driver/Src/stm32f4xx_hal_uart.o
 .text.UART_DMAAbortOnError
                0x080085b2       0x28 ./Drivers/STM32F4xx_HAL_Driver/Src/stm32f4xx_hal_uart.o
 .text.UART_Transmit_IT
                0x080085da       0xa0 ./Drivers/STM32F4xx_HAL_Driver/Src/stm32f4xx_hal_uart.o
 .text.UART_EndTransmit_IT
                0x0800867a       0x30 ./Drivers/STM32F4xx_HAL_Driver/Src/stm32f4xx_hal_uart.o
 .text.UART_Receive_IT
                0x080086aa      0x176 ./Drivers/STM32F4xx_HAL_Driver/Src/stm32f4xx_hal_uart.o
 .text.UART_SetConfig
                0x08008820      0x508 ./Drivers/STM32F4xx_HAL_Driver/Src/stm32f4xx_hal_uart.o
 .text.__NVIC_SetPriority
                0x08008d28       0x54 ./Middlewares/Third_Party/FreeRTOS/Source/CMSIS_RTOS_V2/cmsis_os2.o
 .text.SVC_Setup
                0x08008d7c       0x12 ./Middlewares/Third_Party/FreeRTOS/Source/CMSIS_RTOS_V2/cmsis_os2.o
 *fill*         0x08008d8e        0x2 
 .text.osKernelInitialize
                0x08008d90       0x48 ./Middlewares/Third_Party/FreeRTOS/Source/CMSIS_RTOS_V2/cmsis_os2.o
                0x08008d90                osKernelInitialize
 .text.osKernelStart
                0x08008dd8       0x4c ./Middlewares/Third_Party/FreeRTOS/Source/CMSIS_RTOS_V2/cmsis_os2.o
                0x08008dd8                osKernelStart
 .text.osThreadNew
                0x08008e24      0x124 ./Middlewares/Third_Party/FreeRTOS/Source/CMSIS_RTOS_V2/cmsis_os2.o
                0x08008e24                osThreadNew
 .text.osDelay  0x08008f48       0x36 ./Middlewares/Third_Party/FreeRTOS/Source/CMSIS_RTOS_V2/cmsis_os2.o
                0x08008f48                osDelay
 .text.osMutexNew
                0x08008f7e      0x10c ./Middlewares/Third_Party/FreeRTOS/Source/CMSIS_RTOS_V2/cmsis_os2.o
                0x08008f7e                osMutexNew
 .text.osMutexAcquire
                0x0800908a       0x96 ./Middlewares/Third_Party/FreeRTOS/Source/CMSIS_RTOS_V2/cmsis_os2.o
                0x0800908a                osMutexAcquire
 .text.osMutexRelease
                0x08009120       0x7a ./Middlewares/Third_Party/FreeRTOS/Source/CMSIS_RTOS_V2/cmsis_os2.o
                0x08009120                osMutexRelease
 .text.osSemaphoreNew
                0x0800919a      0x112 ./Middlewares/Third_Party/FreeRTOS/Source/CMSIS_RTOS_V2/cmsis_os2.o
                0x0800919a                osSemaphoreNew
 .text.osSemaphoreAcquire
                0x080092ac       0xa4 ./Middlewares/Third_Party/FreeRTOS/Source/CMSIS_RTOS_V2/cmsis_os2.o
                0x080092ac                osSemaphoreAcquire
 .text.osSemaphoreRelease
                0x08009350       0x88 ./Middlewares/Third_Party/FreeRTOS/Source/CMSIS_RTOS_V2/cmsis_os2.o
                0x08009350                osSemaphoreRelease
 .text.osMessageQueueNew
                0x080093d8       0xe6 ./Middlewares/Third_Party/FreeRTOS/Source/CMSIS_RTOS_V2/cmsis_os2.o
                0x080093d8                osMessageQueueNew
 *fill*         0x080094be        0x2 
 .text.osMessageQueuePut
                0x080094c0       0xc0 ./Middlewares/Third_Party/FreeRTOS/Source/CMSIS_RTOS_V2/cmsis_os2.o
                0x080094c0                osMessageQueuePut
 .text.osMessageQueueGet
                0x08009580       0xbc ./Middlewares/Third_Party/FreeRTOS/Source/CMSIS_RTOS_V2/cmsis_os2.o
                0x08009580                osMessageQueueGet
 .text.vApplicationGetIdleTaskMemory
                0x0800963c       0x34 ./Middlewares/Third_Party/FreeRTOS/Source/CMSIS_RTOS_V2/cmsis_os2.o
                0x0800963c                vApplicationGetIdleTaskMemory
 .text.vApplicationGetTimerTaskMemory
                0x08009670       0x34 ./Middlewares/Third_Party/FreeRTOS/Source/CMSIS_RTOS_V2/cmsis_os2.o
                0x08009670                vApplicationGetTimerTaskMemory
 .text.vListInitialise
                0x080096a4       0x40 ./Middlewares/Third_Party/FreeRTOS/Source/list.o
                0x080096a4                vListInitialise
 .text.vListInitialiseItem
                0x080096e4       0x1a ./Middlewares/Third_Party/FreeRTOS/Source/list.o
                0x080096e4                vListInitialiseItem
 .text.vListInsertEnd
                0x080096fe       0x48 ./Middlewares/Third_Party/FreeRTOS/Source/list.o
                0x080096fe                vListInsertEnd
 .text.vListInsert
                0x08009746       0x72 ./Middlewares/Third_Party/FreeRTOS/Source/list.o
                0x08009746                vListInsert
 .text.uxListRemove
                0x080097b8       0x54 ./Middlewares/Third_Party/FreeRTOS/Source/list.o
                0x080097b8                uxListRemove
 .text.xQueueGenericReset
                0x0800980c       0xd4 ./Middlewares/Third_Party/FreeRTOS/Source/queue.o
                0x0800980c                xQueueGenericReset
 .text.xQueueGenericCreateStatic
                0x080098e0       0xfa ./Middlewares/Third_Party/FreeRTOS/Source/queue.o
                0x080098e0                xQueueGenericCreateStatic
 .text.xQueueGenericCreate
                0x080099da       0x76 ./Middlewares/Third_Party/FreeRTOS/Source/queue.o
                0x080099da                xQueueGenericCreate
 .text.prvInitialiseNewQueue
                0x08009a50       0x46 ./Middlewares/Third_Party/FreeRTOS/Source/queue.o
 .text.prvInitialiseMutex
                0x08009a96       0x34 ./Middlewares/Third_Party/FreeRTOS/Source/queue.o
 .text.xQueueCreateMutex
                0x08009aca       0x30 ./Middlewares/Third_Party/FreeRTOS/Source/queue.o
                0x08009aca                xQueueCreateMutex
 .text.xQueueCreateMutexStatic
                0x08009afa       0x36 ./Middlewares/Third_Party/FreeRTOS/Source/queue.o
                0x08009afa                xQueueCreateMutexStatic
 .text.xQueueGiveMutexRecursive
                0x08009b30       0x6a ./Middlewares/Third_Party/FreeRTOS/Source/queue.o
                0x08009b30                xQueueGiveMutexRecursive
 .text.xQueueTakeMutexRecursive
                0x08009b9a       0x6e ./Middlewares/Third_Party/FreeRTOS/Source/queue.o
                0x08009b9a                xQueueTakeMutexRecursive
 .text.xQueueCreateCountingSemaphoreStatic
                0x08009c08       0x72 ./Middlewares/Third_Party/FreeRTOS/Source/queue.o
                0x08009c08                xQueueCreateCountingSemaphoreStatic
 .text.xQueueCreateCountingSemaphore
                0x08009c7a       0x6a ./Middlewares/Third_Party/FreeRTOS/Source/queue.o
                0x08009c7a                xQueueCreateCountingSemaphore
 .text.xQueueGenericSend
                0x08009ce4      0x204 ./Middlewares/Third_Party/FreeRTOS/Source/queue.o
                0x08009ce4                xQueueGenericSend
 .text.xQueueGenericSendFromISR
                0x08009ee8      0x13c ./Middlewares/Third_Party/FreeRTOS/Source/queue.o
                0x08009ee8                xQueueGenericSendFromISR
 .text.xQueueGiveFromISR
                0x0800a024      0x120 ./Middlewares/Third_Party/FreeRTOS/Source/queue.o
                0x0800a024                xQueueGiveFromISR
 .text.xQueueReceive
                0x0800a144      0x1c4 ./Middlewares/Third_Party/FreeRTOS/Source/queue.o
                0x0800a144                xQueueReceive
 .text.xQueueSemaphoreTake
                0x0800a308      0x220 ./Middlewares/Third_Party/FreeRTOS/Source/queue.o
                0x0800a308                xQueueSemaphoreTake
 .text.xQueueReceiveFromISR
                0x0800a528      0x104 ./Middlewares/Third_Party/FreeRTOS/Source/queue.o
                0x0800a528                xQueueReceiveFromISR
 .text.vQueueDelete
                0x0800a62c       0x48 ./Middlewares/Third_Party/FreeRTOS/Source/queue.o
                0x0800a62c                vQueueDelete
 .text.prvGetDisinheritPriorityAfterTimeout
                0x0800a674       0x30 ./Middlewares/Third_Party/FreeRTOS/Source/queue.o
 .text.prvCopyDataToQueue
                0x0800a6a4       0xd4 ./Middlewares/Third_Party/FreeRTOS/Source/queue.o
 .text.prvCopyDataFromQueue
                0x0800a778       0x4c ./Middlewares/Third_Party/FreeRTOS/Source/queue.o
 .text.prvUnlockQueue
                0x0800a7c4       0xa4 ./Middlewares/Third_Party/FreeRTOS/Source/queue.o
 .text.prvIsQueueEmpty
                0x0800a868       0x2c ./Middlewares/Third_Party/FreeRTOS/Source/queue.o
 .text.prvIsQueueFull
                0x0800a894       0x30 ./Middlewares/Third_Party/FreeRTOS/Source/queue.o
 .text.vQueueAddToRegistry
                0x0800a8c4       0x54 ./Middlewares/Third_Party/FreeRTOS/Source/queue.o
                0x0800a8c4                vQueueAddToRegistry
 .text.vQueueUnregisterQueue
                0x0800a918       0x54 ./Middlewares/Third_Party/FreeRTOS/Source/queue.o
                0x0800a918                vQueueUnregisterQueue
 .text.vQueueWaitForMessageRestricted
                0x0800a96c       0x68 ./Middlewares/Third_Party/FreeRTOS/Source/queue.o
                0x0800a96c                vQueueWaitForMessageRestricted
 .text.xTaskCreateStatic
                0x0800a9d4       0xc0 ./Middlewares/Third_Party/FreeRTOS/Source/tasks.o
                0x0800a9d4                xTaskCreateStatic
 .text.xTaskCreate
                0x0800aa94       0x8a ./Middlewares/Third_Party/FreeRTOS/Source/tasks.o
                0x0800aa94                xTaskCreate
 .text.prvInitialiseNewTask
                0x0800ab1e      0x120 ./Middlewares/Third_Party/FreeRTOS/Source/tasks.o
 *fill*         0x0800ac3e        0x2 
 .text.prvAddNewTaskToReadyList
                0x0800ac40       0xe0 ./Middlewares/Third_Party/FreeRTOS/Source/tasks.o
 .text.vTaskDelay
                0x0800ad20       0x6c ./Middlewares/Third_Party/FreeRTOS/Source/tasks.o
                0x0800ad20                vTaskDelay
 .text.vTaskStartScheduler
                0x0800ad8c       0xd0 ./Middlewares/Third_Party/FreeRTOS/Source/tasks.o
                0x0800ad8c                vTaskStartScheduler
 .text.vTaskSuspendAll
                0x0800ae5c       0x1c ./Middlewares/Third_Party/FreeRTOS/Source/tasks.o
                0x0800ae5c                vTaskSuspendAll
 .text.xTaskResumeAll
                0x0800ae78      0x13c ./Middlewares/Third_Party/FreeRTOS/Source/tasks.o
                0x0800ae78                xTaskResumeAll
 .text.xTaskGetTickCount
                0x0800afb4       0x20 ./Middlewares/Third_Party/FreeRTOS/Source/tasks.o
                0x0800afb4                xTaskGetTickCount
 .text.xTaskIncrementTick
                0x0800afd4      0x174 ./Middlewares/Third_Party/FreeRTOS/Source/tasks.o
                0x0800afd4                xTaskIncrementTick
 .text.vTaskSwitchContext
                0x0800b148       0xbc ./Middlewares/Third_Party/FreeRTOS/Source/tasks.o
                0x0800b148                vTaskSwitchContext
 .text.vTaskPlaceOnEventList
                0x0800b204       0x4c ./Middlewares/Third_Party/FreeRTOS/Source/tasks.o
                0x0800b204                vTaskPlaceOnEventList
 .text.vTaskPlaceOnEventListRestricted
                0x0800b250       0x58 ./Middlewares/Third_Party/FreeRTOS/Source/tasks.o
                0x0800b250                vTaskPlaceOnEventListRestricted
 .text.xTaskRemoveFromEventList
                0x0800b2a8       0xc8 ./Middlewares/Third_Party/FreeRTOS/Source/tasks.o
                0x0800b2a8                xTaskRemoveFromEventList
 .text.vTaskInternalSetTimeOutState
                0x0800b370       0x2c ./Middlewares/Third_Party/FreeRTOS/Source/tasks.o
                0x0800b370                vTaskInternalSetTimeOutState
 .text.xTaskCheckForTimeOut
                0x0800b39c       0xc8 ./Middlewares/Third_Party/FreeRTOS/Source/tasks.o
                0x0800b39c                xTaskCheckForTimeOut
 .text.vTaskMissedYield
                0x0800b464       0x18 ./Middlewares/Third_Party/FreeRTOS/Source/tasks.o
                0x0800b464                vTaskMissedYield
 .text.prvIdleTask
                0x0800b47c       0x30 ./Middlewares/Third_Party/FreeRTOS/Source/tasks.o
 .text.prvInitialiseTaskLists
                0x0800b4ac       0x80 ./Middlewares/Third_Party/FreeRTOS/Source/tasks.o
 .text.prvCheckTasksWaitingTermination
                0x0800b52c       0x5c ./Middlewares/Third_Party/FreeRTOS/Source/tasks.o
 .text.prvDeleteTCB
                0x0800b588       0x60 ./Middlewares/Third_Party/FreeRTOS/Source/tasks.o
 .text.prvResetNextTaskUnblockTime
                0x0800b5e8       0x40 ./Middlewares/Third_Party/FreeRTOS/Source/tasks.o
 .text.xTaskGetCurrentTaskHandle
                0x0800b628       0x20 ./Middlewares/Third_Party/FreeRTOS/Source/tasks.o
                0x0800b628                xTaskGetCurrentTaskHandle
 .text.xTaskGetSchedulerState
                0x0800b648       0x3c ./Middlewares/Third_Party/FreeRTOS/Source/tasks.o
                0x0800b648                xTaskGetSchedulerState
 .text.xTaskPriorityInherit
                0x0800b684       0xd0 ./Middlewares/Third_Party/FreeRTOS/Source/tasks.o
                0x0800b684                xTaskPriorityInherit
 .text.xTaskPriorityDisinherit
                0x0800b754       0xe0 ./Middlewares/Third_Party/FreeRTOS/Source/tasks.o
                0x0800b754                xTaskPriorityDisinherit
 .text.vTaskPriorityDisinheritAfterTimeout
                0x0800b834      0x108 ./Middlewares/Third_Party/FreeRTOS/Source/tasks.o
                0x0800b834                vTaskPriorityDisinheritAfterTimeout
 .text.pvTaskIncrementMutexHeldCount
                0x0800b93c       0x28 ./Middlewares/Third_Party/FreeRTOS/Source/tasks.o
                0x0800b93c                pvTaskIncrementMutexHeldCount
 .text.prvAddCurrentTaskToDelayedList
                0x0800b964       0xa8 ./Middlewares/Third_Party/FreeRTOS/Source/tasks.o
 .text.xTimerCreateTimerTask
                0x0800ba0c       0x94 ./Middlewares/Third_Party/FreeRTOS/Source/timers.o
                0x0800ba0c                xTimerCreateTimerTask
 .text.xTimerGenericCommand
                0x0800baa0       0x9c ./Middlewares/Third_Party/FreeRTOS/Source/timers.o
                0x0800baa0                xTimerGenericCommand
 .text.prvProcessExpiredTimer
                0x0800bb3c       0x9c ./Middlewares/Third_Party/FreeRTOS/Source/timers.o
 .text.prvTimerTask
                0x0800bbd8       0x26 ./Middlewares/Third_Party/FreeRTOS/Source/timers.o
 *fill*         0x0800bbfe        0x2 
 .text.prvProcessTimerOrBlockTask
                0x0800bc00       0x9c ./Middlewares/Third_Party/FreeRTOS/Source/timers.o
 .text.prvGetNextExpireTime
                0x0800bc9c       0x48 ./Middlewares/Third_Party/FreeRTOS/Source/timers.o
 .text.prvSampleTimeNow
                0x0800bce4       0x40 ./Middlewares/Third_Party/FreeRTOS/Source/timers.o
 .text.prvInsertTimerInActiveList
                0x0800bd24       0x84 ./Middlewares/Third_Party/FreeRTOS/Source/timers.o
 .text.prvProcessReceivedCommands
                0x0800bda8      0x1cc ./Middlewares/Third_Party/FreeRTOS/Source/timers.o
 .text.prvSwitchTimerLists
                0x0800bf74       0xcc ./Middlewares/Third_Party/FreeRTOS/Source/timers.o
 .text.prvCheckForValidListAndQueue
                0x0800c040       0x80 ./Middlewares/Third_Party/FreeRTOS/Source/timers.o
 .text.pxPortInitialiseStack
                0x0800c0c0       0x68 ./Middlewares/Third_Party/FreeRTOS/Source/portable/GCC/ARM_CM4F/port.o
                0x0800c0c0                pxPortInitialiseStack
 .text.prvTaskExitError
                0x0800c128       0x5c ./Middlewares/Third_Party/FreeRTOS/Source/portable/GCC/ARM_CM4F/port.o
 *fill*         0x0800c184        0xc 
 .text.SVC_Handler
                0x0800c190       0x28 ./Middlewares/Third_Party/FreeRTOS/Source/portable/GCC/ARM_CM4F/port.o
                0x0800c190                SVC_Handler
 .text.prvPortStartFirstTask
                0x0800c1b8       0x28 ./Middlewares/Third_Party/FreeRTOS/Source/portable/GCC/ARM_CM4F/port.o
 .text.xPortStartScheduler
                0x0800c1e0      0x148 ./Middlewares/Third_Party/FreeRTOS/Source/portable/GCC/ARM_CM4F/port.o
                0x0800c1e0                xPortStartScheduler
 .text.vPortEnterCritical
                0x0800c328       0x64 ./Middlewares/Third_Party/FreeRTOS/Source/portable/GCC/ARM_CM4F/port.o
                0x0800c328                vPortEnterCritical
 .text.vPortExitCritical
                0x0800c38c       0x54 ./Middlewares/Third_Party/FreeRTOS/Source/portable/GCC/ARM_CM4F/port.o
                0x0800c38c                vPortExitCritical
 .text.PendSV_Handler
                0x0800c3e0       0x68 ./Middlewares/Third_Party/FreeRTOS/Source/portable/GCC/ARM_CM4F/port.o
                0x0800c3e0                PendSV_Handler
 .text.xPortSysTickHandler
                0x0800c448       0x44 ./Middlewares/Third_Party/FreeRTOS/Source/portable/GCC/ARM_CM4F/port.o
                0x0800c448                xPortSysTickHandler
 .text.vPortSetupTimerInterrupt
                0x0800c48c       0x48 ./Middlewares/Third_Party/FreeRTOS/Source/portable/GCC/ARM_CM4F/port.o
                0x0800c48c                vPortSetupTimerInterrupt
 .text.vPortEnableVFP
                0x0800c4d4       0x14 ./Middlewares/Third_Party/FreeRTOS/Source/portable/GCC/ARM_CM4F/port.o
 .text.vPortValidateInterruptPriority
                0x0800c4e8       0x84 ./Middlewares/Third_Party/FreeRTOS/Source/portable/GCC/ARM_CM4F/port.o
                0x0800c4e8                vPortValidateInterruptPriority
 .text.pvPortMalloc
                0x0800c56c      0x19c ./Middlewares/Third_Party/FreeRTOS/Source/portable/MemMang/heap_4.o
                0x0800c56c                pvPortMalloc
 .text.vPortFree
                0x0800c708       0xc8 ./Middlewares/Third_Party/FreeRTOS/Source/portable/MemMang/heap_4.o
                0x0800c708                vPortFree
 .text.prvHeapInit
                0x0800c7d0       0xc4 ./Middlewares/Third_Party/FreeRTOS/Source/portable/MemMang/heap_4.o
 .text.prvInsertBlockIntoFreeList
                0x0800c894       0xb4 ./Middlewares/Third_Party/FreeRTOS/Source/portable/MemMang/heap_4.o
 .text.memset   0x0800c948       0x10 C:/ST/STM32CubeIDE_1.19.0/STM32CubeIDE/plugins/com.st.stm32cube.ide.mcu.externaltools.gnu-tools-for-stm32.13.3.rel1.win32_1.0.0.202411081344/tools/bin/../lib/gcc/arm-none-eabi/13.3.1/../../../../arm-none-eabi/lib/thumb/v7e-m+fp/hard\libc_nano.a(libc_a-memset.o)
                0x0800c948                memset
 .text.__libc_init_array
                0x0800c958       0x48 C:/ST/STM32CubeIDE_1.19.0/STM32CubeIDE/plugins/com.st.stm32cube.ide.mcu.externaltools.gnu-tools-for-stm32.13.3.rel1.win32_1.0.0.202411081344/tools/bin/../lib/gcc/arm-none-eabi/13.3.1/../../../../arm-none-eabi/lib/thumb/v7e-m+fp/hard\libc_nano.a(libc_a-init.o)
                0x0800c958                __libc_init_array
 .text.memcpy   0x0800c9a0       0x1c C:/ST/STM32CubeIDE_1.19.0/STM32CubeIDE/plugins/com.st.stm32cube.ide.mcu.externaltools.gnu-tools-for-stm32.13.3.rel1.win32_1.0.0.202411081344/tools/bin/../lib/gcc/arm-none-eabi/13.3.1/../../../../arm-none-eabi/lib/thumb/v7e-m+fp/hard\libc_nano.a(libc_a-memcpy-stub.o)
                0x0800c9a0                memcpy
 *(.glue_7)
 .glue_7        0x0800c9bc        0x0 linker stubs
 *(.glue_7t)
 .glue_7t       0x0800c9bc        0x0 linker stubs
 *(.eh_frame)
 .eh_frame      0x0800c9bc        0x0 C:/ST/STM32CubeIDE_1.19.0/STM32CubeIDE/plugins/com.st.stm32cube.ide.mcu.externaltools.gnu-tools-for-stm32.13.3.rel1.win32_1.0.0.202411081344/tools/bin/../lib/gcc/arm-none-eabi/13.3.1/thumb/v7e-m+fp/hard/crtbegin.o
 *(.init)
 .init          0x0800c9bc        0x4 C:/ST/STM32CubeIDE_1.19.0/STM32CubeIDE/plugins/com.st.stm32cube.ide.mcu.externaltools.gnu-tools-for-stm32.13.3.rel1.win32_1.0.0.202411081344/tools/bin/../lib/gcc/arm-none-eabi/13.3.1/thumb/v7e-m+fp/hard/crti.o
                0x0800c9bc                _init
 .init          0x0800c9c0        0x8 C:/ST/STM32CubeIDE_1.19.0/STM32CubeIDE/plugins/com.st.stm32cube.ide.mcu.externaltools.gnu-tools-for-stm32.13.3.rel1.win32_1.0.0.202411081344/tools/bin/../lib/gcc/arm-none-eabi/13.3.1/thumb/v7e-m+fp/hard/crtn.o
 *(.fini)
 .fini          0x0800c9c8        0x4 C:/ST/STM32CubeIDE_1.19.0/STM32CubeIDE/plugins/com.st.stm32cube.ide.mcu.externaltools.gnu-tools-for-stm32.13.3.rel1.win32_1.0.0.202411081344/tools/bin/../lib/gcc/arm-none-eabi/13.3.1/thumb/v7e-m+fp/hard/crti.o
                0x0800c9c8                _fini
 .fini          0x0800c9cc        0x8 C:/ST/STM32CubeIDE_1.19.0/STM32CubeIDE/plugins/com.st.stm32cube.ide.mcu.externaltools.gnu-tools-for-stm32.13.3.rel1.win32_1.0.0.202411081344/tools/bin/../lib/gcc/arm-none-eabi/13.3.1/thumb/v7e-m+fp/hard/crtn.o
                0x0800c9d4                        . = ALIGN (0x4)
                0x0800c9d4                        _etext = .

.vfp11_veneer   0x0800c9d4        0x0
 .vfp11_veneer  0x0800c9d4        0x0 linker stubs

.v4_bx          0x0800c9d4        0x0
 .v4_bx         0x0800c9d4        0x0 linker stubs

.iplt           0x0800c9d4        0x0
 .iplt          0x0800c9d4        0x0 C:/ST/STM32CubeIDE_1.19.0/STM32CubeIDE/plugins/com.st.stm32cube.ide.mcu.externaltools.gnu-tools-for-stm32.13.3.rel1.win32_1.0.0.202411081344/tools/bin/../lib/gcc/arm-none-eabi/13.3.1/thumb/v7e-m+fp/hard/crtbegin.o

.rodata         0x0800c9d4      0x1d4
                0x0800c9d4                        . = ALIGN (0x4)
 *(.rodata)
 .rodata        0x0800c9d4       0x80 ./Core/Src/main.o
 .rodata        0x0800ca54        0x5 ./Middlewares/Third_Party/FreeRTOS/Source/tasks.o
 *fill*         0x0800ca59        0x3 
 .rodata        0x0800ca5c        0xd ./Middlewares/Third_Party/FreeRTOS/Source/timers.o
 *(.rodata*)
 *fill*         0x0800ca69        0x3 
 .rodata.defaultTask_attributes
                0x0800ca6c       0x24 ./Core/Src/main.o
                0x0800ca6c                defaultTask_attributes
 .rodata.I2CTask_attributes
                0x0800ca90       0x24 ./Core/Src/main.o
                0x0800ca90                I2CTask_attributes
 .rodata.SPITask_attributes
                0x0800cab4       0x24 ./Core/Src/main.o
                0x0800cab4                SPITask_attributes
 .rodata.CANTask_attributes
                0x0800cad8       0x24 ./Core/Src/main.o
                0x0800cad8                CANTask_attributes
 .rodata.UARTTask_attributes
                0x0800cafc       0x24 ./Core/Src/main.o
                0x0800cafc                UARTTask_attributes
 .rodata.CanQueue_attributes
                0x0800cb20       0x18 ./Core/Src/main.o
                0x0800cb20                CanQueue_attributes
 .rodata.CommMutexHandle_attributes
                0x0800cb38       0x10 ./Core/Src/main.o
                0x0800cb38                CommMutexHandle_attributes
 .rodata.DTC_RequestQueue_attributes
                0x0800cb48       0x18 ./Core/Src/main.o
                0x0800cb48                DTC_RequestQueue_attributes
 .rodata.DTC_ResponseQueue_attributes
                0x0800cb60       0x18 ./Core/Src/main.o
                0x0800cb60                DTC_ResponseQueue_attributes
 .rodata.EepromMutex_attributes
                0x0800cb78       0x10 ./Core/Src/main.o
                0x0800cb78                EepromMutex_attributes
 .rodata.AHBPrescTable
                0x0800cb88       0x10 ./Core/Src/system_stm32f4xx.o
                0x0800cb88                AHBPrescTable
 .rodata.APBPrescTable
                0x0800cb98        0x8 ./Core/Src/system_stm32f4xx.o
                0x0800cb98                APBPrescTable
 .rodata.flagBitshiftOffset.0
                0x0800cba0        0x8 ./Drivers/STM32F4xx_HAL_Driver/Src/stm32f4xx_hal_dma.o
                0x0800cba8                        . = ALIGN (0x4)

.ARM.extab      0x0800cba8        0x0
                0x0800cba8                        . = ALIGN (0x4)
 *(.ARM.extab* .gnu.linkonce.armextab.*)
                0x0800cba8                        . = ALIGN (0x4)

.ARM            0x0800cba8        0x8
                0x0800cba8                        . = ALIGN (0x4)
                0x0800cba8                        __exidx_start = .
 *(.ARM.exidx*)
 .ARM.exidx     0x0800cba8        0x8 C:/ST/STM32CubeIDE_1.19.0/STM32CubeIDE/plugins/com.st.stm32cube.ide.mcu.externaltools.gnu-tools-for-stm32.13.3.rel1.win32_1.0.0.202411081344/tools/bin/../lib/gcc/arm-none-eabi/13.3.1/thumb/v7e-m+fp/hard\libgcc.a(_udivmoddi4.o)
                0x0800cbb0                        __exidx_end = .
                0x0800cbb0                        . = ALIGN (0x4)

.rel.dyn        0x0800cbb0        0x0
 .rel.iplt      0x0800cbb0        0x0 C:/ST/STM32CubeIDE_1.19.0/STM32CubeIDE/plugins/com.st.stm32cube.ide.mcu.externaltools.gnu-tools-for-stm32.13.3.rel1.win32_1.0.0.202411081344/tools/bin/../lib/gcc/arm-none-eabi/13.3.1/thumb/v7e-m+fp/hard/crtbegin.o

.preinit_array  0x0800cbb0        0x0
                0x0800cbb0                        . = ALIGN (0x4)
                0x0800cbb0                        PROVIDE (__preinit_array_start = .)
 *(.preinit_array*)
                0x0800cbb0                        PROVIDE (__preinit_array_end = .)
                0x0800cbb0                        . = ALIGN (0x4)

.init_array     0x0800cbb0        0x4
                0x0800cbb0                        . = ALIGN (0x4)
                0x0800cbb0                        PROVIDE (__init_array_start = .)
 *(SORT_BY_NAME(.init_array.*))
 *(.init_array*)
 .init_array    0x0800cbb0        0x4 C:/ST/STM32CubeIDE_1.19.0/STM32CubeIDE/plugins/com.st.stm32cube.ide.mcu.externaltools.gnu-tools-for-stm32.13.3.rel1.win32_1.0.0.202411081344/tools/bin/../lib/gcc/arm-none-eabi/13.3.1/thumb/v7e-m+fp/hard/crtbegin.o
                0x0800cbb4                        PROVIDE (__init_array_end = .)
                0x0800cbb4                        . = ALIGN (0x4)

.fini_array     0x0800cbb4        0x4
                0x0800cbb4                        . = ALIGN (0x4)
                [!provide]                        PROVIDE (__fini_array_start = .)
 *(SORT_BY_NAME(.fini_array.*))
 *(.fini_array*)
 .fini_array    0x0800cbb4        0x4 C:/ST/STM32CubeIDE_1.19.0/STM32CubeIDE/plugins/com.st.stm32cube.ide.mcu.externaltools.gnu-tools-for-stm32.13.3.rel1.win32_1.0.0.202411081344/tools/bin/../lib/gcc/arm-none-eabi/13.3.1/thumb/v7e-m+fp/hard/crtbegin.o
                [!provide]                        PROVIDE (__fini_array_end = .)
                0x0800cbb8                        . = ALIGN (0x4)
                0x0800cbb8                        _sidata = LOADADDR (.data)

.data           0x20000000       0x10 load address 0x0800cbb8
                0x20000000                        . = ALIGN (0x4)
                0x20000000                        _sdata = .
 *(.data)
 *(.data*)
 .data.SystemCoreClock
                0x20000000        0x4 ./Core/Src/system_stm32f4xx.o
                0x20000000                SystemCoreClock
 .data.uwTickPrio
                0x20000004        0x4 ./Drivers/STM32F4xx_HAL_Driver/Src/stm32f4xx_hal.o
                0x20000004                uwTickPrio
 .data.uwTickFreq
                0x20000008        0x1 ./Drivers/STM32F4xx_HAL_Driver/Src/stm32f4xx_hal.o
                0x20000008                uwTickFreq
 *fill*         0x20000009        0x3 
 .data.uxCriticalNesting
                0x2000000c        0x4 ./Middlewares/Third_Party/FreeRTOS/Source/portable/GCC/ARM_CM4F/port.o
 *(.RamFunc)
 *(.RamFunc*)
                0x20000010                        . = ALIGN (0x4)
                0x20000010                        _edata = .

.igot.plt       0x20000010        0x0 load address 0x0800cbc8
 .igot.plt      0x20000010        0x0 C:/ST/STM32CubeIDE_1.19.0/STM32CubeIDE/plugins/com.st.stm32cube.ide.mcu.externaltools.gnu-tools-for-stm32.13.3.rel1.win32_1.0.0.202411081344/tools/bin/../lib/gcc/arm-none-eabi/13.3.1/thumb/v7e-m+fp/hard/crtbegin.o
                0x20000010                        . = ALIGN (0x4)

.bss            0x20000010     0x4eb4 load address 0x0800cbc8
                0x20000010                        _sbss = .
                0x20000010                        __bss_start__ = _sbss
 *(.bss)
 .bss           0x20000010       0x1c C:/ST/STM32CubeIDE_1.19.0/STM32CubeIDE/plugins/com.st.stm32cube.ide.mcu.externaltools.gnu-tools-for-stm32.13.3.rel1.win32_1.0.0.202411081344/tools/bin/../lib/gcc/arm-none-eabi/13.3.1/thumb/v7e-m+fp/hard/crtbegin.o
 *(.bss*)
 .bss.spi_dma_semaphore
                0x2000002c        0x4 ./Core/Src/eeprom_25lc256.o
                0x2000002c                spi_dma_semaphore
 .bss.hadc1     0x20000030       0x48 ./Core/Src/main.o
                0x20000030                hadc1
 .bss.hcan1     0x20000078       0x28 ./Core/Src/main.o
                0x20000078                hcan1
 .bss.hi2c1     0x200000a0       0x54 ./Core/Src/main.o
                0x200000a0                hi2c1
 .bss.hi2c2     0x200000f4       0x54 ./Core/Src/main.o
                0x200000f4                hi2c2
 .bss.hdma_i2c1_rx
                0x20000148       0x60 ./Core/Src/main.o
                0x20000148                hdma_i2c1_rx
 .bss.hdma_i2c1_tx
                0x200001a8       0x60 ./Core/Src/main.o
                0x200001a8                hdma_i2c1_tx
 .bss.hdma_i2c2_rx
                0x20000208       0x60 ./Core/Src/main.o
                0x20000208                hdma_i2c2_rx
 .bss.hdma_i2c2_tx
                0x20000268       0x60 ./Core/Src/main.o
                0x20000268                hdma_i2c2_tx
 .bss.hspi1     0x200002c8       0x58 ./Core/Src/main.o
                0x200002c8                hspi1
 .bss.hspi2     0x20000320       0x58 ./Core/Src/main.o
                0x20000320                hspi2
 .bss.hdma_spi1_rx
                0x20000378       0x60 ./Core/Src/main.o
                0x20000378                hdma_spi1_rx
 .bss.hdma_spi1_tx
                0x200003d8       0x60 ./Core/Src/main.o
                0x200003d8                hdma_spi1_tx
 .bss.hdma_spi2_rx
                0x20000438       0x60 ./Core/Src/main.o
                0x20000438                hdma_spi2_rx
 .bss.hdma_spi2_tx
                0x20000498       0x60 ./Core/Src/main.o
                0x20000498                hdma_spi2_tx
 .bss.huart4    0x200004f8       0x44 ./Core/Src/main.o
                0x200004f8                huart4
 .bss.defaultTaskHandle
                0x2000053c        0x4 ./Core/Src/main.o
                0x2000053c                defaultTaskHandle
 .bss.I2CTaskHandle
                0x20000540        0x4 ./Core/Src/main.o
                0x20000540                I2CTaskHandle
 .bss.SPITaskHandle
                0x20000544        0x4 ./Core/Src/main.o
                0x20000544                SPITaskHandle
 .bss.CANTaskHandle
                0x20000548        0x4 ./Core/Src/main.o
                0x20000548                CANTaskHandle
 .bss.UARTTaskHandle
                0x2000054c        0x4 ./Core/Src/main.o
                0x2000054c                UARTTaskHandle
 .bss.CanQueueHandle
                0x20000550        0x4 ./Core/Src/main.o
                0x20000550                CanQueueHandle
 .bss.CommMutexHandleHandle
                0x20000554        0x4 ./Core/Src/main.o
                0x20000554                CommMutexHandleHandle
 .bss.DTC_RequestQueueHandle
                0x20000558        0x4 ./Core/Src/main.o
                0x20000558                DTC_RequestQueueHandle
 .bss.DTC_ResponseQueueHandle
                0x2000055c        0x4 ./Core/Src/main.o
                0x2000055c                DTC_ResponseQueueHandle
 .bss.EepromMutexHandle
                0x20000560        0x4 ./Core/Src/main.o
                0x20000560                EepromMutexHandle
 .bss.i2c_dma_semaphore
                0x20000564        0x4 ./Core/Src/pmic_mp5475gu.o
                0x20000564                i2c_dma_semaphore
 .bss.previous_faults.1
                0x20000568        0x5 ./Core/Src/tasks.o
 .bss.is_i2c_com_failed.0
                0x2000056d        0x1 ./Core/Src/tasks.o
 *fill*         0x2000056e        0x2 
 .bss.uwTick    0x20000570        0x4 ./Drivers/STM32F4xx_HAL_Driver/Src/stm32f4xx_hal.o
                0x20000570                uwTick
 .bss.KernelState
                0x20000574        0x4 ./Middlewares/Third_Party/FreeRTOS/Source/CMSIS_RTOS_V2/cmsis_os2.o
 .bss.Idle_TCB.3
                0x20000578       0x5c ./Middlewares/Third_Party/FreeRTOS/Source/CMSIS_RTOS_V2/cmsis_os2.o
 .bss.Idle_Stack.2
                0x200005d4      0x200 ./Middlewares/Third_Party/FreeRTOS/Source/CMSIS_RTOS_V2/cmsis_os2.o
 .bss.Timer_TCB.1
                0x200007d4       0x5c ./Middlewares/Third_Party/FreeRTOS/Source/CMSIS_RTOS_V2/cmsis_os2.o
 .bss.Timer_Stack.0
                0x20000830      0x400 ./Middlewares/Third_Party/FreeRTOS/Source/CMSIS_RTOS_V2/cmsis_os2.o
 .bss.xQueueRegistry
                0x20000c30       0x40 ./Middlewares/Third_Party/FreeRTOS/Source/queue.o
                0x20000c30                xQueueRegistry
 .bss.pxCurrentTCB
                0x20000c70        0x4 ./Middlewares/Third_Party/FreeRTOS/Source/tasks.o
                0x20000c70                pxCurrentTCB
 .bss.pxReadyTasksLists
                0x20000c74      0x460 ./Middlewares/Third_Party/FreeRTOS/Source/tasks.o
 .bss.xDelayedTaskList1
                0x200010d4       0x14 ./Middlewares/Third_Party/FreeRTOS/Source/tasks.o
 .bss.xDelayedTaskList2
                0x200010e8       0x14 ./Middlewares/Third_Party/FreeRTOS/Source/tasks.o
 .bss.pxDelayedTaskList
                0x200010fc        0x4 ./Middlewares/Third_Party/FreeRTOS/Source/tasks.o
 .bss.pxOverflowDelayedTaskList
                0x20001100        0x4 ./Middlewares/Third_Party/FreeRTOS/Source/tasks.o
 .bss.xPendingReadyList
                0x20001104       0x14 ./Middlewares/Third_Party/FreeRTOS/Source/tasks.o
 .bss.xTasksWaitingTermination
                0x20001118       0x14 ./Middlewares/Third_Party/FreeRTOS/Source/tasks.o
 .bss.uxDeletedTasksWaitingCleanUp
                0x2000112c        0x4 ./Middlewares/Third_Party/FreeRTOS/Source/tasks.o
 .bss.xSuspendedTaskList
                0x20001130       0x14 ./Middlewares/Third_Party/FreeRTOS/Source/tasks.o
 .bss.uxCurrentNumberOfTasks
                0x20001144        0x4 ./Middlewares/Third_Party/FreeRTOS/Source/tasks.o
 .bss.xTickCount
                0x20001148        0x4 ./Middlewares/Third_Party/FreeRTOS/Source/tasks.o
 .bss.uxTopReadyPriority
                0x2000114c        0x4 ./Middlewares/Third_Party/FreeRTOS/Source/tasks.o
 .bss.xSchedulerRunning
                0x20001150        0x4 ./Middlewares/Third_Party/FreeRTOS/Source/tasks.o
 .bss.xPendedTicks
                0x20001154        0x4 ./Middlewares/Third_Party/FreeRTOS/Source/tasks.o
 .bss.xYieldPending
                0x20001158        0x4 ./Middlewares/Third_Party/FreeRTOS/Source/tasks.o
 .bss.xNumOfOverflows
                0x2000115c        0x4 ./Middlewares/Third_Party/FreeRTOS/Source/tasks.o
 .bss.uxTaskNumber
                0x20001160        0x4 ./Middlewares/Third_Party/FreeRTOS/Source/tasks.o
 .bss.xNextTaskUnblockTime
                0x20001164        0x4 ./Middlewares/Third_Party/FreeRTOS/Source/tasks.o
 .bss.xIdleTaskHandle
                0x20001168        0x4 ./Middlewares/Third_Party/FreeRTOS/Source/tasks.o
 .bss.uxSchedulerSuspended
                0x2000116c        0x4 ./Middlewares/Third_Party/FreeRTOS/Source/tasks.o
 .bss.xActiveTimerList1
                0x20001170       0x14 ./Middlewares/Third_Party/FreeRTOS/Source/timers.o
 .bss.xActiveTimerList2
                0x20001184       0x14 ./Middlewares/Third_Party/FreeRTOS/Source/timers.o
 .bss.pxCurrentTimerList
                0x20001198        0x4 ./Middlewares/Third_Party/FreeRTOS/Source/timers.o
 .bss.pxOverflowTimerList
                0x2000119c        0x4 ./Middlewares/Third_Party/FreeRTOS/Source/timers.o
 .bss.xTimerQueue
                0x200011a0        0x4 ./Middlewares/Third_Party/FreeRTOS/Source/timers.o
 .bss.xTimerTaskHandle
                0x200011a4        0x4 ./Middlewares/Third_Party/FreeRTOS/Source/timers.o
 .bss.xLastTime.2
                0x200011a8        0x4 ./Middlewares/Third_Party/FreeRTOS/Source/timers.o
 .bss.ucStaticTimerQueueStorage.1
                0x200011ac       0xa0 ./Middlewares/Third_Party/FreeRTOS/Source/timers.o
 .bss.xStaticTimerQueue.0
                0x2000124c       0x50 ./Middlewares/Third_Party/FreeRTOS/Source/timers.o
 .bss.ucMaxSysCallPriority
                0x2000129c        0x1 ./Middlewares/Third_Party/FreeRTOS/Source/portable/GCC/ARM_CM4F/port.o
 *fill*         0x2000129d        0x3 
 .bss.ulMaxPRIGROUPValue
                0x200012a0        0x4 ./Middlewares/Third_Party/FreeRTOS/Source/portable/GCC/ARM_CM4F/port.o
 .bss.ucHeap    0x200012a4     0x3c00 ./Middlewares/Third_Party/FreeRTOS/Source/portable/MemMang/heap_4.o
 .bss.xStart    0x20004ea4        0x8 ./Middlewares/Third_Party/FreeRTOS/Source/portable/MemMang/heap_4.o
 .bss.pxEnd     0x20004eac        0x4 ./Middlewares/Third_Party/FreeRTOS/Source/portable/MemMang/heap_4.o
 .bss.xFreeBytesRemaining
                0x20004eb0        0x4 ./Middlewares/Third_Party/FreeRTOS/Source/portable/MemMang/heap_4.o
 .bss.xMinimumEverFreeBytesRemaining
                0x20004eb4        0x4 ./Middlewares/Third_Party/FreeRTOS/Source/portable/MemMang/heap_4.o
 .bss.xNumberOfSuccessfulAllocations
                0x20004eb8        0x4 ./Middlewares/Third_Party/FreeRTOS/Source/portable/MemMang/heap_4.o
 .bss.xNumberOfSuccessfulFrees
                0x20004ebc        0x4 ./Middlewares/Third_Party/FreeRTOS/Source/portable/MemMang/heap_4.o
 .bss.xBlockAllocatedBit
                0x20004ec0        0x4 ./Middlewares/Third_Party/FreeRTOS/Source/portable/MemMang/heap_4.o
 *(COMMON)
                0x20004ec4                        . = ALIGN (0x4)
                0x20004ec4                        _ebss = .
                0x20004ec4                        __bss_end__ = _ebss

._user_heap_stack
                0x20004ec4      0x604 load address 0x0800cbc8
                0x20004ec8                        . = ALIGN (0x8)
 *fill*         0x20004ec4        0x4 
                [!provide]                        PROVIDE (end = .)
                0x20004ec8                        PROVIDE (_end = .)
                0x200050c8                        . = (. + _Min_Heap_Size)
 *fill*         0x20004ec8      0x200 
                0x200054c8                        . = (. + _Min_Stack_Size)
 *fill*         0x200050c8      0x400 
                0x200054c8                        . = ALIGN (0x8)

/DISCARD/
 libc.a(*)
 libm.a(*)
 libgcc.a(*)

.ARM.attributes
                0x00000000       0x30
 *(.ARM.attributes)
 .ARM.attributes
                0x00000000       0x22 C:/ST/STM32CubeIDE_1.19.0/STM32CubeIDE/plugins/com.st.stm32cube.ide.mcu.externaltools.gnu-tools-for-stm32.13.3.rel1.win32_1.0.0.202411081344/tools/bin/../lib/gcc/arm-none-eabi/13.3.1/thumb/v7e-m+fp/hard/crti.o
 .ARM.attributes
                0x00000022       0x34 C:/ST/STM32CubeIDE_1.19.0/STM32CubeIDE/plugins/com.st.stm32cube.ide.mcu.externaltools.gnu-tools-for-stm32.13.3.rel1.win32_1.0.0.202411081344/tools/bin/../lib/gcc/arm-none-eabi/13.3.1/thumb/v7e-m+fp/hard/crtbegin.o
 .ARM.attributes
                0x00000056       0x34 ./Core/Src/eeprom_25lc256.o
 .ARM.attributes
                0x0000008a       0x34 ./Core/Src/main.o
 .ARM.attributes
                0x000000be       0x34 ./Core/Src/pmic_mp5475gu.o
 .ARM.attributes
                0x000000f2       0x34 ./Core/Src/stm32f4xx_hal_msp.o
 .ARM.attributes
                0x00000126       0x34 ./Core/Src/stm32f4xx_it.o
 .ARM.attributes
                0x0000015a       0x34 ./Core/Src/system_stm32f4xx.o
 .ARM.attributes
                0x0000018e       0x34 ./Core/Src/tasks.o
 .ARM.attributes
                0x000001c2       0x34 ./Core/Src/yj_can.o
 .ARM.attributes
                0x000001f6       0x21 ./Core/Startup/startup_stm32f413zhtx.o
 .ARM.attributes
                0x00000217       0x34 ./Drivers/STM32F4xx_HAL_Driver/Src/stm32f4xx_hal.o
 .ARM.attributes
                0x0000024b       0x34 ./Drivers/STM32F4xx_HAL_Driver/Src/stm32f4xx_hal_adc.o
 .ARM.attributes
                0x0000027f       0x34 ./Drivers/STM32F4xx_HAL_Driver/Src/stm32f4xx_hal_can.o
 .ARM.attributes
                0x000002b3       0x34 ./Drivers/STM32F4xx_HAL_Driver/Src/stm32f4xx_hal_cortex.o
 .ARM.attributes
                0x000002e7       0x34 ./Drivers/STM32F4xx_HAL_Driver/Src/stm32f4xx_hal_dma.o
 .ARM.attributes
                0x0000031b       0x34 ./Drivers/STM32F4xx_HAL_Driver/Src/stm32f4xx_hal_gpio.o
 .ARM.attributes
                0x0000034f       0x34 ./Drivers/STM32F4xx_HAL_Driver/Src/stm32f4xx_hal_i2c.o
 .ARM.attributes
                0x00000383       0x34 ./Drivers/STM32F4xx_HAL_Driver/Src/stm32f4xx_hal_rcc.o
 .ARM.attributes
                0x000003b7       0x34 ./Drivers/STM32F4xx_HAL_Driver/Src/stm32f4xx_hal_rcc_ex.o
 .ARM.attributes
                0x000003eb       0x34 ./Drivers/STM32F4xx_HAL_Driver/Src/stm32f4xx_hal_spi.o
 .ARM.attributes
                0x0000041f       0x34 ./Drivers/STM32F4xx_HAL_Driver/Src/stm32f4xx_hal_uart.o
 .ARM.attributes
                0x00000453       0x34 ./Middlewares/Third_Party/FreeRTOS/Source/CMSIS_RTOS_V2/cmsis_os2.o
 .ARM.attributes
                0x00000487       0x34 ./Middlewares/Third_Party/FreeRTOS/Source/list.o
 .ARM.attributes
                0x000004bb       0x34 ./Middlewares/Third_Party/FreeRTOS/Source/queue.o
 .ARM.attributes
                0x000004ef       0x34 ./Middlewares/Third_Party/FreeRTOS/Source/tasks.o
 .ARM.attributes
                0x00000523       0x34 ./Middlewares/Third_Party/FreeRTOS/Source/timers.o
 .ARM.attributes
                0x00000557       0x34 ./Middlewares/Third_Party/FreeRTOS/Source/portable/GCC/ARM_CM4F/port.o
 .ARM.attributes
                0x0000058b       0x34 ./Middlewares/Third_Party/FreeRTOS/Source/portable/MemMang/heap_4.o
 .ARM.attributes
                0x000005bf       0x34 C:/ST/STM32CubeIDE_1.19.0/STM32CubeIDE/plugins/com.st.stm32cube.ide.mcu.externaltools.gnu-tools-for-stm32.13.3.rel1.win32_1.0.0.202411081344/tools/bin/../lib/gcc/arm-none-eabi/13.3.1/../../../../arm-none-eabi/lib/thumb/v7e-m+fp/hard\libc_nano.a(libc_a-memset.o)
 .ARM.attributes
                0x000005f3       0x34 C:/ST/STM32CubeIDE_1.19.0/STM32CubeIDE/plugins/com.st.stm32cube.ide.mcu.externaltools.gnu-tools-for-stm32.13.3.rel1.win32_1.0.0.202411081344/tools/bin/../lib/gcc/arm-none-eabi/13.3.1/../../../../arm-none-eabi/lib/thumb/v7e-m+fp/hard\libc_nano.a(libc_a-init.o)
 .ARM.attributes
                0x00000627       0x34 C:/ST/STM32CubeIDE_1.19.0/STM32CubeIDE/plugins/com.st.stm32cube.ide.mcu.externaltools.gnu-tools-for-stm32.13.3.rel1.win32_1.0.0.202411081344/tools/bin/../lib/gcc/arm-none-eabi/13.3.1/../../../../arm-none-eabi/lib/thumb/v7e-m+fp/hard\libc_nano.a(libc_a-memcpy-stub.o)
 .ARM.attributes
                0x0000065b       0x22 C:/ST/STM32CubeIDE_1.19.0/STM32CubeIDE/plugins/com.st.stm32cube.ide.mcu.externaltools.gnu-tools-for-stm32.13.3.rel1.win32_1.0.0.202411081344/tools/bin/../lib/gcc/arm-none-eabi/13.3.1/thumb/v7e-m+fp/hard\libgcc.a(_aeabi_uldivmod.o)
 .ARM.attributes
                0x0000067d       0x34 C:/ST/STM32CubeIDE_1.19.0/STM32CubeIDE/plugins/com.st.stm32cube.ide.mcu.externaltools.gnu-tools-for-stm32.13.3.rel1.win32_1.0.0.202411081344/tools/bin/../lib/gcc/arm-none-eabi/13.3.1/thumb/v7e-m+fp/hard\libgcc.a(_udivmoddi4.o)
 .ARM.attributes
                0x000006b1       0x22 C:/ST/STM32CubeIDE_1.19.0/STM32CubeIDE/plugins/com.st.stm32cube.ide.mcu.externaltools.gnu-tools-for-stm32.13.3.rel1.win32_1.0.0.202411081344/tools/bin/../lib/gcc/arm-none-eabi/13.3.1/thumb/v7e-m+fp/hard\libgcc.a(_dvmd_tls.o)
 .ARM.attributes
                0x000006d3       0x22 C:/ST/STM32CubeIDE_1.19.0/STM32CubeIDE/plugins/com.st.stm32cube.ide.mcu.externaltools.gnu-tools-for-stm32.13.3.rel1.win32_1.0.0.202411081344/tools/bin/../lib/gcc/arm-none-eabi/13.3.1/thumb/v7e-m+fp/hard/crtn.o
OUTPUT(ECU_DTC_Manager.elf elf32-littlearm)
LOAD linker stubs
LOAD C:/ST/STM32CubeIDE_1.19.0/STM32CubeIDE/plugins/com.st.stm32cube.ide.mcu.externaltools.gnu-tools-for-stm32.13.3.rel1.win32_1.0.0.202411081344/tools/bin/../lib/gcc/arm-none-eabi/13.3.1/../../../../arm-none-eabi/lib/thumb/v7e-m+fp/hard\libc.a
LOAD C:/ST/STM32CubeIDE_1.19.0/STM32CubeIDE/plugins/com.st.stm32cube.ide.mcu.externaltools.gnu-tools-for-stm32.13.3.rel1.win32_1.0.0.202411081344/tools/bin/../lib/gcc/arm-none-eabi/13.3.1/../../../../arm-none-eabi/lib/thumb/v7e-m+fp/hard\libm.a
LOAD C:/ST/STM32CubeIDE_1.19.0/STM32CubeIDE/plugins/com.st.stm32cube.ide.mcu.externaltools.gnu-tools-for-stm32.13.3.rel1.win32_1.0.0.202411081344/tools/bin/../lib/gcc/arm-none-eabi/13.3.1/thumb/v7e-m+fp/hard\libgcc.a

.debug_info     0x00000000    0x1cc57
 .debug_info    0x00000000      0xa0b ./Core/Src/eeprom_25lc256.o
 .debug_info    0x00000a0b     0x223e ./Core/Src/main.o
 .debug_info    0x00002c49      0x7e9 ./Core/Src/pmic_mp5475gu.o
 .debug_info    0x00003432     0x1a71 ./Core/Src/stm32f4xx_hal_msp.o
 .debug_info    0x00004ea3     0x11fa ./Core/Src/stm32f4xx_it.o
 .debug_info    0x0000609d      0x54a ./Core/Src/system_stm32f4xx.o
 .debug_info    0x000065e7      0x9a7 ./Core/Src/tasks.o
 .debug_info    0x00006f8e      0x5ee ./Core/Src/yj_can.o
 .debug_info    0x0000757c       0x30 ./Core/Startup/startup_stm32f413zhtx.o
 .debug_info    0x000075ac      0x9ce ./Drivers/STM32F4xx_HAL_Driver/Src/stm32f4xx_hal.o
 .debug_info    0x00007f7a      0xcb6 ./Drivers/STM32F4xx_HAL_Driver/Src/stm32f4xx_hal_adc.o
 .debug_info    0x00008c30      0xefd ./Drivers/STM32F4xx_HAL_Driver/Src/stm32f4xx_hal_can.o
 .debug_info    0x00009b2d      0xd94 ./Drivers/STM32F4xx_HAL_Driver/Src/stm32f4xx_hal_cortex.o
 .debug_info    0x0000a8c1      0x8e7 ./Drivers/STM32F4xx_HAL_Driver/Src/stm32f4xx_hal_dma.o
 .debug_info    0x0000b1a8      0x723 ./Drivers/STM32F4xx_HAL_Driver/Src/stm32f4xx_hal_gpio.o
 .debug_info    0x0000b8cb     0x23ed ./Drivers/STM32F4xx_HAL_Driver/Src/stm32f4xx_hal_i2c.o
 .debug_info    0x0000dcb8      0x8ed ./Drivers/STM32F4xx_HAL_Driver/Src/stm32f4xx_hal_rcc.o
 .debug_info    0x0000e5a5      0x82d ./Drivers/STM32F4xx_HAL_Driver/Src/stm32f4xx_hal_rcc_ex.o
 .debug_info    0x0000edd2     0x15fb ./Drivers/STM32F4xx_HAL_Driver/Src/stm32f4xx_hal_spi.o
 .debug_info    0x000103cd     0x2f9a ./Drivers/STM32F4xx_HAL_Driver/Src/stm32f4xx_hal_uart.o
 .debug_info    0x00013367     0x3aa1 ./Middlewares/Third_Party/FreeRTOS/Source/CMSIS_RTOS_V2/cmsis_os2.o
 .debug_info    0x00016e08      0x2af ./Middlewares/Third_Party/FreeRTOS/Source/list.o
 .debug_info    0x000170b7     0x1b79 ./Middlewares/Third_Party/FreeRTOS/Source/queue.o
 .debug_info    0x00018c30     0x21ec ./Middlewares/Third_Party/FreeRTOS/Source/tasks.o
 .debug_info    0x0001ae1c     0x1488 ./Middlewares/Third_Party/FreeRTOS/Source/timers.o
 .debug_info    0x0001c2a4      0x4de ./Middlewares/Third_Party/FreeRTOS/Source/portable/GCC/ARM_CM4F/port.o
 .debug_info    0x0001c782      0x4d5 ./Middlewares/Third_Party/FreeRTOS/Source/portable/MemMang/heap_4.o

.debug_abbrev   0x00000000     0x40ba
 .debug_abbrev  0x00000000      0x25d ./Core/Src/eeprom_25lc256.o
 .debug_abbrev  0x0000025d      0x2f1 ./Core/Src/main.o
 .debug_abbrev  0x0000054e      0x1a4 ./Core/Src/pmic_mp5475gu.o
 .debug_abbrev  0x000006f2      0x277 ./Core/Src/stm32f4xx_hal_msp.o
 .debug_abbrev  0x00000969      0x247 ./Core/Src/stm32f4xx_it.o
 .debug_abbrev  0x00000bb0      0x11a ./Core/Src/system_stm32f4xx.o
 .debug_abbrev  0x00000cca      0x22f ./Core/Src/tasks.o
 .debug_abbrev  0x00000ef9      0x1c8 ./Core/Src/yj_can.o
 .debug_abbrev  0x000010c1       0x24 ./Core/Startup/startup_stm32f413zhtx.o
 .debug_abbrev  0x000010e5      0x213 ./Drivers/STM32F4xx_HAL_Driver/Src/stm32f4xx_hal.o
 .debug_abbrev  0x000012f8      0x252 ./Drivers/STM32F4xx_HAL_Driver/Src/stm32f4xx_hal_adc.o
 .debug_abbrev  0x0000154a      0x23b ./Drivers/STM32F4xx_HAL_Driver/Src/stm32f4xx_hal_can.o
 .debug_abbrev  0x00001785      0x327 ./Drivers/STM32F4xx_HAL_Driver/Src/stm32f4xx_hal_cortex.o
 .debug_abbrev  0x00001aac      0x264 ./Drivers/STM32F4xx_HAL_Driver/Src/stm32f4xx_hal_dma.o
 .debug_abbrev  0x00001d10      0x1d4 ./Drivers/STM32F4xx_HAL_Driver/Src/stm32f4xx_hal_gpio.o
 .debug_abbrev  0x00001ee4      0x2ad ./Drivers/STM32F4xx_HAL_Driver/Src/stm32f4xx_hal_i2c.o
 .debug_abbrev  0x00002191      0x2b6 ./Drivers/STM32F4xx_HAL_Driver/Src/stm32f4xx_hal_rcc.o
 .debug_abbrev  0x00002447      0x1e4 ./Drivers/STM32F4xx_HAL_Driver/Src/stm32f4xx_hal_rcc_ex.o
 .debug_abbrev  0x0000262b      0x284 ./Drivers/STM32F4xx_HAL_Driver/Src/stm32f4xx_hal_spi.o
 .debug_abbrev  0x000028af      0x307 ./Drivers/STM32F4xx_HAL_Driver/Src/stm32f4xx_hal_uart.o
 .debug_abbrev  0x00002bb6      0x508 ./Middlewares/Third_Party/FreeRTOS/Source/CMSIS_RTOS_V2/cmsis_os2.o
 .debug_abbrev  0x000030be       0xf5 ./Middlewares/Third_Party/FreeRTOS/Source/list.o
 .debug_abbrev  0x000031b3      0x3b6 ./Middlewares/Third_Party/FreeRTOS/Source/queue.o
 .debug_abbrev  0x00003569      0x386 ./Middlewares/Third_Party/FreeRTOS/Source/tasks.o
 .debug_abbrev  0x000038ef      0x352 ./Middlewares/Third_Party/FreeRTOS/Source/timers.o
 .debug_abbrev  0x00003c41      0x25c ./Middlewares/Third_Party/FreeRTOS/Source/portable/GCC/ARM_CM4F/port.o
 .debug_abbrev  0x00003e9d      0x21d ./Middlewares/Third_Party/FreeRTOS/Source/portable/MemMang/heap_4.o

.debug_aranges  0x00000000     0x1788
 .debug_aranges
                0x00000000       0x50 ./Core/Src/eeprom_25lc256.o
 .debug_aranges
                0x00000050       0x78 ./Core/Src/main.o
 .debug_aranges
                0x000000c8       0x28 ./Core/Src/pmic_mp5475gu.o
 .debug_aranges
                0x000000f0       0x70 ./Core/Src/stm32f4xx_hal_msp.o
 .debug_aranges
                0x00000160       0xe8 ./Core/Src/stm32f4xx_it.o
 .debug_aranges
                0x00000248       0x28 ./Core/Src/system_stm32f4xx.o
 .debug_aranges
                0x00000270       0x50 ./Core/Src/tasks.o
 .debug_aranges
                0x000002c0       0x28 ./Core/Src/yj_can.o
 .debug_aranges
                0x000002e8       0x28 ./Core/Startup/startup_stm32f413zhtx.o
 .debug_aranges
                0x00000310       0xf0 ./Drivers/STM32F4xx_HAL_Driver/Src/stm32f4xx_hal.o
 .debug_aranges
                0x00000400       0xe8 ./Drivers/STM32F4xx_HAL_Driver/Src/stm32f4xx_hal_adc.o
 .debug_aranges
                0x000004e8      0x138 ./Drivers/STM32F4xx_HAL_Driver/Src/stm32f4xx_hal_can.o
 .debug_aranges
                0x00000620      0x118 ./Drivers/STM32F4xx_HAL_Driver/Src/stm32f4xx_hal_cortex.o
 .debug_aranges
                0x00000738       0x90 ./Drivers/STM32F4xx_HAL_Driver/Src/stm32f4xx_hal_dma.o
 .debug_aranges
                0x000007c8       0x58 ./Drivers/STM32F4xx_HAL_Driver/Src/stm32f4xx_hal_gpio.o
 .debug_aranges
                0x00000820      0x2a0 ./Drivers/STM32F4xx_HAL_Driver/Src/stm32f4xx_hal_i2c.o
 .debug_aranges
                0x00000ac0       0x88 ./Drivers/STM32F4xx_HAL_Driver/Src/stm32f4xx_hal_rcc.o
 .debug_aranges
                0x00000b48       0x60 ./Drivers/STM32F4xx_HAL_Driver/Src/stm32f4xx_hal_rcc_ex.o
 .debug_aranges
                0x00000ba8      0x1d0 ./Drivers/STM32F4xx_HAL_Driver/Src/stm32f4xx_hal_spi.o
 .debug_aranges
                0x00000d78      0x200 ./Drivers/STM32F4xx_HAL_Driver/Src/stm32f4xx_hal_uart.o
 .debug_aranges
                0x00000f78      0x2a8 ./Middlewares/Third_Party/FreeRTOS/Source/CMSIS_RTOS_V2/cmsis_os2.o
 .debug_aranges
                0x00001220       0x40 ./Middlewares/Third_Party/FreeRTOS/Source/list.o
 .debug_aranges
                0x00001260      0x158 ./Middlewares/Third_Party/FreeRTOS/Source/queue.o
 .debug_aranges
                0x000013b8      0x208 ./Middlewares/Third_Party/FreeRTOS/Source/tasks.o
 .debug_aranges
                0x000015c0       0xf0 ./Middlewares/Third_Party/FreeRTOS/Source/timers.o
 .debug_aranges
                0x000016b0       0x80 ./Middlewares/Third_Party/FreeRTOS/Source/portable/GCC/ARM_CM4F/port.o
 .debug_aranges
                0x00001730       0x58 ./Middlewares/Third_Party/FreeRTOS/Source/portable/MemMang/heap_4.o

.debug_rnglists
                0x00000000     0x1269
 .debug_rnglists
                0x00000000       0x38 ./Core/Src/eeprom_25lc256.o
 .debug_rnglists
                0x00000038       0x5a ./Core/Src/main.o
 .debug_rnglists
                0x00000092       0x19 ./Core/Src/pmic_mp5475gu.o
 .debug_rnglists
                0x000000ab       0x56 ./Core/Src/stm32f4xx_hal_msp.o
 .debug_rnglists
                0x00000101       0xa9 ./Core/Src/stm32f4xx_it.o
 .debug_rnglists
                0x000001aa       0x1a ./Core/Src/system_stm32f4xx.o
 .debug_rnglists
                0x000001c4       0x58 ./Core/Src/tasks.o
 .debug_rnglists
                0x0000021c       0x19 ./Core/Src/yj_can.o
 .debug_rnglists
                0x00000235       0x19 ./Core/Startup/startup_stm32f413zhtx.o
 .debug_rnglists
                0x0000024e       0xaf ./Drivers/STM32F4xx_HAL_Driver/Src/stm32f4xx_hal.o
 .debug_rnglists
                0x000002fd       0xb5 ./Drivers/STM32F4xx_HAL_Driver/Src/stm32f4xx_hal_adc.o
 .debug_rnglists