../Core/Src/main.c:145:5:main	8	static
../Core/Src/main.c:253:6:SystemClock_Config	88	static
../Core/Src/main.c:293:13:MX_ADC1_Init	24	static
../Core/Src/main.c:343:13:MX_CAN1_Init	8	static
../Core/Src/main.c:380:13:MX_I2C1_Init	8	static
../Core/Src/main.c:414:13:MX_I2C2_Init	8	static
../Core/Src/main.c:448:13:MX_SPI1_Init	8	static
../Core/Src/main.c:486:13:MX_SPI2_Init	8	static
../Core/Src/main.c:524:13:MX_UART4_Init	8	static
../Core/Src/main.c:555:13:MX_DMA_Init	16	static
../Core/Src/main.c:595:13:MX_GPIO_Init	48	static
../Core/Src/main.c:633:6:Error_Handler	4	static,ignoring_inline_asm
