../Core/Src/main.c:160:5:main	8	static
../Core/Src/main.c:273:6:SystemClock_Config	88	static
../Core/Src/main.c:313:13:MX_ADC1_Init	24	static
../Core/Src/main.c:363:13:MX_CAN1_Init	8	static
../Core/Src/main.c:400:13:MX_I2C1_Init	8	static
../Core/Src/main.c:434:13:MX_I2C2_Init	8	static
../Core/Src/main.c:468:13:MX_SPI1_Init	8	static
../Core/Src/main.c:506:13:MX_SPI2_Init	8	static
../Core/Src/main.c:544:13:MX_UART4_Init	8	static
../Core/Src/main.c:575:13:MX_DMA_Init	16	static
../Core/Src/main.c:615:13:MX_GPIO_Init	48	static
../Core/Src/main.c:653:6:Error_Handler	4	static,ignoring_inline_asm
