../Core/Src/main.c:144:5:main	8	static
../Core/Src/main.c:249:6:SystemClock_Config	88	static
../Core/Src/main.c:289:13:MX_ADC1_Init	24	static
../Core/Src/main.c:339:13:MX_CAN1_Init	8	static
../Core/Src/main.c:376:13:MX_I2C1_Init	8	static
../Core/Src/main.c:410:13:MX_I2C2_Init	8	static
../Core/Src/main.c:444:13:MX_SPI1_Init	8	static
../Core/Src/main.c:482:13:MX_SPI2_Init	8	static
../Core/Src/main.c:520:13:MX_UART4_Init	8	static
../Core/Src/main.c:551:13:MX_DMA_Init	16	static
../Core/Src/main.c:591:13:MX_GPIO_Init	48	static
../Core/Src/main.c:632:6:StartDefaultTask	16	static
../Core/Src/main.c:650:6:StartI2CTask	16	static
../Core/Src/main.c:681:6:StartSPITask	16	static
../Core/Src/main.c:699:6:StartCANTask	16	static
../Core/Src/main.c:717:6:StartUARTTask	16	static
../Core/Src/main.c:732:6:Error_Handler	4	static,ignoring_inline_asm
